/opt/gcc-arm-none-eabi-10.3-2021.10/arm-none-eabi/include/c++/10.3.1/bits/basic_string.tcc:132:5:std::__cxx11::basic_string<_CharT, _Traits, _Alloc>::pointer std::__cxx11::basic_string<_CharT, _Traits, _Alloc>::_M_create(std::__cxx11::basic_string<_CharT, _Traits, _Alloc>::size_type&, std::__cxx11::basic_string<_CharT, _Traits, _Alloc>::size_type) [with _CharT = char; _Traits = std::char_traits<char>; _Alloc = std::allocator<char>]	8	static
/home/shiva/shiv_infinitime/src/components/ble/NavigationService.cpp:46:1:Pinetime::Controllers::NavigationService::NavigationService()	24	static
/home/shiva/shiv_infinitime/src/components/ble/NavigationService.cpp:73:6:void Pinetime::Controllers::NavigationService::Init()	8	static
/home/shiva/shiv_infinitime/src/components/ble/NavigationService.cpp:115:5:int Pinetime::Controllers::NavigationService::getProgress()	0	static
/opt/gcc-arm-none-eabi-10.3-2021.10/arm-none-eabi/include/c++/10.3.1/bits/basic_string.h:363:7:static void std::__cxx11::basic_string<_CharT, _Traits, _Alloc>::_S_move(_CharT*, const _CharT*, std::__cxx11::basic_string<_CharT, _Traits, _Alloc>::size_type) [with _CharT = char; _Traits = std::char_traits<char>; _Alloc = std::allocator<char>]	8	static
/opt/gcc-arm-none-eabi-10.3-2021.10/arm-none-eabi/include/c++/10.3.1/bits/basic_string.h:354:7:static void std::__cxx11::basic_string<_CharT, _Traits, _Alloc>::_S_copy(_CharT*, const _CharT*, std::__cxx11::basic_string<_CharT, _Traits, _Alloc>::size_type) [with _CharT = char; _Traits = std::char_traits<char>; _Alloc = std::allocator<char>]	8	static
/opt/gcc-arm-none-eabi-10.3-2021.10/arm-none-eabi/include/c++/10.3.1/bits/basic_string.h:456:7:std::__cxx11::basic_string<_CharT, _Traits, _Alloc>::basic_string(const std::__cxx11::basic_string<_CharT, _Traits, _Alloc>&) [with _CharT = char; _Traits = std::char_traits<char>; _Alloc = std::allocator<char>]	24	static
/home/shiva/shiv_infinitime/src/components/ble/NavigationService.cpp:103:13:std::string Pinetime::Controllers::NavigationService::getFlag()	8	static
/home/shiva/shiv_infinitime/src/components/ble/NavigationService.cpp:107:13:std::string Pinetime::Controllers::NavigationService::getNarrative()	8	static
/home/shiva/shiv_infinitime/src/components/ble/NavigationService.cpp:111:13:std::string Pinetime::Controllers::NavigationService::getManDist()	8	static
/opt/gcc-arm-none-eabi-10.3-2021.10/arm-none-eabi/include/c++/10.3.1/bits/basic_string.h:688:7:std::__cxx11::basic_string<_CharT, _Traits, _Alloc>& std::__cxx11::basic_string<_CharT, _Traits, _Alloc>::operator=(const _CharT*) [with _CharT = char; _Traits = std::char_traits<char>; _Alloc = std::allocator<char>]	32	static
/home/shiva/shiv_infinitime/src/components/ble/NavigationService.cpp:82:5:int Pinetime::Controllers::NavigationService::OnCommand(ble_gatt_access_ctxt*)	24	dynamic
/home/shiva/shiv_infinitime/src/components/ble/NavigationService.cpp:40:7:int {anonymous}::NAVCallback(uint16_t, uint16_t, ble_gatt_access_ctxt*, void*)	0	static
