/home/shiva/nRF5_SDK/nRF5_SDK_15.3.0_59ac345/modules/nrfx/soc/nrfx_atomic.c:54:10:nrfx_atomic_u32_fetch_store	0	static
/home/shiva/nRF5_SDK/nRF5_SDK_15.3.0_59ac345/modules/nrfx/soc/nrfx_atomic.c:73:10:nrfx_atomic_u32_store	0	static
/home/shiva/nRF5_SDK/nRF5_SDK_15.3.0_59ac345/modules/nrfx/soc/nrfx_atomic.c:92:10:nrfx_atomic_u32_fetch_or	0	static
/home/shiva/nRF5_SDK/nRF5_SDK_15.3.0_59ac345/modules/nrfx/soc/nrfx_atomic.c:111:10:nrfx_atomic_u32_or	0	static
/home/shiva/nRF5_SDK/nRF5_SDK_15.3.0_59ac345/modules/nrfx/soc/nrfx_atomic.c:130:10:nrfx_atomic_u32_fetch_and	0	static
/home/shiva/nRF5_SDK/nRF5_SDK_15.3.0_59ac345/modules/nrfx/soc/nrfx_atomic.c:149:10:nrfx_atomic_u32_and	0	static
/home/shiva/nRF5_SDK/nRF5_SDK_15.3.0_59ac345/modules/nrfx/soc/nrfx_atomic.c:168:10:nrfx_atomic_u32_fetch_xor	0	static
/home/shiva/nRF5_SDK/nRF5_SDK_15.3.0_59ac345/modules/nrfx/soc/nrfx_atomic.c:187:10:nrfx_atomic_u32_xor	0	static
/home/shiva/nRF5_SDK/nRF5_SDK_15.3.0_59ac345/modules/nrfx/soc/nrfx_atomic.c:206:10:nrfx_atomic_u32_fetch_add	0	static
/home/shiva/nRF5_SDK/nRF5_SDK_15.3.0_59ac345/modules/nrfx/soc/nrfx_atomic.c:225:10:nrfx_atomic_u32_add	0	static
/home/shiva/nRF5_SDK/nRF5_SDK_15.3.0_59ac345/modules/nrfx/soc/nrfx_atomic.c:244:10:nrfx_atomic_u32_fetch_sub	0	static
/home/shiva/nRF5_SDK/nRF5_SDK_15.3.0_59ac345/modules/nrfx/soc/nrfx_atomic.c:263:10:nrfx_atomic_u32_sub	0	static
/home/shiva/nRF5_SDK/nRF5_SDK_15.3.0_59ac345/modules/nrfx/soc/nrfx_atomic.c:282:6:nrfx_atomic_u32_cmp_exch	8	static
/home/shiva/nRF5_SDK/nRF5_SDK_15.3.0_59ac345/modules/nrfx/soc/nrfx_atomic.c:313:10:nrfx_atomic_u32_fetch_sub_hs	0	static
/home/shiva/nRF5_SDK/nRF5_SDK_15.3.0_59ac345/modules/nrfx/soc/nrfx_atomic.c:345:10:nrfx_atomic_u32_sub_hs	0	static
/home/shiva/nRF5_SDK/nRF5_SDK_15.3.0_59ac345/modules/nrfx/soc/nrfx_atomic.c:377:10:nrfx_atomic_flag_set_fetch	0	static
/home/shiva/nRF5_SDK/nRF5_SDK_15.3.0_59ac345/modules/nrfx/soc/nrfx_atomic.c:382:10:nrfx_atomic_flag_set	0	static
/home/shiva/nRF5_SDK/nRF5_SDK_15.3.0_59ac345/modules/nrfx/soc/nrfx_atomic.c:387:10:nrfx_atomic_flag_clear_fetch	0	static
/home/shiva/nRF5_SDK/nRF5_SDK_15.3.0_59ac345/modules/nrfx/soc/nrfx_atomic.c:392:10:nrfx_atomic_flag_clear	0	static
