/home/shiva/shiv_infinitime/src/displayapp/screens/Screen.h:14:22:virtual void Pinetime::Applications::Screens::Screen::Refresh()	0	static
/home/shiva/shiv_infinitime/src/displayapp/screens/Screen.h:29:22:virtual bool Pinetime::Applications::Screens::Screen::OnButtonPushed()	0	static
/home/shiva/shiv_infinitime/src/displayapp/screens/Screen.h:35:22:virtual bool Pinetime::Applications::Screens::Screen::OnTouchEvent(Pinetime::Applications::TouchEvents)	0	static
/home/shiva/shiv_infinitime/src/displayapp/screens/Screen.h:39:22:virtual bool Pinetime::Applications::Screens::Screen::OnTouchEvent(uint16_t, uint16_t)	0	static
/home/shiva/shiv_infinitime/src/libs/lvgl/src/lv_core/lv_disp.h:158:26:lv_obj_t* lv_scr_act()	8	static
/home/shiva/shiv_infinitime/src/displayapp/screens/settings/QuickSettings.cpp:126:1:Pinetime::Applications::Screens::QuickSettings::~QuickSettings()	8	static
/home/shiva/shiv_infinitime/src/displayapp/screens/settings/QuickSettings.cpp:126:1:virtual Pinetime::Applications::Screens::QuickSettings::~QuickSettings()	8	static
/home/shiva/shiv_infinitime/src/displayapp/screens/settings/QuickSettings.cpp:133:6:void Pinetime::Applications::Screens::QuickSettings::UpdateScreen()	40	static
/home/shiva/shiv_infinitime/src/displayapp/screens/settings/QuickSettings.cpp:30:1:Pinetime::Applications::Screens::QuickSettings::QuickSettings(Pinetime::Applications::DisplayApp*, const Pinetime::Controllers::Battery&, Pinetime::Controllers::DateTime&, Pinetime::Controllers::BrightnessController&, Pinetime::Controllers::MotorController&, Pinetime::Controllers::Settings&, const Pinetime::Controllers::Ble&)	48	static
/home/shiva/shiv_infinitime/src/displayapp/screens/settings/QuickSettings.cpp:18:8:void {anonymous}::lv_update_task(_lv_task_t*)	0	static
/home/shiva/shiv_infinitime/src/displayapp/screens/settings/QuickSettings.cpp:138:6:void Pinetime::Applications::Screens::QuickSettings::OnButtonEvent(lv_obj_t*)	16	static
/home/shiva/shiv_infinitime/src/displayapp/screens/settings/QuickSettings.cpp:11:8:void {anonymous}::ButtonEventHandler(lv_obj_t*, lv_event_t)	0	static
