/home/shiva/shiv_infinitime/src/displayapp/screens/Screen.h:14:22:virtual void Pinetime::Applications::Screens::Screen::Refresh()	0	static
/home/shiva/shiv_infinitime/src/displayapp/screens/Screen.h:29:22:virtual bool Pinetime::Applications::Screens::Screen::OnButtonPushed()	0	static
/home/shiva/shiv_infinitime/src/displayapp/screens/Screen.h:35:22:virtual bool Pinetime::Applications::Screens::Screen::OnTouchEvent(Pinetime::Applications::TouchEvents)	0	static
/home/shiva/shiv_infinitime/src/displayapp/screens/Screen.h:39:22:virtual bool Pinetime::Applications::Screens::Screen::OnTouchEvent(uint16_t, uint16_t)	0	static
/home/shiva/shiv_infinitime/src/libs/lvgl/src/lv_core/lv_disp.h:158:26:lv_obj_t* lv_scr_act()	8	static
/home/shiva/shiv_infinitime/src/displayapp/screens/settings/SettingSetDate.cpp:90:1:Pinetime::Applications::Screens::SettingSetDate::~SettingSetDate()	8	static
/home/shiva/shiv_infinitime/src/displayapp/screens/settings/SettingSetDate.cpp:90:1:virtual Pinetime::Applications::Screens::SettingSetDate::~SettingSetDate()	8	static
/home/shiva/shiv_infinitime/src/displayapp/screens/settings/SettingSetDate.cpp:48:1:Pinetime::Applications::Screens::SettingSetDate::SettingSetDate(Pinetime::Controllers::DateTime&, Pinetime::Applications::Screens::SettingSetDateTime&)	48	static
/home/shiva/shiv_infinitime/src/displayapp/screens/settings/SettingSetDate.cpp:94:6:void Pinetime::Applications::Screens::SettingSetDate::HandleButtonPress()	24	static
/home/shiva/shiv_infinitime/src/displayapp/screens/settings/SettingSetDate.cpp:16:8:void {anonymous}::event_handler(lv_obj_t*, lv_event_t)	0	static
/home/shiva/shiv_infinitime/src/displayapp/screens/settings/SettingSetDate.cpp:104:6:void Pinetime::Applications::Screens::SettingSetDate::CheckDay()	0	static
/home/shiva/shiv_infinitime/src/displayapp/screens/settings/SettingSetDate.cpp:23:8:void {anonymous}::ValueChangedHandler(void*)	0	static
