/opt/gcc-arm-none-eabi-10.3-2021.10/arm-none-eabi/include/c++/10.3.1/bits/basic_string.tcc:132:5:std::__cxx11::basic_string<_CharT, _Traits, _Alloc>::pointer std::__cxx11::basic_string<_CharT, _Traits, _Alloc>::_M_create(std::__cxx11::basic_string<_CharT, _Traits, _Alloc>::size_type&, std::__cxx11::basic_string<_CharT, _Traits, _Alloc>::size_type) [with _CharT = char; _Traits = std::char_traits<char>; _Alloc = std::allocator<char>]	8	static
/home/shiva/shiv_infinitime/src/components/ble/MusicService.cpp:116:6:void Pinetime::Controllers::MusicService::Init()	8	static
/home/shiva/shiv_infinitime/src/components/ble/MusicService.cpp:192:6:bool Pinetime::Controllers::MusicService::isPlaying() const	0	static
/home/shiva/shiv_infinitime/src/components/ble/MusicService.cpp:196:7:float Pinetime::Controllers::MusicService::getPlaybackSpeed() const	0	static
/home/shiva/shiv_infinitime/src/components/ble/MusicService.cpp:200:5:int Pinetime::Controllers::MusicService::getProgress() const	16	static
/home/shiva/shiv_infinitime/src/components/ble/MusicService.cpp:208:5:int Pinetime::Controllers::MusicService::getTrackLength() const	0	static
/home/shiva/shiv_infinitime/src/components/ble/MusicService.cpp:212:6:void Pinetime::Controllers::MusicService::event(char)	16	static
/opt/gcc-arm-none-eabi-10.3-2021.10/arm-none-eabi/include/c++/10.3.1/bits/basic_string.h:354:7:static void std::__cxx11::basic_string<_CharT, _Traits, _Alloc>::_S_copy(_CharT*, const _CharT*, std::__cxx11::basic_string<_CharT, _Traits, _Alloc>::size_type) [with _CharT = char; _Traits = std::char_traits<char>; _Alloc = std::allocator<char>]	8	static
/opt/gcc-arm-none-eabi-10.3-2021.10/arm-none-eabi/include/c++/10.3.1/bits/basic_string.h:533:7:std::__cxx11::basic_string<_CharT, _Traits, _Alloc>::basic_string(const _CharT*, const _Alloc&) [with <template-parameter-2-1> = std::allocator<char>; _CharT = char; _Traits = std::char_traits<char>; _Alloc = std::allocator<char>]	24	static
/home/shiva/shiv_infinitime/src/components/ble/MusicService.cpp:56:1:Pinetime::Controllers::MusicService::MusicService(Pinetime::Controllers::NimbleController&)	40	static
/opt/gcc-arm-none-eabi-10.3-2021.10/arm-none-eabi/include/c++/10.3.1/bits/basic_string.h:456:7:std::__cxx11::basic_string<_CharT, _Traits, _Alloc>::basic_string(const std::__cxx11::basic_string<_CharT, _Traits, _Alloc>&) [with _CharT = char; _Traits = std::char_traits<char>; _Alloc = std::allocator<char>]	24	static
/home/shiva/shiv_infinitime/src/components/ble/MusicService.cpp:180:13:std::string Pinetime::Controllers::MusicService::getAlbum() const	8	static
/home/shiva/shiv_infinitime/src/components/ble/MusicService.cpp:184:13:std::string Pinetime::Controllers::MusicService::getArtist() const	8	static
/home/shiva/shiv_infinitime/src/components/ble/MusicService.cpp:188:13:std::string Pinetime::Controllers::MusicService::getTrack() const	8	static
/opt/gcc-arm-none-eabi-10.3-2021.10/arm-none-eabi/include/c++/10.3.1/bits/basic_string.h:363:7:static void std::__cxx11::basic_string<_CharT, _Traits, _Alloc>::_S_move(_CharT*, const _CharT*, std::__cxx11::basic_string<_CharT, _Traits, _Alloc>::size_type) [with _CharT = char; _Traits = std::char_traits<char>; _Alloc = std::allocator<char>]	8	static
/opt/gcc-arm-none-eabi-10.3-2021.10/arm-none-eabi/include/c++/10.3.1/bits/basic_string.h:688:7:std::__cxx11::basic_string<_CharT, _Traits, _Alloc>& std::__cxx11::basic_string<_CharT, _Traits, _Alloc>::operator=(const _CharT*) [with _CharT = char; _Traits = std::char_traits<char>; _Alloc = std::allocator<char>]	32	static
/home/shiva/shiv_infinitime/src/components/ble/MusicService.cpp:125:5:int Pinetime::Controllers::MusicService::OnCommand(ble_gatt_access_ctxt*)	32	dynamic
/home/shiva/shiv_infinitime/src/components/ble/MusicService.cpp:51:7:int {anonymous}::MusicCallback(uint16_t, uint16_t, ble_gatt_access_ctxt*, void*)	0	static
