/home/shiva/shiv_infinitime/src/FreeRTOS/heap_4_infinitime.c:389:13:prvInsertBlockIntoFreeList	8	static
/home/shiva/nRF5_SDK/nRF5_SDK_15.3.0_59ac345/external/freertos/source/include/portable.h:130:7:pvPortMalloc	24	static
/home/shiva/nRF5_SDK/nRF5_SDK_15.3.0_59ac345/external/freertos/source/include/portable.h:131:6:vPortFree	8	static
/home/shiva/nRF5_SDK/nRF5_SDK_15.3.0_59ac345/external/freertos/source/include/portable.h:133:8:xPortGetFreeHeapSize	0	static
/home/shiva/nRF5_SDK/nRF5_SDK_15.3.0_59ac345/external/freertos/source/include/portable.h:134:8:xPortGetMinimumEverFreeHeapSize	0	static
/home/shiva/nRF5_SDK/nRF5_SDK_15.3.0_59ac345/external/freertos/source/include/portable.h:132:6:vPortInitialiseBlocks	0	static
/home/shiva/shiv_infinitime/src/FreeRTOS/heap_4_infinitime.c:451:7:pvPortRealloc	24	static
