/home/shiva/shiv_infinitime/src/libs/mynewt-nimble/nimble/host/src/ble_att_clt.c:34:1:ble_att_clt_rx_error	16	static
/home/shiva/shiv_infinitime/src/libs/mynewt-nimble/nimble/host/src/ble_att_clt.c:57:1:ble_att_clt_tx_mtu	32	static
/home/shiva/shiv_infinitime/src/libs/mynewt-nimble/nimble/host/src/ble_att_clt.c:110:1:ble_att_clt_rx_mtu	24	static
/home/shiva/shiv_infinitime/src/libs/mynewt-nimble/nimble/host/src/ble_att_clt.c:147:1:ble_att_clt_tx_find_info	24	static
/home/shiva/shiv_infinitime/src/libs/mynewt-nimble/nimble/host/src/ble_att_clt.c:224:1:ble_att_clt_rx_find_info	56	static
/home/shiva/shiv_infinitime/src/libs/mynewt-nimble/nimble/host/src/ble_att_clt.c:271:1:ble_att_clt_tx_find_type_value	32	static
/home/shiva/shiv_infinitime/src/libs/mynewt-nimble/nimble/host/src/ble_att_clt.c:323:1:ble_att_clt_rx_find_type_value	24	static
/home/shiva/shiv_infinitime/src/libs/mynewt-nimble/nimble/host/src/ble_att_clt.c:354:1:ble_att_clt_tx_read_type	32	static
/home/shiva/shiv_infinitime/src/libs/mynewt-nimble/nimble/host/src/ble_att_clt.c:383:1:ble_att_clt_rx_read_type	40	static
/home/shiva/shiv_infinitime/src/libs/mynewt-nimble/nimble/host/src/ble_att_clt.c:441:1:ble_att_clt_tx_read	24	static
/home/shiva/shiv_infinitime/src/libs/mynewt-nimble/nimble/host/src/ble_att_clt.c:471:1:ble_att_clt_rx_read	8	static
/home/shiva/shiv_infinitime/src/libs/mynewt-nimble/nimble/host/src/ble_att_clt.c:487:1:ble_att_clt_tx_read_blob	24	static
/home/shiva/shiv_infinitime/src/libs/mynewt-nimble/nimble/host/src/ble_att_clt.c:518:1:ble_att_clt_rx_read_blob	8	static
/home/shiva/shiv_infinitime/src/libs/mynewt-nimble/nimble/host/src/ble_att_clt.c:533:1:ble_att_clt_tx_read_mult	24	static
/home/shiva/shiv_infinitime/src/libs/mynewt-nimble/nimble/host/src/ble_att_clt.c:563:1:ble_att_clt_rx_read_mult	8	static
/home/shiva/shiv_infinitime/src/libs/mynewt-nimble/nimble/host/src/ble_att_clt.c:579:1:ble_att_clt_tx_read_group_type	32	static
/home/shiva/shiv_infinitime/src/libs/mynewt-nimble/nimble/host/src/ble_att_clt.c:632:1:ble_att_clt_rx_read_group_type	40	static
/home/shiva/shiv_infinitime/src/libs/mynewt-nimble/nimble/host/src/ble_att_clt.c:677:1:ble_att_clt_tx_write_req	24	static
/home/shiva/shiv_infinitime/src/libs/mynewt-nimble/nimble/host/src/ble_att_clt.c:700:1:ble_att_clt_tx_write_cmd	32	static
/home/shiva/shiv_infinitime/src/libs/mynewt-nimble/nimble/host/src/ble_att_clt.c:737:1:ble_att_clt_rx_write	8	static
/home/shiva/shiv_infinitime/src/libs/mynewt-nimble/nimble/host/src/ble_att_clt.c:753:1:ble_att_clt_tx_prep_write	32	static
/home/shiva/shiv_infinitime/src/libs/mynewt-nimble/nimble/host/src/ble_att_clt.c:798:1:ble_att_clt_rx_prep_write	32	static
/home/shiva/shiv_infinitime/src/libs/mynewt-nimble/nimble/host/src/ble_att_clt.c:836:1:ble_att_clt_tx_exec_write	24	static
/home/shiva/shiv_infinitime/src/libs/mynewt-nimble/nimble/host/src/ble_att_clt.c:862:1:ble_att_clt_rx_exec_write	8	static
/home/shiva/shiv_infinitime/src/libs/mynewt-nimble/nimble/host/src/ble_att_clt.c:877:1:ble_att_clt_tx_notify	24	static
/home/shiva/shiv_infinitime/src/libs/mynewt-nimble/nimble/host/src/ble_att_clt.c:914:1:ble_att_clt_tx_indicate	24	static
/home/shiva/shiv_infinitime/src/libs/mynewt-nimble/nimble/host/src/ble_att_clt.c:947:1:ble_att_clt_rx_indicate	8	static
