/home/shiva/shiv_infinitime/src/libs/mynewt-nimble/nimble/host/src/ble_sm.c:644:1:ble_sm_insert	0	static
/home/shiva/shiv_infinitime/src/libs/mynewt-nimble/nimble/host/src/ble_sm.c:707:1:ble_sm_rx_noop	0	static
/home/shiva/shiv_infinitime/src/libs/mynewt-nimble/nimble/host/src/ble_sm.c:715:1:ble_sm_build_authreq	0	static
/home/shiva/shiv_infinitime/src/libs/mynewt-nimble/nimble/host/src/ble_sm.c:724:1:ble_sm_io_action	0	static
/home/shiva/shiv_infinitime/src/libs/mynewt-nimble/nimble/host/src/ble_sm.c:454:1:ble_sm_fill_store_value	24	static
/home/shiva/shiv_infinitime/src/libs/mynewt-nimble/nimble/host/src/ble_sm.c:1916:1:ble_sm_sec_req_exec	24	static
/home/shiva/shiv_infinitime/src/libs/mynewt-nimble/nimble/host/src/ble_sm.c:2014:1:ble_sm_key_exch_success	24	static
/home/shiva/shiv_infinitime/src/libs/mynewt-nimble/nimble/host/src/ble_sm.c:1051:1:ble_sm_start_encrypt_tx	48	static
/home/shiva/shiv_infinitime/src/libs/mynewt-nimble/nimble/host/src/ble_sm.c:1088:1:ble_sm_enc_restore_exec	8	static
/home/shiva/shiv_infinitime/src/libs/mynewt-nimble/nimble/host/src/ble_sm.c:1066:1:ble_sm_enc_start_exec	40	static
/home/shiva/shiv_infinitime/src/libs/mynewt-nimble/nimble/host/src/ble_sm.c:1237:1:ble_sm_ltk_req_reply_tx	40	static
/home/shiva/shiv_infinitime/src/libs/mynewt-nimble/nimble/host/src/ble_sm.c:1283:1:ble_sm_ltk_start_exec	16	static
/home/shiva/shiv_infinitime/src/libs/mynewt-nimble/nimble/host/src/ble_sm.c:1445:1:ble_sm_random_exec	0	static
/home/shiva/shiv_infinitime/src/libs/mynewt-nimble/nimble/host/src/ble_sm.c:1492:1:ble_sm_confirm_exec	0	static
/home/shiva/shiv_infinitime/src/libs/mynewt-nimble/nimble/host/src/ble_sm.c:400:1:ble_sm_proc_free	0	static
/home/shiva/shiv_infinitime/src/libs/mynewt-nimble/nimble/host/src/ble_sm.c:384:1:ble_sm_proc_alloc	8	static
/home/shiva/shiv_infinitime/src/libs/mynewt-nimble/nimble/host/src/ble_sm.c:1563:1:ble_sm_pair_cfg	24	static
/home/shiva/shiv_infinitime/src/libs/mynewt-nimble/nimble/host/src/ble_sm.c:2193:1:ble_sm_key_rxed	4	static
/home/shiva/shiv_infinitime/src/libs/mynewt-nimble/nimble/host/src/ble_sm.c:415:1:ble_sm_proc_remove.constprop	0	static
/home/shiva/shiv_infinitime/src/libs/mynewt-nimble/nimble/host/src/ble_sm.c:2385:1:ble_sm_fail_rx	16	static
/home/shiva/shiv_infinitime/src/libs/mynewt-nimble/nimble/host/src/ble_sm.c:1261:1:ble_sm_ltk_req_neg_reply_tx.isra	24	static
/home/shiva/shiv_infinitime/src/libs/mynewt-nimble/nimble/host/src/ble_sm.c:1297:1:ble_sm_ltk_restore_exec	16	static
/home/shiva/shiv_infinitime/src/libs/mynewt-nimble/nimble/host/src/ble_sm.c:2030:1:ble_sm_key_exch_exec	64	static
/home/shiva/shiv_infinitime/src/libs/mynewt-nimble/nimble/host/src/ble_sm.c:235:1:ble_sm_num_procs	0	static
/home/shiva/shiv_infinitime/src/libs/mynewt-nimble/nimble/host/src/ble_sm.c:991:1:ble_sm_chk_store_overflow_by_type	24	static
/home/shiva/shiv_infinitime/src/libs/mynewt-nimble/nimble/host/src/ble_sm.c:1027:1:ble_sm_chk_store_overflow	16	static
/home/shiva/shiv_infinitime/src/libs/mynewt-nimble/nimble/host/src/ble_sm.c:250:1:ble_sm_gen_pair_rand	0	static
/home/shiva/shiv_infinitime/src/libs/mynewt-nimble/nimble/host/src/ble_sm.c:488:1:ble_sm_ia_ra	56	static
/home/shiva/shiv_infinitime/src/libs/mynewt-nimble/nimble/host/src/ble_sm.c:620:1:ble_sm_proc_find	16	static
/home/shiva/shiv_infinitime/src/libs/mynewt-nimble/nimble/host/src/ble_sm.c:1743:1:ble_sm_pair_req_rx	208	static
/home/shiva/shiv_infinitime/src/libs/mynewt-nimble/nimble/host/src/ble_sm.c:2210:1:ble_sm_enc_info_rx	24	static
/home/shiva/shiv_infinitime/src/libs/mynewt-nimble/nimble/host/src/ble_sm.c:2244:1:ble_sm_master_id_rx	24	static
/home/shiva/shiv_infinitime/src/libs/mynewt-nimble/nimble/host/src/ble_sm.c:2279:1:ble_sm_id_info_rx	24	static
/home/shiva/shiv_infinitime/src/libs/mynewt-nimble/nimble/host/src/ble_sm.c:2313:1:ble_sm_id_addr_info_rx	24	static
/home/shiva/shiv_infinitime/src/libs/mynewt-nimble/nimble/host/src/ble_sm.c:2347:1:ble_sm_sign_info_rx	24	static
/home/shiva/shiv_infinitime/src/libs/mynewt-nimble/nimble/host/src/ble_sm.c:734:1:ble_sm_ioact_state	0	static
/home/shiva/shiv_infinitime/src/libs/mynewt-nimble/nimble/host/src/ble_sm.c:758:1:ble_sm_proc_can_advance	16	static
/home/shiva/shiv_infinitime/src/libs/mynewt-nimble/nimble/host/src/ble_sm.c:1860:1:ble_sm_pair_rsp_rx	32	static
/home/shiva/shiv_infinitime/src/libs/mynewt-nimble/nimble/host/src/ble_sm.c:1503:1:ble_sm_confirm_rx	32	static
/home/shiva/shiv_infinitime/src/libs/mynewt-nimble/nimble/host/src/ble_sm.c:896:1:ble_sm_process_result	144	static
/home/shiva/shiv_infinitime/src/libs/mynewt-nimble/nimble/host/src/ble_sm.c:1102:1:ble_sm_enc_event_rx	56	static
/home/shiva/shiv_infinitime/src/libs/mynewt-nimble/nimble/host/src/ble_sm.c:2583:1:ble_sm_rx	56	static
/home/shiva/shiv_infinitime/src/libs/mynewt-nimble/nimble/host/src/ble_sm.c:1198:1:ble_sm_enc_change_rx	0	static
/home/shiva/shiv_infinitime/src/libs/mynewt-nimble/nimble/host/src/ble_sm.c:1208:1:ble_sm_enc_key_refresh_rx	0	static
/home/shiva/shiv_infinitime/src/libs/mynewt-nimble/nimble/host/src/ble_sm.c:1334:1:ble_sm_ltk_req_rx	208	static
/home/shiva/shiv_infinitime/src/libs/mynewt-nimble/nimble/host/src/ble_sm.c:1425:1:ble_sm_our_pair_rand	0	static
/home/shiva/shiv_infinitime/src/libs/mynewt-nimble/nimble/host/src/ble_sm.c:1668:1:ble_sm_pair_exec	32	static
/home/shiva/shiv_infinitime/src/libs/mynewt-nimble/nimble/host/src/ble_sm.c:1435:1:ble_sm_peer_pair_rand	0	static
/home/shiva/shiv_infinitime/src/libs/mynewt-nimble/nimble/host/src/ble_sm.c:1456:1:ble_sm_random_rx	24	static
/home/shiva/shiv_infinitime/src/libs/mynewt-nimble/nimble/host/src/ble_sm.c:2411:1:ble_sm_timer	32	static
/home/shiva/shiv_infinitime/src/libs/mynewt-nimble/nimble/host/src/ble_sm.c:2442:1:ble_sm_pair_initiate	40	static
/home/shiva/shiv_infinitime/src/libs/mynewt-nimble/nimble/host/src/ble_sm.c:2491:1:ble_sm_slave_initiate	40	static
/home/shiva/shiv_infinitime/src/libs/mynewt-nimble/nimble/host/src/ble_sm.c:2533:1:ble_sm_enc_initiate	80	static
/home/shiva/shiv_infinitime/src/libs/mynewt-nimble/nimble/host/src/ble_sm.c:1938:1:ble_sm_sec_req_rx	184	static
/home/shiva/shiv_infinitime/src/libs/mynewt-nimble/nimble/host/include/host/ble_sm.h:114:5:ble_sm_inject_io	48	static
/home/shiva/shiv_infinitime/src/libs/mynewt-nimble/nimble/host/src/ble_sm.c:2734:1:ble_sm_connection_broken	32	static
/home/shiva/shiv_infinitime/src/libs/mynewt-nimble/nimble/host/src/ble_sm.c:2746:1:ble_sm_init	16	static
/home/shiva/shiv_infinitime/src/libs/mynewt-nimble/nimble/host/src/ble_sm.c:2799:1:ble_sm_create_chan	8	static
