/home/shiva/shiv_infinitime/src/libs/mynewt-nimble/nimble/host/include/host/ble_uuid.h:133:5:ble_uuid_init_from_buf	8	static
/home/shiva/shiv_infinitime/src/libs/mynewt-nimble/nimble/host/include/host/ble_uuid.h:142:5:ble_uuid_cmp	0	static
/home/shiva/shiv_infinitime/src/libs/mynewt-nimble/nimble/host/include/host/ble_uuid.h:149:6:ble_uuid_copy	12	static
/home/shiva/shiv_infinitime/src/libs/mynewt-nimble/nimble/host/include/host/ble_uuid.h:163:7:ble_uuid_to_str	64	static
/home/shiva/shiv_infinitime/src/libs/mynewt-nimble/nimble/host/include/host/ble_uuid.h:172:10:ble_uuid_u16	0	static
/home/shiva/shiv_infinitime/src/libs/mynewt-nimble/nimble/host/src/ble_uuid.c:168:1:ble_uuid_init_from_att_buf	8	static
/home/shiva/shiv_infinitime/src/libs/mynewt-nimble/nimble/host/src/ble_uuid.c:151:1:ble_uuid_init_from_att_mbuf	32	static
/home/shiva/shiv_infinitime/src/libs/mynewt-nimble/nimble/host/src/ble_uuid.c:186:1:ble_uuid_to_any	8	static
/home/shiva/shiv_infinitime/src/libs/mynewt-nimble/nimble/host/src/ble_uuid.c:232:1:ble_uuid_flat	16	static
/home/shiva/shiv_infinitime/src/libs/mynewt-nimble/nimble/host/src/ble_uuid.c:212:1:ble_uuid_to_mbuf	8	static
/home/shiva/shiv_infinitime/src/libs/mynewt-nimble/nimble/host/src/ble_uuid.c:255:1:ble_uuid_length	0	static
