/home/shiva/shiv_infinitime/src/libs/mynewt-nimble/nimble/host/src/ble_att.c:455:1:ble_att_rx_handle_unknown_request	32	static
/home/shiva/shiv_infinitime/src/libs/mynewt-nimble/nimble/host/src/ble_att.c:471:1:ble_att_rx	32	static
/home/shiva/shiv_infinitime/src/libs/mynewt-nimble/nimble/host/src/ble_att.c:146:1:ble_att_conn_chan_find	0	static
/home/shiva/shiv_infinitime/src/libs/mynewt-nimble/nimble/host/src/ble_att.c:154:1:ble_att_inc_tx_stat	0	static
/home/shiva/shiv_infinitime/src/libs/mynewt-nimble/nimble/host/src/ble_att.c:424:1:ble_att_set_peer_mtu	0	static
/home/shiva/shiv_infinitime/src/libs/mynewt-nimble/nimble/host/src/ble_att.c:434:1:ble_att_chan_mtu	8	static
/home/shiva/shiv_infinitime/src/libs/mynewt-nimble/nimble/host/src/ble_att.c:388:1:ble_att_truncate_to_mtu	8	static
/home/shiva/shiv_infinitime/src/libs/mynewt-nimble/nimble/host/include/host/ble_att.h:158:10:ble_att_mtu	24	static
/home/shiva/shiv_infinitime/src/libs/mynewt-nimble/nimble/host/include/host/ble_att.h:166:10:ble_att_preferred_mtu	0	static
/home/shiva/shiv_infinitime/src/libs/mynewt-nimble/nimble/host/include/host/ble_att.h:184:5:ble_att_set_preferred_mtu	16	static
/home/shiva/shiv_infinitime/src/libs/mynewt-nimble/nimble/host/src/ble_att.c:557:1:ble_att_create_chan	8	static
/home/shiva/shiv_infinitime/src/libs/mynewt-nimble/nimble/host/src/ble_att.c:575:1:ble_att_init	0	static
