/home/shiva/shiv_infinitime/src/libs/mynewt-nimble/nimble/host/src/ble_gap.c:391:1:ble_gap_fill_conn_desc	48	static
/home/shiva/shiv_infinitime/src/libs/mynewt-nimble/nimble/host/src/ble_gap.c:5064:1:ble_gap_conn_cancel_tx	16	static
/home/shiva/shiv_infinitime/src/libs/mynewt-nimble/nimble/host/src/ble_gap.c:4093:1:ble_gap_disc_enable_tx	24	static
/home/shiva/shiv_infinitime/src/libs/mynewt-nimble/nimble/host/src/ble_gap.c:2156:1:ble_gap_adv_enable_tx	24	static
/home/shiva/shiv_infinitime/src/libs/mynewt-nimble/nimble/host/src/ble_gap.c:5186:1:ble_gap_update_entry_remove	16	static
/home/shiva/shiv_infinitime/src/libs/mynewt-nimble/nimble/host/src/ble_gap.c:719:1:ble_gap_master_reset_state	0	static
/home/shiva/shiv_infinitime/src/libs/mynewt-nimble/nimble/host/src/ble_gap.c:752:1:ble_gap_master_extract_state	24	static
/home/shiva/shiv_infinitime/src/libs/mynewt-nimble/nimble/host/src/ble_gap.c:5147:1:ble_gap_update_entry_free	0	static
/home/shiva/shiv_infinitime/src/libs/mynewt-nimble/nimble/host/src/ble_gap.c:655:1:ble_gap_call_event_cb	4	static
/home/shiva/shiv_infinitime/src/libs/mynewt-nimble/nimble/host/src/ble_gap.c:678:1:ble_gap_call_conn_event_cb	32	static
/home/shiva/shiv_infinitime/src/libs/mynewt-nimble/nimble/host/src/ble_gap.c:698:1:ble_gap_is_preempted	0	static
/home/shiva/shiv_infinitime/src/libs/mynewt-nimble/nimble/host/src/ble_gap.c:6027:1:ble_gap_event_listener_call.isra	16	static
/home/shiva/shiv_infinitime/src/libs/mynewt-nimble/nimble/host/src/ble_gap.c:876:1:ble_gap_disc_complete	80	static
/home/shiva/shiv_infinitime/src/libs/mynewt-nimble/nimble/host/src/ble_gap.c:1029:1:ble_gap_master_failed	80	static
/home/shiva/shiv_infinitime/src/libs/mynewt-nimble/nimble/host/src/ble_gap.c:782:1:ble_gap_adv_finished.constprop	72	static
/home/shiva/shiv_infinitime/src/libs/mynewt-nimble/nimble/host/src/ble_gap.c:1946:1:ble_gap_slave_timer	16	static
/home/shiva/shiv_infinitime/src/libs/mynewt-nimble/nimble/host/src/ble_gap.c:2168:1:ble_gap_adv_stop_no_lock	16	static
/home/shiva/shiv_infinitime/src/libs/mynewt-nimble/nimble/host/include/host/ble_gap.h:1002:5:ble_gap_conn_find	24	static
/home/shiva/shiv_infinitime/src/libs/mynewt-nimble/nimble/host/include/host/ble_gap.h:1017:5:ble_gap_conn_find_by_addr	24	static
/home/shiva/shiv_infinitime/src/libs/mynewt-nimble/nimble/host/include/host/ble_gap.h:1933:5:ble_gap_set_priv_mode	0	static
/home/shiva/shiv_infinitime/src/libs/mynewt-nimble/nimble/host/include/host/ble_gap.h:1955:5:ble_gap_read_le_phy	40	static
/home/shiva/shiv_infinitime/src/libs/mynewt-nimble/nimble/host/include/host/ble_gap.h:1979:5:ble_gap_set_prefered_default_le_phy	32	static
/home/shiva/shiv_infinitime/src/libs/mynewt-nimble/nimble/host/include/host/ble_gap.h:2008:5:ble_gap_set_prefered_le_phy	40	static
/home/shiva/shiv_infinitime/src/libs/mynewt-nimble/nimble/host/src/ble_gap.c:1238:1:ble_gap_master_in_progress	0	static
/home/shiva/shiv_infinitime/src/libs/mynewt-nimble/nimble/host/src/ble_gap.c:1374:1:ble_gap_rx_adv_report	88	static
/home/shiva/shiv_infinitime/src/libs/mynewt-nimble/nimble/host/src/ble_gap.c:1699:1:ble_gap_rx_conn_complete	104	static
/home/shiva/shiv_infinitime/src/libs/mynewt-nimble/nimble/host/src/ble_gap.c:1839:1:ble_gap_rx_rd_rem_sup_feat_complete	16	static
/home/shiva/shiv_infinitime/src/libs/mynewt-nimble/nimble/host/src/ble_gap.c:1856:1:ble_gap_rx_l2cap_update_req	72	static
/home/shiva/shiv_infinitime/src/libs/mynewt-nimble/nimble/host/src/ble_gap.c:1872:1:ble_gap_rx_phy_update_complete	72	static
/home/shiva/shiv_infinitime/src/libs/mynewt-nimble/nimble/host/include/host/ble_gap.h:1033:5:ble_gap_set_event_cb	24	static
/home/shiva/shiv_infinitime/src/libs/mynewt-nimble/nimble/host/src/ble_gap.c:2032:1:ble_gap_timer	24	static
/home/shiva/shiv_infinitime/src/libs/mynewt-nimble/nimble/host/include/host/ble_gap.h:1781:5:ble_gap_wl_set	40	static
/home/shiva/shiv_infinitime/src/libs/mynewt-nimble/nimble/host/include/host/ble_gap.h:1089:5:ble_gap_adv_stop	16	static
/home/shiva/shiv_infinitime/src/libs/mynewt-nimble/nimble/host/include/host/ble_gap.h:1064:5:ble_gap_adv_start	72	static
/home/shiva/shiv_infinitime/src/libs/mynewt-nimble/nimble/host/include/host/ble_gap.h:1107:5:ble_gap_adv_set_data	48	static
/home/shiva/shiv_infinitime/src/libs/mynewt-nimble/nimble/host/include/host/ble_gap.h:1118:5:ble_gap_adv_rsp_set_data	48	static
/home/shiva/shiv_infinitime/src/libs/mynewt-nimble/nimble/host/include/host/ble_gap.h:1132:5:ble_gap_adv_set_fields	48	static
/home/shiva/shiv_infinitime/src/libs/mynewt-nimble/nimble/host/include/host/ble_gap.h:1146:5:ble_gap_adv_rsp_set_fields	48	static
/home/shiva/shiv_infinitime/src/libs/mynewt-nimble/nimble/host/include/host/ble_gap.h:1096:5:ble_gap_adv_active	0	static
/home/shiva/shiv_infinitime/src/libs/mynewt-nimble/nimble/host/include/host/ble_gap.h:1630:5:ble_gap_disc_cancel	8	static
/home/shiva/shiv_infinitime/src/libs/mynewt-nimble/nimble/host/include/host/ble_gap.h:1613:5:ble_gap_ext_disc	0	static
/home/shiva/shiv_infinitime/src/libs/mynewt-nimble/nimble/host/include/host/ble_gap.h:1569:5:ble_gap_disc	88	static
/home/shiva/shiv_infinitime/src/libs/mynewt-nimble/nimble/host/include/host/ble_gap.h:1638:5:ble_gap_disc_active	0	static
/home/shiva/shiv_infinitime/src/libs/mynewt-nimble/nimble/host/include/host/ble_gap.h:1677:5:ble_gap_connect	72	static
/home/shiva/shiv_infinitime/src/libs/mynewt-nimble/nimble/host/include/host/ble_gap.h:1756:5:ble_gap_conn_active	0	static
/home/shiva/shiv_infinitime/src/libs/mynewt-nimble/nimble/host/src/ble_gap.c:5004:1:ble_gap_terminate_with_conn	24	static
/home/shiva/shiv_infinitime/src/libs/mynewt-nimble/nimble/host/include/host/ble_gap.h:1771:5:ble_gap_terminate	16	static
/home/shiva/shiv_infinitime/src/libs/mynewt-nimble/nimble/host/src/ble_gap.c:895:1:ble_gap_update_notify	72	static
/home/shiva/shiv_infinitime/src/libs/mynewt-nimble/nimble/host/src/ble_gap.c:1071:1:ble_gap_conn_broken	80	static
/home/shiva/shiv_infinitime/src/libs/mynewt-nimble/nimble/host/src/ble_gap.c:1133:1:ble_gap_rx_disconn_complete	72	static
/home/shiva/shiv_infinitime/src/libs/mynewt-nimble/nimble/host/src/ble_gap.c:1255:1:ble_gap_reset_state	16	static
/home/shiva/shiv_infinitime/src/libs/mynewt-nimble/nimble/host/src/ble_gap.c:1156:1:ble_gap_rx_update_complete	80	static
/home/shiva/shiv_infinitime/src/libs/mynewt-nimble/nimble/host/src/ble_gap.c:5206:1:ble_gap_update_l2cap_cb	16	static
/home/shiva/shiv_infinitime/src/libs/mynewt-nimble/nimble/host/include/host/ble_gap.h:1748:5:ble_gap_conn_cancel	16	static
/home/shiva/shiv_infinitime/src/libs/mynewt-nimble/nimble/host/src/ble_gap.c:5261:1:ble_gap_rx_param_req	136	static
/home/shiva/shiv_infinitime/src/libs/mynewt-nimble/nimble/host/include/host/ble_gap.h:1801:5:ble_gap_update_params	56	static
/home/shiva/shiv_infinitime/src/libs/mynewt-nimble/nimble/host/include/host/ble_gap.h:1820:5:ble_gap_security_initiate	176	static
/home/shiva/shiv_infinitime/src/libs/mynewt-nimble/nimble/host/include/host/ble_gap.h:1836:5:ble_gap_pair_initiate	0	static
/home/shiva/shiv_infinitime/src/libs/mynewt-nimble/nimble/host/include/host/ble_gap.h:1858:5:ble_gap_encryption_initiate	48	static
/home/shiva/shiv_infinitime/src/libs/mynewt-nimble/nimble/host/include/host/ble_gap.h:1890:5:ble_gap_unpair	24	static
/home/shiva/shiv_infinitime/src/libs/mynewt-nimble/nimble/host/include/host/ble_gap.h:1903:5:ble_gap_unpair_oldest_peer	24	static
/home/shiva/shiv_infinitime/src/libs/mynewt-nimble/nimble/host/include/host/ble_gap.h:1917:5:ble_gap_unpair_oldest_except	56	static
/home/shiva/shiv_infinitime/src/libs/mynewt-nimble/nimble/host/src/ble_gap.c:5639:1:ble_gap_passkey_event	72	static
/home/shiva/shiv_infinitime/src/libs/mynewt-nimble/nimble/host/src/ble_gap.c:5657:1:ble_gap_enc_event	80	static
/home/shiva/shiv_infinitime/src/libs/mynewt-nimble/nimble/host/src/ble_gap.c:5694:1:ble_gap_identity_event	64	static
/home/shiva/shiv_infinitime/src/libs/mynewt-nimble/nimble/host/src/ble_gap.c:5709:1:ble_gap_repeat_pairing_event	64	static
/home/shiva/shiv_infinitime/src/libs/mynewt-nimble/nimble/host/include/host/ble_gap.h:1875:5:ble_gap_conn_rssi	0	static
/home/shiva/shiv_infinitime/src/libs/mynewt-nimble/nimble/host/src/ble_gap.c:5743:1:ble_gap_notify_rx_event	80	static
/home/shiva/shiv_infinitime/src/libs/mynewt-nimble/nimble/host/src/ble_gap.c:5765:1:ble_gap_notify_tx_event	80	static
/home/shiva/shiv_infinitime/src/libs/mynewt-nimble/nimble/host/src/ble_gap.c:5787:1:ble_gap_subscribe_event	80	static
/home/shiva/shiv_infinitime/src/libs/mynewt-nimble/nimble/host/src/ble_gap.c:5819:1:ble_gap_mtu_event	72	static
/home/shiva/shiv_infinitime/src/libs/mynewt-nimble/nimble/host/src/ble_gap.c:5838:1:ble_gap_preempt_no_lock	16	static
/home/shiva/shiv_infinitime/src/libs/mynewt-nimble/nimble/host/src/ble_gap.c:5890:1:ble_gap_preempt	8	static
/home/shiva/shiv_infinitime/src/libs/mynewt-nimble/nimble/host/src/ble_gap.c:5910:1:ble_gap_preempt_done	80	static
/home/shiva/shiv_infinitime/src/libs/mynewt-nimble/nimble/host/include/host/ble_gap.h:2037:5:ble_gap_event_listener_register	24	static
/home/shiva/shiv_infinitime/src/libs/mynewt-nimble/nimble/host/include/host/ble_gap.h:2048:5:ble_gap_event_listener_unregister	8	static
/home/shiva/shiv_infinitime/src/libs/mynewt-nimble/nimble/host/src/ble_gap.c:6043:1:ble_gap_init	16	static
