/home/shiva/shiv_infinitime/src/libs/mynewt-nimble/nimble/host/src/ble_hs_hci_evt.c:252:1:ble_hs_hci_evt_le_meta	0	static
/home/shiva/shiv_infinitime/src/libs/mynewt-nimble/nimble/host/src/ble_hs_hci_evt.c:508:1:ble_hs_hci_evt_le_ext_adv_rpt	0	static
/home/shiva/shiv_infinitime/src/libs/mynewt-nimble/nimble/host/src/ble_hs_hci_evt.c:185:1:ble_hs_hci_evt_hw_error	8	static
/home/shiva/shiv_infinitime/src/libs/mynewt-nimble/nimble/host/src/ble_hs_hci_evt.c:199:1:ble_hs_hci_evt_enc_key_refresh	8	static
/home/shiva/shiv_infinitime/src/libs/mynewt-nimble/nimble/host/src/ble_hs_hci_evt.c:170:1:ble_hs_hci_evt_encrypt_change	8	static
/home/shiva/shiv_infinitime/src/libs/mynewt-nimble/nimble/host/src/ble_hs_hci_evt.c:765:1:ble_hs_hci_evt_le_phy_update_complete	8	static
/home/shiva/shiv_infinitime/src/libs/mynewt-nimble/nimble/host/src/ble_hs_hci_evt.c:443:1:ble_hs_hci_evt_le_dir_adv_rpt	40	static
/home/shiva/shiv_infinitime/src/libs/mynewt-nimble/nimble/host/src/ble_hs_hci_evt.c:406:1:ble_hs_hci_evt_le_adv_rpt	48	static
/home/shiva/shiv_infinitime/src/libs/mynewt-nimble/nimble/host/src/ble_hs_hci_evt.c:741:1:ble_hs_hci_evt_le_conn_parm_req	8	static
/home/shiva/shiv_infinitime/src/libs/mynewt-nimble/nimble/host/src/ble_hs_hci_evt.c:727:1:ble_hs_hci_evt_le_lt_key_req	8	static
/home/shiva/shiv_infinitime/src/libs/mynewt-nimble/nimble/host/src/ble_hs_hci_evt.c:472:1:ble_hs_hci_evt_le_rd_rem_used_feat_complete	8	static
/home/shiva/shiv_infinitime/src/libs/mynewt-nimble/nimble/host/src/ble_hs_hci_evt.c:701:1:ble_hs_hci_evt_le_conn_upd_complete	8	static
/home/shiva/shiv_infinitime/src/libs/mynewt-nimble/nimble/host/src/ble_hs_hci_evt.c:141:1:ble_hs_hci_evt_disconn_complete	8	static
/home/shiva/shiv_infinitime/src/libs/mynewt-nimble/nimble/host/src/ble_hs_hci_evt.c:214:1:ble_hs_hci_evt_num_completed_pkts	24	static
/home/shiva/shiv_infinitime/src/libs/mynewt-nimble/nimble/host/src/ble_hs_hci_evt.c:274:1:ble_hs_hci_evt_le_enh_conn_complete	40	static
/home/shiva/shiv_infinitime/src/libs/mynewt-nimble/nimble/host/src/ble_hs_hci_evt.c:318:1:ble_hs_hci_evt_le_conn_complete	40	static
/home/shiva/shiv_infinitime/src/libs/mynewt-nimble/nimble/host/src/ble_hs_hci_evt.c:663:1:ble_hs_hci_evt_le_adv_set_terminated	0	static
/home/shiva/shiv_infinitime/src/libs/mynewt-nimble/nimble/host/src/ble_hs_hci_evt.c:684:1:ble_hs_hci_evt_le_scan_req_rcvd	0	static
/home/shiva/shiv_infinitime/src/libs/mynewt-nimble/nimble/host/src/ble_hs_hci_evt.c:579:1:ble_hs_hci_evt_le_periodic_adv_sync_estab	0	static
/home/shiva/shiv_infinitime/src/libs/mynewt-nimble/nimble/host/src/ble_hs_hci_evt.c:596:1:ble_hs_hci_evt_le_periodic_adv_rpt	0	static
/home/shiva/shiv_infinitime/src/libs/mynewt-nimble/nimble/host/src/ble_hs_hci_evt.c:613:1:ble_hs_hci_evt_le_periodic_adv_sync_lost	0	static
/home/shiva/shiv_infinitime/src/libs/mynewt-nimble/nimble/host/src/ble_hs_hci_evt.c:630:1:ble_hs_hci_evt_le_periodic_adv_sync_transfer	0	static
/home/shiva/shiv_infinitime/src/libs/mynewt-nimble/nimble/host/src/ble_hs_hci_evt.c:647:1:ble_hs_hci_evt_le_scan_timeout	0	static
/home/shiva/shiv_infinitime/src/libs/mynewt-nimble/nimble/host/src/ble_hs_hci_evt.c:780:1:ble_hs_hci_evt_process	16	static
/home/shiva/shiv_infinitime/src/libs/mynewt-nimble/nimble/host/src/ble_hs_hci_evt.c:812:1:ble_hs_hci_evt_acl_process	48	static
