/home/shiva/shiv_infinitime/src/libs/mynewt-nimble/nimble/host/src/ble_gattc.c:870:1:ble_gattc_proc_matches_expired	0	static
/home/shiva/shiv_infinitime/src/libs/mynewt-nimble/nimble/host/src/ble_gattc.c:995:1:ble_gattc_proc_matches_stalled	0	static
/home/shiva/shiv_infinitime/src/libs/mynewt-nimble/nimble/host/src/ble_gattc.c:1201:1:ble_gattc_error	0	static
/home/shiva/shiv_infinitime/src/libs/mynewt-nimble/nimble/host/src/ble_gattc.c:1338:1:ble_gattc_disc_all_svcs_cb	16	static
/home/shiva/shiv_infinitime/src/libs/mynewt-nimble/nimble/host/src/ble_gattc.c:1364:1:ble_gattc_disc_all_svcs_tmo	0	static
/home/shiva/shiv_infinitime/src/libs/mynewt-nimble/nimble/host/src/ble_gattc.c:1414:1:ble_gattc_disc_all_svcs_err	0	static
/home/shiva/shiv_infinitime/src/libs/mynewt-nimble/nimble/host/src/ble_gattc.c:1563:1:ble_gattc_disc_svc_uuid_cb	16	static
/home/shiva/shiv_infinitime/src/libs/mynewt-nimble/nimble/host/src/ble_gattc.c:1589:1:ble_gattc_disc_svc_uuid_tmo	0	static
/home/shiva/shiv_infinitime/src/libs/mynewt-nimble/nimble/host/src/ble_gattc.c:1642:1:ble_gattc_disc_svc_uuid_err	0	static
/home/shiva/shiv_infinitime/src/libs/mynewt-nimble/nimble/host/src/ble_gattc.c:1777:1:ble_gattc_find_inc_svcs_cb	16	static
/home/shiva/shiv_infinitime/src/libs/mynewt-nimble/nimble/host/src/ble_gattc.c:1803:1:ble_gattc_find_inc_svcs_tmo	0	static
/home/shiva/shiv_infinitime/src/libs/mynewt-nimble/nimble/host/src/ble_gattc.c:1863:1:ble_gattc_find_inc_svcs_err	0	static
/home/shiva/shiv_infinitime/src/libs/mynewt-nimble/nimble/host/src/ble_gattc.c:2093:1:ble_gattc_disc_all_chrs_cb	16	static
/home/shiva/shiv_infinitime/src/libs/mynewt-nimble/nimble/host/src/ble_gattc.c:2118:1:ble_gattc_disc_all_chrs_tmo	0	static
/home/shiva/shiv_infinitime/src/libs/mynewt-nimble/nimble/host/src/ble_gattc.c:2169:1:ble_gattc_disc_all_chrs_err	0	static
/home/shiva/shiv_infinitime/src/libs/mynewt-nimble/nimble/host/src/ble_gattc.c:2321:1:ble_gattc_disc_chr_uuid_cb	16	static
/home/shiva/shiv_infinitime/src/libs/mynewt-nimble/nimble/host/src/ble_gattc.c:2346:1:ble_gattc_disc_chr_uuid_tmo	0	static
/home/shiva/shiv_infinitime/src/libs/mynewt-nimble/nimble/host/src/ble_gattc.c:2397:1:ble_gattc_disc_chr_uuid_err	0	static
/home/shiva/shiv_infinitime/src/libs/mynewt-nimble/nimble/host/src/ble_gattc.c:2561:1:ble_gattc_disc_all_dscs_cb	32	static
/home/shiva/shiv_infinitime/src/libs/mynewt-nimble/nimble/host/src/ble_gattc.c:2587:1:ble_gattc_disc_all_dscs_tmo	0	static
/home/shiva/shiv_infinitime/src/libs/mynewt-nimble/nimble/host/src/ble_gattc.c:2636:1:ble_gattc_disc_all_dscs_err	0	static
/home/shiva/shiv_infinitime/src/libs/mynewt-nimble/nimble/host/src/ble_gattc.c:2906:1:ble_gattc_read_uuid_cb	16	static
/home/shiva/shiv_infinitime/src/libs/mynewt-nimble/nimble/host/src/ble_gattc.c:2931:1:ble_gattc_read_uuid_tmo	0	static
/home/shiva/shiv_infinitime/src/libs/mynewt-nimble/nimble/host/src/ble_gattc.c:2944:1:ble_gattc_read_uuid_err	0	static
/home/shiva/shiv_infinitime/src/libs/mynewt-nimble/nimble/host/src/ble_gattc.c:3070:1:ble_gattc_read_long_cb	16	static
/home/shiva/shiv_infinitime/src/libs/mynewt-nimble/nimble/host/src/ble_gattc.c:3095:1:ble_gattc_read_long_tmo	0	static
/home/shiva/shiv_infinitime/src/libs/mynewt-nimble/nimble/host/src/ble_gattc.c:3151:1:ble_gattc_read_long_err	0	static
/home/shiva/shiv_infinitime/src/libs/mynewt-nimble/nimble/host/src/ble_gattc.c:783:1:ble_gattc_process_resume_status	8	static
/home/shiva/shiv_infinitime/src/libs/mynewt-nimble/nimble/host/src/ble_gattc.c:919:1:ble_gattc_extract	48	static
/home/shiva/shiv_infinitime/src/libs/mynewt-nimble/nimble/host/src/ble_gattc.c:4246:1:ble_gattc_indicate_tmo	0	static
/home/shiva/shiv_infinitime/src/libs/mynewt-nimble/nimble/host/src/ble_gattc.c:690:1:ble_gattc_proc_free	16	static
/home/shiva/shiv_infinitime/src/libs/mynewt-nimble/nimble/host/src/ble_gattc.c:3904:1:ble_gattc_write_reliable_tx	32	static
/home/shiva/shiv_infinitime/src/libs/mynewt-nimble/nimble/host/src/ble_gattc.c:3610:1:ble_gattc_write_long_tx	16	static
/home/shiva/shiv_infinitime/src/libs/mynewt-nimble/nimble/host/src/ble_gattc.c:2616:1:ble_gattc_disc_all_dscs_resume	16	static
/home/shiva/shiv_infinitime/src/libs/mynewt-nimble/nimble/host/src/ble_gattc.c:2359:1:ble_gattc_disc_chr_uuid_tx	16	static
/home/shiva/shiv_infinitime/src/libs/mynewt-nimble/nimble/host/src/ble_gattc.c:2377:1:ble_gattc_disc_chr_uuid_resume	16	static
/home/shiva/shiv_infinitime/src/libs/mynewt-nimble/nimble/host/src/ble_gattc.c:2131:1:ble_gattc_disc_all_chrs_tx	16	static
/home/shiva/shiv_infinitime/src/libs/mynewt-nimble/nimble/host/src/ble_gattc.c:2149:1:ble_gattc_disc_all_chrs_resume	16	static
/home/shiva/shiv_infinitime/src/libs/mynewt-nimble/nimble/host/src/ble_gattc.c:1815:1:ble_gattc_find_inc_svcs_tx	16	static
/home/shiva/shiv_infinitime/src/libs/mynewt-nimble/nimble/host/src/ble_gattc.c:1843:1:ble_gattc_find_inc_svcs_resume	16	static
/home/shiva/shiv_infinitime/src/libs/mynewt-nimble/nimble/host/src/ble_gattc.c:1601:1:ble_gattc_disc_svc_uuid_tx	56	static
/home/shiva/shiv_infinitime/src/libs/mynewt-nimble/nimble/host/src/ble_gattc.c:1622:1:ble_gattc_disc_svc_uuid_resume	16	static
/home/shiva/shiv_infinitime/src/libs/mynewt-nimble/nimble/host/src/ble_gattc.c:674:1:ble_gattc_proc_alloc	8	static
/home/shiva/shiv_infinitime/src/libs/mynewt-nimble/nimble/host/src/ble_gattc.c:2957:1:ble_gattc_read_uuid_rx_adata	24	static
/home/shiva/shiv_infinitime/src/libs/mynewt-nimble/nimble/host/src/ble_gattc.c:4222:1:ble_gattc_indicate_err	16	static
/home/shiva/shiv_infinitime/src/libs/mynewt-nimble/nimble/host/src/ble_gattc.c:2187:1:ble_gattc_disc_all_chrs_rx_adata	48	static
/home/shiva/shiv_infinitime/src/libs/mynewt-nimble/nimble/host/src/ble_gattc.c:2415:1:ble_gattc_disc_chr_uuid_rx_adata	48	static
/home/shiva/shiv_infinitime/src/libs/mynewt-nimble/nimble/host/src/ble_gattc.c:1883:1:ble_gattc_find_inc_svcs_rx_read_rsp	48	static
/home/shiva/shiv_infinitime/src/libs/mynewt-nimble/nimble/host/src/ble_gattc.c:2990:1:ble_gattc_read_uuid_rx_complete	8	static
/home/shiva/shiv_infinitime/src/libs/mynewt-nimble/nimble/host/src/ble_gattc.c:1117:1:ble_gattc_ticks_until_resume	8	static
/home/shiva/shiv_infinitime/src/libs/mynewt-nimble/nimble/host/src/ble_gattc.c:2480:1:ble_gattc_disc_chr_uuid_rx_complete	8	static
/home/shiva/shiv_infinitime/src/libs/mynewt-nimble/nimble/host/src/ble_gattc.c:2241:1:ble_gattc_disc_all_chrs_rx_complete	8	static
/home/shiva/shiv_infinitime/src/libs/mynewt-nimble/nimble/host/src/ble_gattc.c:2013:1:ble_gattc_find_inc_svcs_rx_complete	8	static
/home/shiva/shiv_infinitime/src/libs/mynewt-nimble/nimble/host/src/ble_gattc.c:758:1:ble_gattc_process_status	8	static
/home/shiva/shiv_infinitime/src/libs/mynewt-nimble/nimble/host/src/ble_gattc.c:1941:1:ble_gattc_find_inc_svcs_rx_adata	40	static
/home/shiva/shiv_infinitime/src/libs/mynewt-nimble/nimble/host/src/ble_gattc.c:1070:1:ble_gattc_fail_procs.constprop	32	static
/home/shiva/shiv_infinitime/src/libs/mynewt-nimble/nimble/host/src/ble_gattc.c:1025:1:ble_gattc_extract_with_rx_entry	32	static
/home/shiva/shiv_infinitime/src/libs/mynewt-nimble/nimble/host/src/ble_gattc.c:3107:1:ble_gattc_read_long_tx	0	static
/home/shiva/shiv_infinitime/src/libs/mynewt-nimble/nimble/host/src/ble_gattc.c:3131:1:ble_gattc_read_long_resume	16	static
/home/shiva/shiv_infinitime/src/libs/mynewt-nimble/nimble/host/src/ble_gattc.c:3163:1:ble_gattc_read_long_rx_read_rsp	40	static
/home/shiva/shiv_infinitime/src/libs/mynewt-nimble/nimble/host/src/ble_gattc.c:899:1:ble_gattc_proc_matches_conn_rx_entry	16	static
/home/shiva/shiv_infinitime/src/libs/mynewt-nimble/nimble/host/src/ble_gattc.c:847:1:ble_gattc_proc_matches_conn_op	0	static
/home/shiva/shiv_infinitime/src/libs/mynewt-nimble/nimble/host/src/ble_gattc.c:3865:1:ble_gattc_write_reliable_cb.isra	24	static
/home/shiva/shiv_infinitime/src/libs/mynewt-nimble/nimble/host/src/ble_gattc.c:3962:1:ble_gattc_write_reliable_resume	16	static
/home/shiva/shiv_infinitime/src/libs/mynewt-nimble/nimble/host/src/ble_gattc.c:3982:1:ble_gattc_write_reliable_err	8	static
/home/shiva/shiv_infinitime/src/libs/mynewt-nimble/nimble/host/src/ble_gattc.c:4003:1:ble_gattc_write_reliable_rx_prep	24	static
/home/shiva/shiv_infinitime/src/libs/mynewt-nimble/nimble/host/src/ble_gattc.c:4070:1:ble_gattc_write_reliable_rx_exec	8	static
/home/shiva/shiv_infinitime/src/libs/mynewt-nimble/nimble/host/src/ble_gattc.c:3891:1:ble_gattc_write_reliable_tmo	0	static
/home/shiva/shiv_infinitime/src/libs/mynewt-nimble/nimble/host/src/ble_gattc.c:3572:1:ble_gattc_write_long_cb.isra	16	static
/home/shiva/shiv_infinitime/src/libs/mynewt-nimble/nimble/host/src/ble_gattc.c:3667:1:ble_gattc_write_long_resume	16	static
/home/shiva/shiv_infinitime/src/libs/mynewt-nimble/nimble/host/src/ble_gattc.c:3712:1:ble_gattc_write_long_rx_prep	32	static
/home/shiva/shiv_infinitime/src/libs/mynewt-nimble/nimble/host/src/ble_gattc.c:3687:1:ble_gattc_write_long_err	24	static
/home/shiva/shiv_infinitime/src/libs/mynewt-nimble/nimble/host/src/ble_gattc.c:3786:1:ble_gattc_write_long_rx_exec	8	static
/home/shiva/shiv_infinitime/src/libs/mynewt-nimble/nimble/host/src/ble_gattc.c:3597:1:ble_gattc_write_long_tmo	0	static
/home/shiva/shiv_infinitime/src/libs/mynewt-nimble/nimble/host/src/ble_gattc.c:3447:1:ble_gattc_write_cb.isra	32	static
/home/shiva/shiv_infinitime/src/libs/mynewt-nimble/nimble/host/src/ble_gattc.c:3487:1:ble_gattc_write_err	0	static
/home/shiva/shiv_infinitime/src/libs/mynewt-nimble/nimble/host/src/ble_gattc.c:3474:1:ble_gattc_write_tmo	0	static
/home/shiva/shiv_infinitime/src/libs/mynewt-nimble/nimble/host/src/ble_gattc.c:3266:1:ble_gattc_read_mult_cb.isra	32	static
/home/shiva/shiv_infinitime/src/libs/mynewt-nimble/nimble/host/src/ble_gattc.c:3318:1:ble_gattc_read_mult_err	0	static
/home/shiva/shiv_infinitime/src/libs/mynewt-nimble/nimble/host/src/ble_gattc.c:3305:1:ble_gattc_read_mult_tmo	0	static
/home/shiva/shiv_infinitime/src/libs/mynewt-nimble/nimble/host/src/ble_gattc.c:2771:1:ble_gattc_read_cb.isra	16	static
/home/shiva/shiv_infinitime/src/libs/mynewt-nimble/nimble/host/src/ble_gattc.c:2821:1:ble_gattc_read_rx_read_rsp	16	static
/home/shiva/shiv_infinitime/src/libs/mynewt-nimble/nimble/host/src/ble_gattc.c:2809:1:ble_gattc_read_err	0	static
/home/shiva/shiv_infinitime/src/libs/mynewt-nimble/nimble/host/src/ble_gattc.c:2796:1:ble_gattc_read_tmo	0	static
/home/shiva/shiv_infinitime/src/libs/mynewt-nimble/nimble/host/src/ble_gattc.c:1376:1:ble_gattc_disc_all_svcs_tx.isra	16	static
/home/shiva/shiv_infinitime/src/libs/mynewt-nimble/nimble/host/src/ble_gattc.c:1394:1:ble_gattc_disc_all_svcs_resume	16	static
/home/shiva/shiv_infinitime/src/libs/mynewt-nimble/nimble/host/src/ble_gattc.c:1227:1:ble_gattc_mtu_cb.isra	16	static
/home/shiva/shiv_infinitime/src/libs/mynewt-nimble/nimble/host/src/ble_gattc.c:1263:1:ble_gattc_mtu_err	0	static
/home/shiva/shiv_infinitime/src/libs/mynewt-nimble/nimble/host/src/ble_gattc.c:1251:1:ble_gattc_mtu_tmo	0	static
/home/shiva/shiv_infinitime/src/libs/mynewt-nimble/nimble/host/src/ble_gattc.c:986:1:ble_gattc_extract_first_by_conn_op	24	static
/home/shiva/shiv_infinitime/src/libs/mynewt-nimble/nimble/host/src/ble_gattc.c:1158:1:ble_gattc_timer	32	static
/home/shiva/shiv_infinitime/src/libs/mynewt-nimble/nimble/host/include/host/ble_gatt.h:162:5:ble_gattc_exchange_mtu	32	static
/home/shiva/shiv_infinitime/src/libs/mynewt-nimble/nimble/host/include/host/ble_gatt.h:175:5:ble_gattc_disc_all_svcs	24	static
/home/shiva/shiv_infinitime/src/libs/mynewt-nimble/nimble/host/include/host/ble_gatt.h:191:5:ble_gattc_disc_svc_by_uuid	64	static
/home/shiva/shiv_infinitime/src/libs/mynewt-nimble/nimble/host/include/host/ble_gatt.h:210:5:ble_gattc_find_inc_svcs	24	static
/home/shiva/shiv_infinitime/src/libs/mynewt-nimble/nimble/host/include/host/ble_gatt.h:230:5:ble_gattc_disc_all_chrs	24	static
/home/shiva/shiv_infinitime/src/libs/mynewt-nimble/nimble/host/include/host/ble_gatt.h:252:5:ble_gattc_disc_chrs_by_uuid	64	static
/home/shiva/shiv_infinitime/src/libs/mynewt-nimble/nimble/host/include/host/ble_gatt.h:272:5:ble_gattc_disc_all_dscs	32	static
/home/shiva/shiv_infinitime/src/libs/mynewt-nimble/nimble/host/include/host/ble_gatt.h:289:5:ble_gattc_read	24	static
/home/shiva/shiv_infinitime/src/libs/mynewt-nimble/nimble/host/include/host/ble_gatt.h:308:5:ble_gattc_read_by_uuid	72	static
/home/shiva/shiv_infinitime/src/libs/mynewt-nimble/nimble/host/include/host/ble_gatt.h:325:5:ble_gattc_read_long	24	static
/home/shiva/shiv_infinitime/src/libs/mynewt-nimble/nimble/host/include/host/ble_gatt.h:342:5:ble_gattc_read_mult	32	static
/home/shiva/shiv_infinitime/src/libs/mynewt-nimble/nimble/host/include/host/ble_gatt.h:358:5:ble_gattc_write_no_rsp	0	static
/home/shiva/shiv_infinitime/src/libs/mynewt-nimble/nimble/host/include/host/ble_gatt.h:374:5:ble_gattc_write_no_rsp_flat	16	static
/home/shiva/shiv_infinitime/src/libs/mynewt-nimble/nimble/host/include/host/ble_gatt.h:393:5:ble_gattc_write	32	static
/home/shiva/shiv_infinitime/src/libs/mynewt-nimble/nimble/host/include/host/ble_gatt.h:413:5:ble_gattc_write_flat	24	static
/home/shiva/shiv_infinitime/src/libs/mynewt-nimble/nimble/host/include/host/ble_gatt.h:433:5:ble_gattc_write_long	24	static
/home/shiva/shiv_infinitime/src/libs/mynewt-nimble/nimble/host/include/host/ble_gatt.h:456:5:ble_gattc_write_reliable	32	static
/home/shiva/shiv_infinitime/src/libs/mynewt-nimble/nimble/host/include/host/ble_gatt.h:473:5:ble_gattc_notify_custom	32	static
/home/shiva/shiv_infinitime/src/libs/mynewt-nimble/nimble/host/include/host/ble_gatt.h:488:5:ble_gattc_notify	0	static
/home/shiva/shiv_infinitime/src/libs/mynewt-nimble/nimble/host/src/ble_gattc.c:4285:1:ble_gatts_indicate_fail_notconn	0	static
/home/shiva/shiv_infinitime/src/libs/mynewt-nimble/nimble/host/include/host/ble_gatt.h:504:5:ble_gattc_indicate_custom	32	static
/home/shiva/shiv_infinitime/src/libs/mynewt-nimble/nimble/host/include/host/ble_gatt.h:519:5:ble_gattc_indicate	0	static
/home/shiva/shiv_infinitime/src/libs/mynewt-nimble/nimble/host/src/ble_gattc.c:4378:1:ble_gattc_rx_err	16	static
/home/shiva/shiv_infinitime/src/libs/mynewt-nimble/nimble/host/src/ble_gattc.c:4398:1:ble_gattc_rx_mtu	24	static
/home/shiva/shiv_infinitime/src/libs/mynewt-nimble/nimble/host/src/ble_gattc.c:4414:1:ble_gattc_rx_find_info_idata	48	static
/home/shiva/shiv_infinitime/src/libs/mynewt-nimble/nimble/host/src/ble_gattc.c:4437:1:ble_gattc_rx_find_info_complete	16	static
/home/shiva/shiv_infinitime/src/libs/mynewt-nimble/nimble/host/src/ble_gattc.c:4459:1:ble_gattc_rx_find_type_value_hinfo	40	static
/home/shiva/shiv_infinitime/src/libs/mynewt-nimble/nimble/host/src/ble_gattc.c:4482:1:ble_gattc_rx_find_type_value_complete	16	static
/home/shiva/shiv_infinitime/src/libs/mynewt-nimble/nimble/host/src/ble_gattc.c:4504:1:ble_gattc_rx_read_type_adata	24	static
/home/shiva/shiv_infinitime/src/libs/mynewt-nimble/nimble/host/src/ble_gattc.c:4529:1:ble_gattc_rx_read_type_complete	24	static
/home/shiva/shiv_infinitime/src/libs/mynewt-nimble/nimble/host/src/ble_gattc.c:4553:1:ble_gattc_rx_read_group_type_adata	40	static
/home/shiva/shiv_infinitime/src/libs/mynewt-nimble/nimble/host/src/ble_gattc.c:4576:1:ble_gattc_rx_read_group_type_complete	16	static
/home/shiva/shiv_infinitime/src/libs/mynewt-nimble/nimble/host/src/ble_gattc.c:4598:1:ble_gattc_rx_read_rsp	24	static
/home/shiva/shiv_infinitime/src/libs/mynewt-nimble/nimble/host/src/ble_gattc.c:4622:1:ble_gattc_rx_read_blob_rsp	24	static
/home/shiva/shiv_infinitime/src/libs/mynewt-nimble/nimble/host/src/ble_gattc.c:4645:1:ble_gattc_rx_read_mult_rsp	24	static
/home/shiva/shiv_infinitime/src/libs/mynewt-nimble/nimble/host/src/ble_gattc.c:4667:1:ble_gattc_rx_write_rsp	8	static
/home/shiva/shiv_infinitime/src/libs/mynewt-nimble/nimble/host/src/ble_gattc.c:4688:1:ble_gattc_rx_prep_write_rsp	40	static
/home/shiva/shiv_infinitime/src/libs/mynewt-nimble/nimble/host/src/ble_gattc.c:4714:1:ble_gattc_rx_exec_write_rsp	24	static
/home/shiva/shiv_infinitime/src/libs/mynewt-nimble/nimble/host/src/ble_gattc.c:4737:1:ble_gattc_rx_indicate_rsp	8	static
/home/shiva/shiv_infinitime/src/libs/mynewt-nimble/nimble/host/src/ble_gattc.c:4766:1:ble_gattc_connection_broken	0	static
/home/shiva/shiv_infinitime/src/libs/mynewt-nimble/nimble/host/src/ble_gattc.c:4775:1:ble_gattc_any_jobs	0	static
/home/shiva/shiv_infinitime/src/libs/mynewt-nimble/nimble/host/include/host/ble_gatt.h:521:5:ble_gattc_init	16	static
