/home/shiva/shiv_infinitime/src/libs/mynewt-nimble/nimble/host/src/ble_att_svr.c:2575:1:ble_att_svr_move_entries	20	static
/home/shiva/shiv_infinitime/src/libs/mynewt-nimble/nimble/host/src/ble_att_svr.c:246:1:ble_att_svr_check_perms	176	static
/home/shiva/shiv_infinitime/src/libs/mynewt-nimble/nimble/host/src/ble_att_svr.c:378:1:ble_att_svr_read	48	static
/home/shiva/shiv_infinitime/src/libs/mynewt-nimble/nimble/host/src/ble_att_svr.c:211:1:ble_att_svr_pullup_req_base	8	static
/home/shiva/shiv_infinitime/src/libs/mynewt-nimble/nimble/host/src/ble_att_svr.c:1657:1:ble_att_svr_read_group_type_entry_write	24	static
/home/shiva/shiv_infinitime/src/libs/mynewt-nimble/nimble/host/src/ble_att_svr.c:962:1:ble_att_svr_fill_type_value_entry.part.0	24	static
/home/shiva/shiv_infinitime/src/libs/mynewt-nimble/nimble/host/src/ble_att_svr.c:2055:1:ble_att_svr_prep_free	8	static
/home/shiva/shiv_infinitime/src/libs/mynewt-nimble/nimble/host/src/ble_att_svr.c:507:1:ble_att_svr_write.constprop	40	static
/home/shiva/shiv_infinitime/src/libs/mynewt-nimble/nimble/host/src/ble_att_svr.c:415:1:ble_att_svr_read_flat.constprop	48	static
/home/shiva/shiv_infinitime/src/libs/mynewt-nimble/nimble/host/src/ble_att_svr.c:107:1:ble_att_svr_register	24	static
/home/shiva/shiv_infinitime/src/libs/mynewt-nimble/nimble/host/src/ble_att_svr.c:135:1:ble_att_svr_prev_handle	0	static
/home/shiva/shiv_infinitime/src/libs/mynewt-nimble/nimble/host/src/ble_att_svr.c:155:1:ble_att_svr_find_by_handle	0	static
/home/shiva/shiv_infinitime/src/libs/mynewt-nimble/nimble/host/src/ble_att_svr.c:539:1:ble_att_svr_write_handle.constprop	24	static
/home/shiva/shiv_infinitime/src/libs/mynewt-nimble/nimble/host/src/ble_att_svr.c:187:1:ble_att_svr_find_by_uuid	16	static
/home/shiva/shiv_infinitime/src/libs/mynewt-nimble/nimble/host/src/ble_att_svr.c:337:1:ble_att_svr_ticks_until_tmo	0	static
/home/shiva/shiv_infinitime/src/libs/mynewt-nimble/nimble/host/src/ble_att_svr.c:457:1:ble_att_svr_read_handle	24	static
/home/shiva/shiv_infinitime/src/libs/mynewt-nimble/nimble/host/include/host/ble_att.h:129:5:ble_att_svr_read_local	24	static
/home/shiva/shiv_infinitime/src/libs/mynewt-nimble/nimble/host/src/ble_att_svr.c:563:1:ble_att_svr_tx_error_rsp	24	static
/home/shiva/shiv_infinitime/src/libs/mynewt-nimble/nimble/host/src/ble_att_svr.c:607:1:ble_att_svr_tx_rsp	48	static
/home/shiva/shiv_infinitime/src/libs/mynewt-nimble/nimble/host/src/ble_att_svr.c:714:1:ble_att_svr_rx_mtu	56	static
/home/shiva/shiv_infinitime/src/libs/mynewt-nimble/nimble/host/src/ble_att_svr.c:894:1:ble_att_svr_rx_find_info	64	static
/home/shiva/shiv_infinitime/src/libs/mynewt-nimble/nimble/host/src/ble_att_svr.c:1201:1:ble_att_svr_rx_find_type_value	88	static
/home/shiva/shiv_infinitime/src/libs/mynewt-nimble/nimble/host/src/ble_att_svr.c:1372:1:ble_att_svr_rx_read_type	120	static
/home/shiva/shiv_infinitime/src/libs/mynewt-nimble/nimble/host/src/ble_att_svr.c:1440:1:ble_att_svr_rx_read	48	static
/home/shiva/shiv_infinitime/src/libs/mynewt-nimble/nimble/host/src/ble_att_svr.c:1489:1:ble_att_svr_rx_read_blob	48	static
/home/shiva/shiv_infinitime/src/libs/mynewt-nimble/nimble/host/src/ble_att_svr.c:1603:1:ble_att_svr_rx_read_mult	48	static
/home/shiva/shiv_infinitime/src/libs/mynewt-nimble/nimble/host/src/ble_att_svr.c:1857:1:ble_att_svr_rx_read_group_type	120	static
/home/shiva/shiv_infinitime/src/libs/mynewt-nimble/nimble/host/src/ble_att_svr.c:1963:1:ble_att_svr_rx_write	40	static
/home/shiva/shiv_infinitime/src/libs/mynewt-nimble/nimble/host/src/ble_att_svr.c:2014:1:ble_att_svr_rx_write_no_rsp	24	static
/home/shiva/shiv_infinitime/src/libs/mynewt-nimble/nimble/host/include/host/ble_att.h:146:5:ble_att_svr_write_local	16	static
/home/shiva/shiv_infinitime/src/libs/mynewt-nimble/nimble/host/src/ble_att_svr.c:2112:1:ble_att_svr_prep_clear	8	static
/home/shiva/shiv_infinitime/src/libs/mynewt-nimble/nimble/host/src/ble_att_svr.c:2300:1:ble_att_svr_rx_prep_write	72	static
/home/shiva/shiv_infinitime/src/libs/mynewt-nimble/nimble/host/src/ble_att_svr.c:2381:1:ble_att_svr_rx_exec_write	56	static
/home/shiva/shiv_infinitime/src/libs/mynewt-nimble/nimble/host/src/ble_att_svr.c:2456:1:ble_att_svr_rx_notify	24	static
/home/shiva/shiv_infinitime/src/libs/mynewt-nimble/nimble/host/src/ble_att_svr.c:2521:1:ble_att_svr_rx_indicate	32	static
/home/shiva/shiv_infinitime/src/libs/mynewt-nimble/nimble/host/src/ble_att_svr.c:2635:1:ble_att_svr_hide_range	0	static
/home/shiva/shiv_infinitime/src/libs/mynewt-nimble/nimble/host/src/ble_att_svr.c:2642:1:ble_att_svr_restore_range	0	static
/home/shiva/shiv_infinitime/src/libs/mynewt-nimble/nimble/host/src/ble_att_svr.c:2649:1:ble_att_svr_reset	16	static
/home/shiva/shiv_infinitime/src/libs/mynewt-nimble/nimble/host/src/ble_att_svr.c:2676:1:ble_att_svr_start	24	static
/home/shiva/shiv_infinitime/src/libs/mynewt-nimble/nimble/host/src/ble_att_svr.c:2708:1:ble_att_svr_init	16	static
