/home/shiva/shiv_infinitime/src/libs/mynewt-nimble/nimble/host/src/ble_hs.c:232:1:ble_hs_wakeup_tx_conn	24	static
/home/shiva/shiv_infinitime/src/libs/mynewt-nimble/nimble/host/src/ble_hs.c:539:1:ble_hs_event_start_stage1	0	static
/home/shiva/shiv_infinitime/src/libs/mynewt-nimble/nimble/host/src/ble_hs.c:494:1:ble_hs_event_rx_hci_ev	8	static
/home/shiva/shiv_infinitime/src/libs/mynewt-nimble/nimble/host/src/ble_hs.c:669:1:ble_hs_rx_data	8	static
/home/shiva/shiv_infinitime/src/libs/mynewt-nimble/nimble/host/src/ble_hs.c:513:1:ble_hs_event_tx_notify	0	static
/home/shiva/shiv_infinitime/src/libs/mynewt-nimble/nimble/host/src/ble_hs.c:434:1:ble_hs_timer_reset	16	static
/home/shiva/shiv_infinitime/src/libs/mynewt-nimble/nimble/host/src/ble_hs.c:447:1:ble_hs_timer_sched.part.0	16	static
/home/shiva/shiv_infinitime/src/libs/mynewt-nimble/nimble/host/src/ble_hs.c:447:1:ble_hs_timer_sched	0	static
/home/shiva/shiv_infinitime/src/libs/mynewt-nimble/nimble/host/src/ble_hs.c:323:1:ble_hs_sync.isra	16	static
/home/shiva/shiv_infinitime/src/libs/mynewt-nimble/nimble/host/src/ble_hs.c:362:1:ble_hs_reset.isra	8	static
/home/shiva/shiv_infinitime/src/libs/mynewt-nimble/nimble/host/src/ble_hs.c:398:1:ble_hs_timer_exp	8	static
/home/shiva/shiv_infinitime/src/libs/mynewt-nimble/nimble/host/src/ble_hs.c:525:1:ble_hs_event_reset	0	static
/home/shiva/shiv_infinitime/src/libs/mynewt-nimble/nimble/host/src/ble_hs.c:108:1:ble_hs_evq_get	0	static
/home/shiva/shiv_infinitime/src/libs/mynewt-nimble/nimble/host/include/host/ble_hs.h:356:6:ble_hs_evq_set	0	static
/home/shiva/shiv_infinitime/src/libs/mynewt-nimble/nimble/host/src/ble_hs.c:142:1:ble_hs_is_parent_task	8	static
/home/shiva/shiv_infinitime/src/libs/mynewt-nimble/nimble/host/src/ble_hs.c:152:1:ble_hs_lock_nested	0	static
/home/shiva/shiv_infinitime/src/libs/mynewt-nimble/nimble/host/src/ble_hs.c:171:1:ble_hs_unlock_nested	0	static
/home/shiva/shiv_infinitime/src/libs/mynewt-nimble/nimble/host/src/ble_hs.c:190:1:ble_hs_lock	0	static
/home/shiva/shiv_infinitime/src/libs/mynewt-nimble/nimble/host/src/ble_hs.c:206:1:ble_hs_unlock	0	static
/home/shiva/shiv_infinitime/src/libs/mynewt-nimble/nimble/host/src/ble_hs.c:218:1:ble_hs_process_rx_data_queue	8	static
/home/shiva/shiv_infinitime/src/libs/mynewt-nimble/nimble/host/src/ble_hs.c:519:1:ble_hs_event_rx_data	0	static
/home/shiva/shiv_infinitime/src/libs/mynewt-nimble/nimble/host/src/ble_hs.c:259:1:ble_hs_wakeup_tx	8	static
/home/shiva/shiv_infinitime/src/libs/mynewt-nimble/nimble/host/include/host/ble_hs.h:299:5:ble_hs_is_enabled	0	static
/home/shiva/shiv_infinitime/src/libs/mynewt-nimble/nimble/host/include/host/ble_hs.h:308:5:ble_hs_synced	0	static
/home/shiva/shiv_infinitime/src/libs/mynewt-nimble/nimble/host/src/ble_hs.c:467:1:ble_hs_timer_resched	0	static
/home/shiva/shiv_infinitime/src/libs/mynewt-nimble/nimble/host/include/host/ble_hs.h:339:6:ble_hs_sched_start	8	static
/home/shiva/shiv_infinitime/src/libs/mynewt-nimble/nimble/host/src/ble_hs.c:562:1:ble_hs_enqueue_hci_event	16	static
/home/shiva/shiv_infinitime/src/libs/mynewt-nimble/nimble/host/src/ble_hs.c:580:1:ble_hs_notifications_sched	0	static
/home/shiva/shiv_infinitime/src/libs/mynewt-nimble/nimble/host/include/host/ble_hs.h:347:6:ble_hs_sched_reset	0	static
/home/shiva/shiv_infinitime/src/libs/mynewt-nimble/nimble/host/src/ble_hs.c:602:1:ble_hs_hw_error	0	static
/home/shiva/shiv_infinitime/src/libs/mynewt-nimble/nimble/host/include/host/ble_hs.h:325:5:ble_hs_start	8	static
/home/shiva/shiv_infinitime/src/libs/mynewt-nimble/nimble/host/src/ble_hs.c:553:1:ble_hs_event_start_stage2	0	static
/home/shiva/shiv_infinitime/src/libs/mynewt-nimble/nimble/host/src/ble_hs.c:697:1:ble_hs_tx_data	0	static
/home/shiva/shiv_infinitime/src/libs/mynewt-nimble/nimble/host/include/host/ble_hs.h:365:6:ble_hs_init	24	static
