/home/shiva/shiv_infinitime/src/libs/littlefs/lfs.c:260:20:lfs_pair_isnull	0	static
/home/shiva/shiv_infinitime/src/libs/littlefs/lfs.c:264:19:lfs_pair_cmp	8	static
/home/shiva/shiv_infinitime/src/libs/littlefs/lfs.c:333:26:lfs_tag_dsize	0	static
/home/shiva/shiv_infinitime/src/libs/littlefs/lfs.c:353:20:lfs_gstate_xor	8	static
/home/shiva/shiv_infinitime/src/libs/littlefs/lfs.c:359:20:lfs_gstate_iszero	0	static
/home/shiva/shiv_infinitime/src/libs/littlefs/lfs.c:380:20:lfs_gstate_hasmovehere	8	static
/home/shiva/shiv_infinitime/src/libs/littlefs/lfs.c:505:12:lfs_alloc_lookahead	8	static
/home/shiva/shiv_infinitime/src/libs/littlefs/lfs.c:713:12:lfs_dir_traverse_filter	12	static
/home/shiva/shiv_infinitime/src/libs/littlefs/lfs.c:1543:12:lfs_dir_commit_size	8	static
/home/shiva/shiv_infinitime/src/libs/littlefs/lfs.c:4094:12:lfs_fs_preporphans	0	static
/home/shiva/shiv_infinitime/src/libs/littlefs/lfs.c:4237:12:lfs_fs_size_count	0	static
/home/shiva/shiv_infinitime/src/libs/littlefs/lfs.c:3591:12:lfs_deinit	8	static
/home/shiva/shiv_infinitime/src/libs/littlefs/lfs.c:27:12:lfs_bd_read	64	static
/home/shiva/shiv_infinitime/src/libs/littlefs/lfs.c:582:19:lfs_dir_getslice	64	static
/home/shiva/shiv_infinitime/src/libs/littlefs/lfs.c:644:19:lfs_dir_get	24	static
/home/shiva/shiv_infinitime/src/libs/littlefs/lfs.c:1083:12:lfs_dir_getgstate	40	static
/home/shiva/shiv_infinitime/src/libs/littlefs/lfs.c:1101:12:lfs_dir_getinfo	40	static
/home/shiva/shiv_infinitime/src/libs/littlefs/lfs.c:743:12:lfs_dir_traverse	112	static
/home/shiva/shiv_infinitime/src/libs/littlefs/lfs.c:3941:12:lfs_fs_parent_match	40	static
/home/shiva/shiv_infinitime/src/libs/littlefs/lfs.c:838:19:lfs_dir_fetchmatch	112	static
/home/shiva/shiv_infinitime/src/libs/littlefs/lfs.c:3962:19:lfs_fs_parent	64	static
/home/shiva/shiv_infinitime/src/libs/littlefs/lfs.c:1075:12:lfs_dir_fetch	24	static
/home/shiva/shiv_infinitime/src/libs/littlefs/lfs.c:3906:12:lfs_fs_pred	24	static
/home/shiva/shiv_infinitime/src/libs/littlefs/lfs.c:1165:19:lfs_dir_find	88	static
/home/shiva/shiv_infinitime/src/libs/littlefs/lfs.c:651:12:lfs_dir_getread.constprop	64	static
/home/shiva/shiv_infinitime/src/libs/littlefs/lfs.c:116:12:lfs_bd_cmp.constprop	64	static
/home/shiva/shiv_infinitime/src/libs/littlefs/lfs.c:1141:12:lfs_dir_find_match	32	static
/home/shiva/shiv_infinitime/src/libs/littlefs/lfs.c:2267:12:lfs_ctz_index.isra	24	static
/home/shiva/shiv_infinitime/src/libs/littlefs/lfs.c:2280:12:lfs_ctz_find.constprop	72	static
/home/shiva/shiv_infinitime/src/libs/littlefs/lfs.c:2414:12:lfs_ctz_traverse	72	static
/home/shiva/shiv_infinitime/src/libs/littlefs/lfs.c:3807:5:lfs_fs_rawtraverse	104	static
/home/shiva/shiv_infinitime/src/libs/littlefs/lfs.c:534:12:lfs_alloc	32	static
/home/shiva/shiv_infinitime/src/libs/littlefs/lfs.c:1443:12:lfs_dir_alloc	32	static
/home/shiva/shiv_infinitime/src/libs/littlefs/lfs.c:4244:20:lfs_fs_rawsize	16	static
/home/shiva/shiv_infinitime/src/libs/littlefs/lfs.c:243:12:lfs_bd_erase.isra	0	static
/home/shiva/shiv_infinitime/src/libs/littlefs/lfs.c:21:20:lfs_cache_zero.isra	8	static
/home/shiva/shiv_infinitime/src/libs/littlefs/lfs.c:3482:12:lfs_init	8	static
/home/shiva/shiv_infinitime/src/libs/littlefs/lfs.c:144:12:lfs_bd_flush	48	static
/home/shiva/shiv_infinitime/src/libs/littlefs/lfs.c:195:12:lfs_bd_prog	48	static
/home/shiva/shiv_infinitime/src/libs/littlefs/lfs.c:1277:12:lfs_dir_commitprog	40	static
/home/shiva/shiv_infinitime/src/libs/littlefs/lfs.c:1294:12:lfs_dir_commitattr	64	static
/home/shiva/shiv_infinitime/src/libs/littlefs/lfs.c:1560:12:lfs_dir_commit_commit	0	static
/home/shiva/shiv_infinitime/src/libs/littlefs/lfs.c:2649:12:lfs_file_relocate	64	static
/home/shiva/shiv_infinitime/src/libs/littlefs/lfs.c:2734:12:lfs_file_flush	128	static
/home/shiva/shiv_infinitime/src/libs/littlefs/lfs.c:2940:20:lfs_file_rawwrite	96	static
/home/shiva/shiv_infinitime/src/libs/littlefs/lfs.c:2866:20:lfs_file_rawread	56	static
/home/shiva/shiv_infinitime/src/libs/littlefs/lfs.c:1341:12:lfs_dir_commitcrc	88	static
/home/shiva/shiv_infinitime/src/libs/littlefs/lfs.c:3062:19:lfs_file_rawseek	16	static
/home/shiva/shiv_infinitime/src/libs/littlefs/lfs.c:1826:12:lfs_dir_commit	168	static
/home/shiva/shiv_infinitime/src/libs/littlefs/lfs.c:1567:12:lfs_dir_compact	160	static
/home/shiva/shiv_infinitime/src/libs/littlefs/lfs.c:1508:12:lfs_dir_split	88	static
/home/shiva/shiv_infinitime/src/libs/littlefs/lfs.c:1487:12:lfs_dir_drop	24	static
/home/shiva/shiv_infinitime/src/libs/littlefs/lfs.c:2814:12:lfs_file_rawsync	40	static
/home/shiva/shiv_infinitime/src/libs/littlefs/lfs.c:2629:12:lfs_file_rawclose	16	static
/home/shiva/shiv_infinitime/src/libs/littlefs/lfs.c:4222:12:lfs_fs_forceconsistency	152	static
/home/shiva/shiv_infinitime/src/libs/littlefs/lfs.c:3440:12:lfs_commitattr	64	static
/home/shiva/shiv_infinitime/src/libs/littlefs/lfs.c:2459:12:lfs_file_rawopencfg	72	static
/home/shiva/shiv_infinitime/src/libs/littlefs/lfs.c:4916:5:lfs_format	104	static
/home/shiva/shiv_infinitime/src/libs/littlefs/lfs.c:4975:5:lfs_unmount	0	static
/home/shiva/shiv_infinitime/src/libs/littlefs/lfs.c:4946:5:lfs_mount	120	static
/home/shiva/shiv_infinitime/src/libs/littlefs/lfs.c:4990:5:lfs_remove	120	static
/home/shiva/shiv_infinitime/src/libs/littlefs/lfs.c:5006:5:lfs_rename	216	static
/home/shiva/shiv_infinitime/src/libs/littlefs/lfs.c:5021:5:lfs_stat	56	static
/home/shiva/shiv_infinitime/src/libs/littlefs/lfs.c:5035:13:lfs_getattr	64	static
/home/shiva/shiv_infinitime/src/libs/littlefs/lfs.c:5052:5:lfs_setattr	8	static
/home/shiva/shiv_infinitime/src/libs/littlefs/lfs.c:5070:5:lfs_removeattr	16	static
/home/shiva/shiv_infinitime/src/libs/littlefs/lfs.c:5085:5:lfs_file_open	16	static
/home/shiva/shiv_infinitime/src/libs/littlefs/lfs.c:5101:5:lfs_file_opencfg	0	static
/home/shiva/shiv_infinitime/src/libs/littlefs/lfs.c:5121:5:lfs_file_close	0	static
/home/shiva/shiv_infinitime/src/libs/littlefs/lfs.c:5137:5:lfs_file_sync	0	static
/home/shiva/shiv_infinitime/src/libs/littlefs/lfs.c:5153:13:lfs_file_read	0	static
/home/shiva/shiv_infinitime/src/libs/littlefs/lfs.c:5171:13:lfs_file_write	0	static
/home/shiva/shiv_infinitime/src/libs/littlefs/lfs.c:5189:12:lfs_file_seek	0	static
/home/shiva/shiv_infinitime/src/libs/littlefs/lfs.c:5207:5:lfs_file_truncate	48	static
/home/shiva/shiv_infinitime/src/libs/littlefs/lfs.c:5224:12:lfs_file_tell	0	static
/home/shiva/shiv_infinitime/src/libs/littlefs/lfs.c:5239:5:lfs_file_rewind	8	static
/home/shiva/shiv_infinitime/src/libs/littlefs/lfs.c:5253:12:lfs_file_size	0	static
/home/shiva/shiv_infinitime/src/libs/littlefs/lfs.c:5269:5:lfs_mkdir	176	static
/home/shiva/shiv_infinitime/src/libs/littlefs/lfs.c:5284:5:lfs_dir_open	48	static
/home/shiva/shiv_infinitime/src/libs/littlefs/lfs.c:5299:5:lfs_dir_close	0	static
/home/shiva/shiv_infinitime/src/libs/littlefs/lfs.c:5313:5:lfs_dir_read	32	static
/home/shiva/shiv_infinitime/src/libs/littlefs/lfs.c:5328:5:lfs_dir_seek	32	static
/home/shiva/shiv_infinitime/src/libs/littlefs/lfs.c:5343:12:lfs_dir_tell	0	static
/home/shiva/shiv_infinitime/src/libs/littlefs/lfs.c:5357:5:lfs_dir_rewind	8	static
/home/shiva/shiv_infinitime/src/libs/littlefs/lfs.c:5371:13:lfs_fs_size	0	static
/home/shiva/shiv_infinitime/src/libs/littlefs/lfs.c:5385:5:lfs_fs_traverse	0	static
