Archive member included to satisfy reference by file (symbol)

libnrf-sdk.a(gcc_startup_nrf52.S.o)
                              CMakeFiles/pinetime-recovery-loader.dir/FreeRTOS/port.c.o (__isr_vector)
libnrf-sdk.a(nrf_drv_clock.c.o)
                              CMakeFiles/pinetime-recovery-loader.dir/recoveryLoader.cpp.o (nrf_drv_clock_init)
libnrf-sdk.a(nrfx_clock.c.o)  libnrf-sdk.a(nrf_drv_clock.c.o) (nrfx_clock_init)
libnrf-sdk.a(queue.c.o)       CMakeFiles/pinetime-recovery-loader.dir/drivers/SpiMaster.cpp.o (xQueueGenericCreate)
libnrf-sdk.a(tasks.c.o)       CMakeFiles/pinetime-recovery-loader.dir/logging/NrfLogger.cpp.o (xTaskCreate)
libnrf-sdk.a(timers.c.o)      libnrf-sdk.a(tasks.c.o) (xTimerCreateTimerTask)
libnrf-sdk.a(app_error.c.o)   CMakeFiles/pinetime-recovery-loader.dir/logging/NrfLogger.cpp.o (app_error_handler_bare)
libnrf-sdk.a(app_error_weak.c.o)
                              libnrf-sdk.a(app_error.c.o) (app_error_fault_handler)
libnrf-sdk.a(app_util_platform.c.o)
                              libnrf-sdk.a(nrf_drv_clock.c.o) (app_util_critical_region_enter)
libnrf-sdk.a(app_gpiote.c.o)  CMakeFiles/pinetime-recovery-loader.dir/recoveryLoader.cpp.o (app_gpiote_init)
libnrf-sdk.a(system_nrf52.c.o)
                              libnrf-sdk.a(gcc_startup_nrf52.S.o) (SystemInit)
libnrf-sdk.a(nrfx_gpiote.c.o)
                              libnrf-sdk.a(app_gpiote.c.o) (nrfx_gpiote_init)
libnrf-sdk.a(list.c.o)        libnrf-sdk.a(queue.c.o) (vListInitialise)
/opt/gcc-arm-none-eabi-10.3-2021.10/bin/../lib/gcc/arm-none-eabi/10.3.1/../../../../arm-none-eabi/lib/thumb/v7e-m+fp/hard/libc_nano.a(lib_a-exit.o)
                              /opt/gcc-arm-none-eabi-10.3-2021.10/bin/../lib/gcc/arm-none-eabi/10.3.1/../../../../arm-none-eabi/lib/thumb/v7e-m+fp/hard/crt0.o (exit)
/opt/gcc-arm-none-eabi-10.3-2021.10/bin/../lib/gcc/arm-none-eabi/10.3.1/../../../../arm-none-eabi/lib/thumb/v7e-m+fp/hard/libc_nano.a(lib_a-impure.o)
                              /opt/gcc-arm-none-eabi-10.3-2021.10/bin/../lib/gcc/arm-none-eabi/10.3.1/../../../../arm-none-eabi/lib/thumb/v7e-m+fp/hard/libc_nano.a(lib_a-exit.o) (_global_impure_ptr)
/opt/gcc-arm-none-eabi-10.3-2021.10/bin/../lib/gcc/arm-none-eabi/10.3.1/../../../../arm-none-eabi/lib/thumb/v7e-m+fp/hard/libc_nano.a(lib_a-init.o)
                              /opt/gcc-arm-none-eabi-10.3-2021.10/bin/../lib/gcc/arm-none-eabi/10.3.1/../../../../arm-none-eabi/lib/thumb/v7e-m+fp/hard/crt0.o (__libc_init_array)
/opt/gcc-arm-none-eabi-10.3-2021.10/bin/../lib/gcc/arm-none-eabi/10.3.1/../../../../arm-none-eabi/lib/thumb/v7e-m+fp/hard/libc_nano.a(lib_a-memcpy-stub.o)
                              CMakeFiles/pinetime-recovery-loader.dir/FreeRTOS/heap_4_infinitime.c.o (memcpy)
/opt/gcc-arm-none-eabi-10.3-2021.10/bin/../lib/gcc/arm-none-eabi/10.3.1/../../../../arm-none-eabi/lib/thumb/v7e-m+fp/hard/libc_nano.a(lib_a-memset.o)
                              /opt/gcc-arm-none-eabi-10.3-2021.10/bin/../lib/gcc/arm-none-eabi/10.3.1/../../../../arm-none-eabi/lib/thumb/v7e-m+fp/hard/crt0.o (memset)
/opt/gcc-arm-none-eabi-10.3-2021.10/bin/../lib/gcc/arm-none-eabi/10.3.1/../../../../arm-none-eabi/lib/thumb/v7e-m+fp/hard/libnosys.a(_exit.o)
                              /opt/gcc-arm-none-eabi-10.3-2021.10/bin/../lib/gcc/arm-none-eabi/10.3.1/../../../../arm-none-eabi/lib/thumb/v7e-m+fp/hard/libc_nano.a(lib_a-exit.o) (_exit)

Discarded input sections

 .text          0x0000000000000000        0x0 /opt/gcc-arm-none-eabi-10.3-2021.10/bin/../lib/gcc/arm-none-eabi/10.3.1/thumb/v7e-m+fp/hard/crti.o
 .data          0x0000000000000000        0x0 /opt/gcc-arm-none-eabi-10.3-2021.10/bin/../lib/gcc/arm-none-eabi/10.3.1/thumb/v7e-m+fp/hard/crti.o
 .bss           0x0000000000000000        0x0 /opt/gcc-arm-none-eabi-10.3-2021.10/bin/../lib/gcc/arm-none-eabi/10.3.1/thumb/v7e-m+fp/hard/crti.o
 .data          0x0000000000000000        0x4 /opt/gcc-arm-none-eabi-10.3-2021.10/bin/../lib/gcc/arm-none-eabi/10.3.1/thumb/v7e-m+fp/hard/crtbegin.o
 .rodata        0x0000000000000000       0x24 /opt/gcc-arm-none-eabi-10.3-2021.10/bin/../lib/gcc/arm-none-eabi/10.3.1/thumb/v7e-m+fp/hard/crtbegin.o
 .data          0x0000000000000000        0x0 /opt/gcc-arm-none-eabi-10.3-2021.10/bin/../lib/gcc/arm-none-eabi/10.3.1/../../../../arm-none-eabi/lib/thumb/v7e-m+fp/hard/crt0.o
 .bss           0x0000000000000000        0x0 /opt/gcc-arm-none-eabi-10.3-2021.10/bin/../lib/gcc/arm-none-eabi/10.3.1/../../../../arm-none-eabi/lib/thumb/v7e-m+fp/hard/crt0.o
 .ARM.extab     0x0000000000000000        0x0 /opt/gcc-arm-none-eabi-10.3-2021.10/bin/../lib/gcc/arm-none-eabi/10.3.1/../../../../arm-none-eabi/lib/thumb/v7e-m+fp/hard/crt0.o
 .text          0x0000000000000000        0x0 CMakeFiles/pinetime-recovery-loader.dir/stdlib.c.o
 .data          0x0000000000000000        0x0 CMakeFiles/pinetime-recovery-loader.dir/stdlib.c.o
 .bss           0x0000000000000000        0x0 CMakeFiles/pinetime-recovery-loader.dir/stdlib.c.o
[...]
Memory Configuration

Name             Origin             Length             Attributes
FLASH            0x0000000000000000 0x0000000000073e08 xr
SPARE_SPACE      0x000000000007d000 0x0000000000003000 r
RAM              0x0000000020000000 0x0000000000010000 xrw
*default*        0x0000000000000000 0xffffffffffffffff

Linker script and memory map


.text           0x0000000000000000    0x2f2f8
 *(.isr_vector)
 .isr_vector    0x0000000000000000      0x200 libnrf-sdk.a(gcc_startup_nrf52.S.o)
                0x0000000000000000                __isr_vector
 *(.text*)
 .text          0x0000000000000200       0x40 /opt/gcc-arm-none-eabi-10.3-2021.10/bin/../lib/gcc/arm-none-eabi/10.3.1/thumb/v7e-m+fp/hard/crtbegin.o
 .text          0x0000000000000240       0x7c /opt/gcc-arm-none-eabi-10.3-2021.10/bin/../lib/gcc/arm-none-eabi/10.3.1/../../../../arm-none-eabi/lib/thumb/v7e-m+fp/hard/crt0.o
                0x0000000000000240                _stack_init
                0x0000000000000248                _mainCRTStartup
                0x0000000000000248                _start
 .text.prvInsertBlockIntoFreeList
                0x00000000000002bc       0x48 CMakeFiles/pinetime-recovery-loader.dir/FreeRTOS/heap_4_infinitime.c.o
 .text.pvPortMalloc
                0x0000000000000304       0xfc CMakeFiles/pinetime-recovery-loader.dir/FreeRTOS/heap_4_infinitime.c.o
                0x0000000000000304                pvPortMalloc
 .text.vPortFree
                0x0000000000000400       0x4c CMakeFiles/pinetime-recovery-loader.dir/FreeRTOS/heap_4_infinitime.c.o
                0x0000000000000400                vPortFree
 .text.vPortStartFirstTask
                0x000000000000044c       0x1c CMakeFiles/pinetime-recovery-loader.dir/FreeRTOS/port.c.o
                0x000000000000044c                vPortStartFirstTask
 .text.SVC_Handler
                0x0000000000000468       0x20 CMakeFiles/pinetime-recovery-loader.dir/FreeRTOS/port.c.o
                0x0000000000000468                SVC_Handler
 .text.PendSV_Handler
                0x0000000000000488       0x60 CMakeFiles/pinetime-recovery-loader.dir/FreeRTOS/port.c.o
                0x0000000000000488                PendSV_Handler
 .text.RTC1_IRQHandler
                0x00000000000004e8       0x70 CMakeFiles/pinetime-recovery-loader.dir/FreeRTOS/port_cmsis_systick.c.o
                0x00000000000004e8                RTC1_IRQHandler
 .text.vPortSetupTimerInterrupt
                0x0000000000000558       0x38 CMakeFiles/pinetime-recovery-loader.dir/FreeRTOS/port_cmsis_systick.c.o
                0x0000000000000558                vPortSetupTimerInterrupt
 .text.vPortSuppressTicksAndSleep
                0x0000000000000590       0xc4 CMakeFiles/pinetime-recovery-loader.dir/FreeRTOS/port_cmsis_systick.c.o
                0x0000000000000590                vPortSuppressTicksAndSleep
 .text.prvTaskExitError
                0x0000000000000654        0x4 CMakeFiles/pinetime-recovery-loader.dir/FreeRTOS/port_cmsis.c.o
 .text.pxPortInitialiseStack
                0x0000000000000658       0x24 CMakeFiles/pinetime-recovery-loader.dir/FreeRTOS/port_cmsis.c.o
                0x0000000000000658                pxPortInitialiseStack
 .text.xPortStartScheduler
                0x000000000000067c       0x48 CMakeFiles/pinetime-recovery-loader.dir/FreeRTOS/port_cmsis.c.o
                0x000000000000067c                xPortStartScheduler
 .text.vPortEnterCritical
                0x00000000000006c4       0x10 CMakeFiles/pinetime-recovery-loader.dir/FreeRTOS/port_cmsis.c.o
                0x00000000000006c4                vPortEnterCritical
 .text.vPortExitCritical
                0x00000000000006d4       0x14 CMakeFiles/pinetime-recovery-loader.dir/FreeRTOS/port_cmsis.c.o
                0x00000000000006d4                vPortExitCritical
 .text.ulSetInterruptMaskFromISR
                0x00000000000006e8        0x8 CMakeFiles/pinetime-recovery-loader.dir/FreeRTOS/port_cmsis.c.o
                0x00000000000006e8                ulSetInterruptMaskFromISR
 .text.vClearInterruptMaskFromISR
                0x00000000000006f0        0x6 CMakeFiles/pinetime-recovery-loader.dir/FreeRTOS/port_cmsis.c.o
                0x00000000000006f0                vClearInterruptMaskFromISR
 .text._ZN8Pinetime7Drivers11SpiNorFlashC2ERNS0_3SpiE
                0x00000000000006f6        0xc CMakeFiles/pinetime-recovery-loader.dir/drivers/SpiNorFlash.cpp.o
                0x00000000000006f6                Pinetime::Drivers::SpiNorFlash::SpiNorFlash(Pinetime::Drivers::Spi&)
                0x00000000000006f6                Pinetime::Drivers::SpiNorFlash::SpiNorFlash(Pinetime::Drivers::Spi&)
 .text._ZN8Pinetime7Drivers11SpiNorFlash17ReadIdentificaionEv
                0x0000000000000702       0x48 CMakeFiles/pinetime-recovery-loader.dir/drivers/SpiNorFlash.cpp.o
                0x0000000000000702                Pinetime::Drivers::SpiNorFlash::ReadIdentificaion()
 .text._ZN8Pinetime7Drivers11SpiNorFlash4InitEv
                0x000000000000074a       0x18 CMakeFiles/pinetime-recovery-loader.dir/drivers/SpiNorFlash.cpp.o
                0x000000000000074a                Pinetime::Drivers::SpiNorFlash::Init()
 *fill*         0x0000000000000762        0x2 
 .text._ZN8Pinetime7Drivers11SpiNorFlash6WakeupEv
                0x0000000000000764       0x3c CMakeFiles/pinetime-recovery-loader.dir/drivers/SpiNorFlash.cpp.o
                0x0000000000000764                Pinetime::Drivers::SpiNorFlash::Wakeup()
 .text._ZN8Pinetime7Drivers11SpiNorFlash18ReadStatusRegisterEv
                0x00000000000007a0       0x24 CMakeFiles/pinetime-recovery-loader.dir/drivers/SpiNorFlash.cpp.o
                0x00000000000007a0                Pinetime::Drivers::SpiNorFlash::ReadStatusRegister()
 .text._ZN8Pinetime7Drivers11SpiNorFlash15WriteInProgressEv
                0x00000000000007c4        0xc CMakeFiles/pinetime-recovery-loader.dir/drivers/SpiNorFlash.cpp.o
                0x00000000000007c4                Pinetime::Drivers::SpiNorFlash::WriteInProgress()
 .text._ZN8Pinetime7Drivers11SpiNorFlash12WriteEnabledEv
                0x00000000000007d0        0xc CMakeFiles/pinetime-recovery-loader.dir/drivers/SpiNorFlash.cpp.o
                0x00000000000007d0                Pinetime::Drivers::SpiNorFlash::WriteEnabled()
 .text._ZN8Pinetime7Drivers11SpiNorFlash11WriteEnableEv
                0x00000000000007dc       0x1e CMakeFiles/pinetime-recovery-loader.dir/drivers/SpiNorFlash.cpp.o
                0x00000000000007dc                Pinetime::Drivers::SpiNorFlash::WriteEnable()
 .text._ZN8Pinetime7Drivers11SpiNorFlash11SectorEraseEm
                0x00000000000007fa       0x50 CMakeFiles/pinetime-recovery-loader.dir/drivers/SpiNorFlash.cpp.o
                0x00000000000007fa                Pinetime::Drivers::SpiNorFlash::SectorErase(unsigned long)
 .text._ZN8Pinetime7Drivers11SpiNorFlash5WriteEmPKhj
                0x000000000000084a       0x7c CMakeFiles/pinetime-recovery-loader.dir/drivers/SpiNorFlash.cpp.o
                0x000000000000084a                Pinetime::Drivers::SpiNorFlash::Write(unsigned long, unsigned char const*, unsigned int)
 .text._ZN8Pinetime7Drivers9SpiMasterC2ENS1_9SpiModuleERKNS1_10ParametersE
                0x00000000000008c6       0x16 CMakeFiles/pinetime-recovery-loader.dir/drivers/SpiMaster.cpp.o
                0x00000000000008c6                Pinetime::Drivers::SpiMaster::SpiMaster(Pinetime::Drivers::SpiMaster::SpiModule, Pinetime::Drivers::SpiMaster::Parameters const&)
                0x00000000000008c6                Pinetime::Drivers::SpiMaster::SpiMaster(Pinetime::Drivers::SpiMaster::SpiModule, Pinetime::Drivers::SpiMaster::Parameters const&)
 .text._ZN8Pinetime7Drivers9SpiMaster4InitEv
                0x00000000000008dc      0x110 CMakeFiles/pinetime-recovery-loader.dir/drivers/SpiMaster.cpp.o
                0x00000000000008dc                Pinetime::Drivers::SpiMaster::Init()
 .text._ZN8Pinetime7Drivers9SpiMaster25SetupWorkaroundForFtpan58EP13NRF_SPIM_Typemm
                0x00000000000009ec       0x6c CMakeFiles/pinetime-recovery-loader.dir/drivers/SpiMaster.cpp.o
                0x00000000000009ec                Pinetime::Drivers::SpiMaster::SetupWorkaroundForFtpan58(NRF_SPIM_Type*, unsigned long, unsigned long)
 .text._ZN8Pinetime7Drivers9SpiMaster27DisableWorkaroundForFtpan58EP13NRF_SPIM_Typemm
                0x0000000000000a58       0x4c CMakeFiles/pinetime-recovery-loader.dir/drivers/SpiMaster.cpp.o
                0x0000000000000a58                Pinetime::Drivers::SpiMaster::DisableWorkaroundForFtpan58(NRF_SPIM_Type*, unsigned long, unsigned long)
 .text._ZN8Pinetime7Drivers9SpiMaster14OnStartedEventEv
                0x0000000000000aa4        0x2 CMakeFiles/pinetime-recovery-loader.dir/drivers/SpiMaster.cpp.o
                0x0000000000000aa4                Pinetime::Drivers::SpiMaster::OnStartedEvent()
 .text._ZN8Pinetime7Drivers9SpiMaster9PrepareTxEmj
                0x0000000000000aa6       0x2e CMakeFiles/pinetime-recovery-loader.dir/drivers/SpiMaster.cpp.o
                0x0000000000000aa6                Pinetime::Drivers::SpiMaster::PrepareTx(unsigned long, unsigned int)
 .text._ZN8Pinetime7Drivers9SpiMaster10OnEndEventEv
                0x0000000000000ad4       0x68 CMakeFiles/pinetime-recovery-loader.dir/drivers/SpiMaster.cpp.o
                0x0000000000000ad4                Pinetime::Drivers::SpiMaster::OnEndEvent()
 .text._ZN8Pinetime7Drivers9SpiMaster9PrepareRxEmj
                0x0000000000000b3c       0x30 CMakeFiles/pinetime-recovery-loader.dir/drivers/SpiMaster.cpp.o
                0x0000000000000b3c                Pinetime::Drivers::SpiMaster::PrepareRx(unsigned long, unsigned int)
 .text._ZN8Pinetime7Drivers9SpiMaster5WriteEhPKhjRKSt8functionIFvvEE
                0x0000000000000b6c       0xb6 CMakeFiles/pinetime-recovery-loader.dir/drivers/SpiMaster.cpp.o
                0x0000000000000b6c                Pinetime::Drivers::SpiMaster::Write(unsigned char, unsigned char const*, unsigned int, std::function<void ()> const&)
 .text._ZN8Pinetime7Drivers9SpiMaster4ReadEhPhjS2_j
                0x0000000000000c22       0xa8 CMakeFiles/pinetime-recovery-loader.dir/drivers/SpiMaster.cpp.o
                0x0000000000000c22                Pinetime::Drivers::SpiMaster::Read(unsigned char, unsigned char*, unsigned int, unsigned char*, unsigned int)
 .text._ZN8Pinetime7Drivers9SpiMaster17WriteCmdAndBufferEhPKhjS3_j
                0x0000000000000cca       0xa8 CMakeFiles/pinetime-recovery-loader.dir/drivers/SpiMaster.cpp.o
                0x0000000000000cca                Pinetime::Drivers::SpiMaster::WriteCmdAndBuffer(unsigned char, unsigned char const*, unsigned int, unsigned char const*, unsigned int)
 .text._ZN8Pinetime7Drivers3SpiC2ERNS0_9SpiMasterEh
                0x0000000000000d72       0x20 CMakeFiles/pinetime-recovery-loader.dir/drivers/Spi.cpp.o
                0x0000000000000d72                Pinetime::Drivers::Spi::Spi(Pinetime::Drivers::SpiMaster&, unsigned char)
                0x0000000000000d72                Pinetime::Drivers::Spi::Spi(Pinetime::Drivers::SpiMaster&, unsigned char)
 .text._ZN8Pinetime7Drivers3Spi5WriteEPKhjRKSt8functionIFvvEE
                0x0000000000000d92       0x16 CMakeFiles/pinetime-recovery-loader.dir/drivers/Spi.cpp.o
                0x0000000000000d92                Pinetime::Drivers::Spi::Write(unsigned char const*, unsigned int, std::function<void ()> const&)
 .text._ZN8Pinetime7Drivers3Spi4ReadEPhjS2_j
                0x0000000000000da8       0x18 CMakeFiles/pinetime-recovery-loader.dir/drivers/Spi.cpp.o
                0x0000000000000da8                Pinetime::Drivers::Spi::Read(unsigned char*, unsigned int, unsigned char*, unsigned int)
 .text._ZN8Pinetime7Drivers3Spi17WriteCmdAndBufferEPKhjS3_j
                0x0000000000000dc0       0x18 CMakeFiles/pinetime-recovery-loader.dir/drivers/Spi.cpp.o
                0x0000000000000dc0                Pinetime::Drivers::Spi::WriteCmdAndBuffer(unsigned char const*, unsigned int, unsigned char const*, unsigned int)
 .text._ZN8Pinetime5Tools10RleDecoderC2EPKhj
                0x0000000000000dd8       0x18 CMakeFiles/pinetime-recovery-loader.dir/components/rle/RleDecoder.cpp.o
                0x0000000000000dd8                Pinetime::Tools::RleDecoder::RleDecoder(unsigned char const*, unsigned int)
                0x0000000000000dd8                Pinetime::Tools::RleDecoder::RleDecoder(unsigned char const*, unsigned int)
 .text._ZN8Pinetime5Tools10RleDecoder10DecodeNextEPhj
                0x0000000000000df0       0x5c CMakeFiles/pinetime-recovery-loader.dir/components/rle/RleDecoder.cpp.o
                0x0000000000000df0                Pinetime::Tools::RleDecoder::DecodeNext(unsigned char*, unsigned int)
 .text._ZNSt17_Function_handlerIFvvEZN8Pinetime7Drivers6St778912WriteCommandEPKhjEUlvE_E10_M_managerERSt9_Any_dataRKS8_St18_Manager_operation
                0x0000000000000e4c       0x14 CMakeFiles/pinetime-recovery-loader.dir/drivers/St7789.cpp.o
 .text._ZNSt17_Function_handlerIFvvEZN8Pinetime7Drivers6St77899WriteDataEPKhjEUlvE_E10_M_managerERSt9_Any_dataRKS8_St18_Manager_operation
                0x0000000000000e60       0x14 CMakeFiles/pinetime-recovery-loader.dir/drivers/St7789.cpp.o
 .text._ZNSt17_Function_handlerIFvvEZN8Pinetime7Drivers6St778912WriteCommandEPKhjEUlvE_E9_M_invokeERKSt9_Any_data
                0x0000000000000e74       0x10 CMakeFiles/pinetime-recovery-loader.dir/drivers/St7789.cpp.o
 .text._ZNSt17_Function_handlerIFvvEZN8Pinetime7Drivers6St77899WriteDataEPKhjEUlvE_E9_M_invokeERKSt9_Any_data
                0x0000000000000e84       0x10 CMakeFiles/pinetime-recovery-loader.dir/drivers/St7789.cpp.o
 .text._ZNSt14_Function_baseD2Ev
                0x0000000000000e94       0x12 CMakeFiles/pinetime-recovery-loader.dir/drivers/St7789.cpp.o
                0x0000000000000e94                std::_Function_base::~_Function_base()
                0x0000000000000e94                std::_Function_base::~_Function_base()
 .text._ZN8Pinetime7Drivers6St7789C2ERNS0_3SpiEhh
                0x0000000000000ea6        0xe CMakeFiles/pinetime-recovery-loader.dir/drivers/St7789.cpp.o
                0x0000000000000ea6                Pinetime::Drivers::St7789::St7789(Pinetime::Drivers::Spi&, unsigned char, unsigned char)
                0x0000000000000ea6                Pinetime::Drivers::St7789::St7789(Pinetime::Drivers::Spi&, unsigned char, unsigned char)
 .text._ZN8Pinetime7Drivers6St77898WriteSpiEPKhjRKSt8functionIFvvEE
                0x0000000000000eb4        0x6 CMakeFiles/pinetime-recovery-loader.dir/drivers/St7789.cpp.o
                0x0000000000000eb4                Pinetime::Drivers::St7789::WriteSpi(unsigned char const*, unsigned int, std::function<void ()> const&)
 *fill*         0x0000000000000eba        0x2 
 .text._ZN8Pinetime7Drivers6St77899WriteDataEPKhj
                0x0000000000000ebc       0x2c CMakeFiles/pinetime-recovery-loader.dir/drivers/St7789.cpp.o
                0x0000000000000ebc                Pinetime::Drivers::St7789::WriteData(unsigned char const*, unsigned int)
 .text._ZN8Pinetime7Drivers6St77899WriteDataEh
                0x0000000000000ee8       0x16 CMakeFiles/pinetime-recovery-loader.dir/drivers/St7789.cpp.o
                0x0000000000000ee8                Pinetime::Drivers::St7789::WriteData(unsigned char)
 *fill*         0x0000000000000efe        0x2 
 .text._ZN8Pinetime7Drivers6St778912WriteCommandEPKhj
                0x0000000000000f00       0x2c CMakeFiles/pinetime-recovery-loader.dir/drivers/St7789.cpp.o
                0x0000000000000f00                Pinetime::Drivers::St7789::WriteCommand(unsigned char const*, unsigned int)
 .text._ZN8Pinetime7Drivers6St778912WriteCommandEh
                0x0000000000000f2c       0x16 CMakeFiles/pinetime-recovery-loader.dir/drivers/St7789.cpp.o
                0x0000000000000f2c                Pinetime::Drivers::St7789::WriteCommand(unsigned char)
 .text._ZN8Pinetime7Drivers6St77898SleepOutEv
                0x0000000000000f42       0x20 CMakeFiles/pinetime-recovery-loader.dir/drivers/St7789.cpp.o
                0x0000000000000f42                Pinetime::Drivers::St7789::SleepOut()
 .text._ZN8Pinetime7Drivers6St778923EnsureSleepOutPostDelayEv
                0x0000000000000f62       0x1e CMakeFiles/pinetime-recovery-loader.dir/drivers/St7789.cpp.o
                0x0000000000000f62                Pinetime::Drivers::St7789::EnsureSleepOutPostDelay()
 .text._ZN8Pinetime7Drivers6St778913SoftwareResetEv
                0x0000000000000f80       0x24 CMakeFiles/pinetime-recovery-loader.dir/drivers/St7789.cpp.o
                0x0000000000000f80                Pinetime::Drivers::St7789::SoftwareReset()
 .text._ZN8Pinetime7Drivers6St77896ColModEv
                0x0000000000000fa4       0x16 CMakeFiles/pinetime-recovery-loader.dir/drivers/St7789.cpp.o
                0x0000000000000fa4                Pinetime::Drivers::St7789::ColMod()
 .text._ZN8Pinetime7Drivers6St778923MemoryDataAccessControlEv
                0x0000000000000fba       0x16 CMakeFiles/pinetime-recovery-loader.dir/drivers/St7789.cpp.o
                0x0000000000000fba                Pinetime::Drivers::St7789::MemoryDataAccessControl()
 .text._ZN8Pinetime7Drivers6St778916ColumnAddressSetEv
                0x0000000000000fd0       0x2e CMakeFiles/pinetime-recovery-loader.dir/drivers/St7789.cpp.o
                0x0000000000000fd0                Pinetime::Drivers::St7789::ColumnAddressSet()
 .text._ZN8Pinetime7Drivers6St778913RowAddressSetEv
                0x0000000000000ffe       0x2e CMakeFiles/pinetime-recovery-loader.dir/drivers/St7789.cpp.o
                0x0000000000000ffe                Pinetime::Drivers::St7789::RowAddressSet()
 .text._ZN8Pinetime7Drivers6St778918DisplayInversionOnEv
                0x000000000000102c        0x6 CMakeFiles/pinetime-recovery-loader.dir/drivers/St7789.cpp.o
                0x000000000000102c                Pinetime::Drivers::St7789::DisplayInversionOn()
 .text._ZN8Pinetime7Drivers6St778912NormalModeOnEv
                0x0000000000001032        0x6 CMakeFiles/pinetime-recovery-loader.dir/drivers/St7789.cpp.o
                0x0000000000001032                Pinetime::Drivers::St7789::NormalModeOn()
 .text._ZN8Pinetime7Drivers6St77899DisplayOnEv
                0x0000000000001038        0x6 CMakeFiles/pinetime-recovery-loader.dir/drivers/St7789.cpp.o
                0x0000000000001038                Pinetime::Drivers::St7789::DisplayOn()
 .text._ZN8Pinetime7Drivers6St778913SetAddrWindowEtttt
                0x000000000000103e       0x66 CMakeFiles/pinetime-recovery-loader.dir/drivers/St7789.cpp.o
                0x000000000000103e                Pinetime::Drivers::St7789::SetAddrWindow(unsigned short, unsigned short, unsigned short, unsigned short)
 .text._ZN8Pinetime7Drivers6St778910WriteToRamEPKhj
                0x00000000000010a4       0x1e CMakeFiles/pinetime-recovery-loader.dir/drivers/St7789.cpp.o
                0x00000000000010a4                Pinetime::Drivers::St7789::WriteToRam(unsigned char const*, unsigned int)
 .text._ZN8Pinetime7Drivers6St77896SetVdvEv
                0x00000000000010c2       0x16 CMakeFiles/pinetime-recovery-loader.dir/drivers/St7789.cpp.o
                0x00000000000010c2                Pinetime::Drivers::St7789::SetVdv()
 .text._ZN8Pinetime7Drivers6St778910DrawBufferEttttPKhj
                0x00000000000010d8       0x2e CMakeFiles/pinetime-recovery-loader.dir/drivers/St7789.cpp.o
                0x00000000000010d8                Pinetime::Drivers::St7789::DrawBuffer(unsigned short, unsigned short, unsigned short, unsigned short, unsigned char const*, unsigned int)
 .text._ZN8Pinetime7Drivers6St778913HardwareResetEv
                0x0000000000001106       0x36 CMakeFiles/pinetime-recovery-loader.dir/drivers/St7789.cpp.o
                0x0000000000001106                Pinetime::Drivers::St7789::HardwareReset()
 .text._ZN8Pinetime7Drivers6St77894InitEv
                0x000000000000113c       0x6c CMakeFiles/pinetime-recovery-loader.dir/drivers/St7789.cpp.o
                0x000000000000113c                Pinetime::Drivers::St7789::Init()
 .text._ZN8Pinetime11Controllers20BrightnessController3SetENS1_6LevelsE
                0x00000000000011a8       0x58 CMakeFiles/pinetime-recovery-loader.dir/components/brightness/BrightnessController.cpp.o
                0x00000000000011a8                Pinetime::Controllers::BrightnessController::Set(Pinetime::Controllers::BrightnessController::Levels)
 .text._ZN8Pinetime11Controllers20BrightnessController4InitEv
                0x0000000000001200       0x18 CMakeFiles/pinetime-recovery-loader.dir/components/brightness/BrightnessController.cpp.o
                0x0000000000001200                Pinetime::Controllers::BrightnessController::Init()
 .text.SPIM0_SPIS0_TWIM0_TWIS0_SPI0_TWI0_IRQHandler
                0x0000000000001218       0x60 CMakeFiles/pinetime-recovery-loader.dir/recoveryLoader.cpp.o
                0x0000000000001218                SPIM0_SPIS0_TWIM0_TWIS0_SPI0_TWI0_IRQHandler
 .text._Z11DisplayLogov
                0x0000000000001278       0x50 CMakeFiles/pinetime-recovery-loader.dir/recoveryLoader.cpp.o
                0x0000000000001278                DisplayLogo()
 .text._Z18DisplayProgressBarht
                0x00000000000012c8       0x80 CMakeFiles/pinetime-recovery-loader.dir/recoveryLoader.cpp.o
                0x00000000000012c8                DisplayProgressBar(unsigned char, unsigned short)
 .text._Z7ProcessPv
                0x0000000000001348       0xe8 CMakeFiles/pinetime-recovery-loader.dir/recoveryLoader.cpp.o
                0x0000000000001348                Process(void*)
 .text.vApplicationMallocFailedHook
                0x0000000000001430       0x10 CMakeFiles/pinetime-recovery-loader.dir/recoveryLoader.cpp.o
                0x0000000000001430                vApplicationMallocFailedHook
 .text.vApplicationStackOverflowHook
                0x0000000000001440       0x10 CMakeFiles/pinetime-recovery-loader.dir/recoveryLoader.cpp.o
                0x0000000000001440                vApplicationStackOverflowHook
 .text.startup.main
                0x0000000000001450       0x48 CMakeFiles/pinetime-recovery-loader.dir/recoveryLoader.cpp.o
                0x0000000000001450                main
 .text.startup._GLOBAL__sub_I_logger
                0x0000000000001498       0x64 CMakeFiles/pinetime-recovery-loader.dir/recoveryLoader.cpp.o
 .text          0x00000000000014fc       0x3c libnrf-sdk.a(gcc_startup_nrf52.S.o)
                0x00000000000014fc                Reset_Handler
                0x0000000000001524                NMI_Handler
                0x0000000000001526                HardFault_Handler
                0x0000000000001528                MemoryManagement_Handler
                0x000000000000152a                BusFault_Handler
                0x000000000000152c                UsageFault_Handler
                0x0000000000001530                DebugMon_Handler
                0x0000000000001534                SysTick_Handler
                0x0000000000001536                TIMER2_IRQHandler
                0x0000000000001536                RTC0_IRQHandler
                0x0000000000001536                SWI0_EGU0_IRQHandler
                0x0000000000001536                SWI2_EGU2_IRQHandler
                0x0000000000001536                PWM1_IRQHandler
                0x0000000000001536                RADIO_IRQHandler
                0x0000000000001536                PDM_IRQHandler
                0x0000000000001536                TEMP_IRQHandler
                0x0000000000001536                QDEC_IRQHandler
                0x0000000000001536                TIMER3_IRQHandler
                0x0000000000001536                FPU_IRQHandler
                0x0000000000001536                UARTE0_UART0_IRQHandler
                0x0000000000001536                TIMER4_IRQHandler
                0x0000000000001536                I2S_IRQHandler
                0x0000000000001536                SWI4_EGU4_IRQHandler
                0x0000000000001536                TIMER0_IRQHandler
                0x0000000000001536                TIMER1_IRQHandler
                0x0000000000001536                PWM2_IRQHandler
                0x0000000000001536                ECB_IRQHandler
                0x0000000000001536                SPIM1_SPIS1_TWIM1_TWIS1_SPI1_TWI1_IRQHandler
                0x0000000000001536                Default_Handler
                0x0000000000001536                SAADC_IRQHandler
                0x0000000000001536                CCM_AAR_IRQHandler
                0x0000000000001536                WDT_IRQHandler
                0x0000000000001536                SWI5_EGU5_IRQHandler
                0x0000000000001536                RNG_IRQHandler
                0x0000000000001536                RTC2_IRQHandler
                0x0000000000001536                PWM0_IRQHandler
                0x0000000000001536                SWI3_EGU3_IRQHandler
                0x0000000000001536                SWI1_EGU1_IRQHandler
                0x0000000000001536                SPIM2_SPIS2_SPI2_IRQHandler
                0x0000000000001536                NFCT_IRQHandler
                0x0000000000001536                MWU_IRQHandler
                0x0000000000001536                COMP_LPCOMP_IRQHandler
 .text.clock_irq_handler
                0x0000000000001538       0x44 libnrf-sdk.a(nrf_drv_clock.c.o)
 .text.nrf_drv_clock_init
                0x000000000000157c       0x38 libnrf-sdk.a(nrf_drv_clock.c.o)
                0x000000000000157c                nrf_drv_clock_init
 .text.nrf_drv_clock_lfclk_request
                0x00000000000015b4       0x5c libnrf-sdk.a(nrf_drv_clock.c.o)
                0x00000000000015b4                nrf_drv_clock_lfclk_request
 .text.nrfx_clock_init
                0x0000000000001610       0x18 libnrf-sdk.a(nrfx_clock.c.o)
                0x0000000000001610                nrfx_clock_init
 .text.nrfx_clock_enable
                0x0000000000001628       0x24 libnrf-sdk.a(nrfx_clock.c.o)
                0x0000000000001628                nrfx_clock_enable
 .text.nrfx_clock_lfclk_start
                0x000000000000164c       0x60 libnrf-sdk.a(nrfx_clock.c.o)
                0x000000000000164c                nrfx_clock_lfclk_start
 .text.POWER_CLOCK_IRQHandler
                0x00000000000016ac       0x70 libnrf-sdk.a(nrfx_clock.c.o)
                0x00000000000016ac                POWER_CLOCK_IRQHandler
 .text.xQueueGenericCreate
                0x000000000000171c       0x7c libnrf-sdk.a(queue.c.o)
                0x000000000000171c                xQueueGenericCreate
 .text.xQueueGenericSend
                0x0000000000001798      0x350 libnrf-sdk.a(queue.c.o)
                0x0000000000001798                xQueueGenericSend
 .text.xQueueGiveFromISR
                0x0000000000001ae8       0x60 libnrf-sdk.a(queue.c.o)
                0x0000000000001ae8                xQueueGiveFromISR
 .text.xQueueReceive
                0x0000000000001b48      0x2a4 libnrf-sdk.a(queue.c.o)
                0x0000000000001b48                xQueueReceive
 .text.xQueueSemaphoreTake
                0x0000000000001dec      0x2f4 libnrf-sdk.a(queue.c.o)
                0x0000000000001dec                xQueueSemaphoreTake
 .text.vQueueAddToRegistry
                0x00000000000020e0       0x20 libnrf-sdk.a(queue.c.o)
                0x00000000000020e0                vQueueAddToRegistry
 .text.vQueueWaitForMessageRestricted
                0x0000000000002100       0xc8 libnrf-sdk.a(queue.c.o)
                0x0000000000002100                vQueueWaitForMessageRestricted
 .text.xTaskCreate
                0x00000000000021c8      0x1d8 libnrf-sdk.a(tasks.c.o)
                0x00000000000021c8                xTaskCreate
 .text.vTaskStartScheduler
                0x00000000000023a0      0x1c0 libnrf-sdk.a(tasks.c.o)
                0x00000000000023a0                vTaskStartScheduler
 .text.vTaskSuspendAll
                0x0000000000002560       0x10 libnrf-sdk.a(tasks.c.o)
                0x0000000000002560                vTaskSuspendAll
 .text.xTaskGetTickCount
                0x0000000000002570        0xc libnrf-sdk.a(tasks.c.o)
                0x0000000000002570                xTaskGetTickCount
 .text.vTaskStepTick
                0x000000000000257c       0x10 libnrf-sdk.a(tasks.c.o)
                0x000000000000257c                vTaskStepTick
 .text.xTaskIncrementTick
                0x000000000000258c      0x134 libnrf-sdk.a(tasks.c.o)
                0x000000000000258c                xTaskIncrementTick
 .text.xTaskResumeAll
                0x00000000000026c0      0x12c libnrf-sdk.a(tasks.c.o)
                0x00000000000026c0                xTaskResumeAll
 .text.vTaskDelay
                0x00000000000027ec       0x9c libnrf-sdk.a(tasks.c.o)
                0x00000000000027ec                vTaskDelay
 .text.prvIdleTask
                0x0000000000002888      0x100 libnrf-sdk.a(tasks.c.o)
 .text.vTaskSwitchContext
                0x0000000000002988       0x70 libnrf-sdk.a(tasks.c.o)
                0x0000000000002988                vTaskSwitchContext
 .text.vTaskPlaceOnEventList
                0x00000000000029f8       0x90 libnrf-sdk.a(tasks.c.o)
                0x00000000000029f8                vTaskPlaceOnEventList
 .text.vTaskPlaceOnEventListRestricted
                0x0000000000002a88       0xa4 libnrf-sdk.a(tasks.c.o)
                0x0000000000002a88                vTaskPlaceOnEventListRestricted
 .text.xTaskRemoveFromEventList
                0x0000000000002b2c       0xa4 libnrf-sdk.a(tasks.c.o)
                0x0000000000002b2c                xTaskRemoveFromEventList
 .text.vTaskInternalSetTimeOutState
                0x0000000000002bd0       0x18 libnrf-sdk.a(tasks.c.o)
                0x0000000000002bd0                vTaskInternalSetTimeOutState
 .text.xTaskCheckForTimeOut
                0x0000000000002be8       0x68 libnrf-sdk.a(tasks.c.o)
                0x0000000000002be8                xTaskCheckForTimeOut
 .text.vTaskMissedYield
                0x0000000000002c50        0xc libnrf-sdk.a(tasks.c.o)
                0x0000000000002c50                vTaskMissedYield
 .text.eTaskConfirmSleepModeStatus
                0x0000000000002c5c       0x38 libnrf-sdk.a(tasks.c.o)
                0x0000000000002c5c                eTaskConfirmSleepModeStatus
 .text.xTaskGetSchedulerState
                0x0000000000002c94       0x20 libnrf-sdk.a(tasks.c.o)
                0x0000000000002c94                xTaskGetSchedulerState
 .text.xTaskPriorityInherit
                0x0000000000002cb4       0xb0 libnrf-sdk.a(tasks.c.o)
                0x0000000000002cb4                xTaskPriorityInherit
 .text.xTaskPriorityDisinherit
                0x0000000000002d64       0x84 libnrf-sdk.a(tasks.c.o)
                0x0000000000002d64                xTaskPriorityDisinherit
 .text.vTaskPriorityDisinheritAfterTimeout
                0x0000000000002de8       0xa4 libnrf-sdk.a(tasks.c.o)
                0x0000000000002de8                vTaskPriorityDisinheritAfterTimeout
 .text.pvTaskIncrementMutexHeldCount
                0x0000000000002e8c       0x18 libnrf-sdk.a(tasks.c.o)
                0x0000000000002e8c                pvTaskIncrementMutexHeldCount
 .text.prvSwitchTimerLists
                0x0000000000002ea4       0x88 libnrf-sdk.a(timers.c.o)
 .text.prvTimerTask
                0x0000000000002f2c      0x230 libnrf-sdk.a(timers.c.o)
 .text.xTimerCreateTimerTask
                0x000000000000315c       0x84 libnrf-sdk.a(timers.c.o)
                0x000000000000315c                xTimerCreateTimerTask
 .text.app_error_handler_bare
                0x00000000000031e0       0x20 libnrf-sdk.a(app_error.c.o)
                0x00000000000031e0                app_error_handler_bare
 .text.app_error_fault_handler
                0x0000000000003200       0x30 libnrf-sdk.a(app_error_weak.c.o)
                0x0000000000003200                app_error_fault_handler
 .text.app_util_critical_region_enter
                0x0000000000003230       0x10 libnrf-sdk.a(app_util_platform.c.o)
                0x0000000000003230                app_util_critical_region_enter
 .text.app_util_critical_region_exit
                0x0000000000003240       0x14 libnrf-sdk.a(app_util_platform.c.o)
                0x0000000000003240                app_util_critical_region_exit
 .text.app_gpiote_init
                0x0000000000003254       0x58 libnrf-sdk.a(app_gpiote.c.o)
                0x0000000000003254                app_gpiote_init
 .text.SystemInit
                0x00000000000032ac      0x3e8 libnrf-sdk.a(system_nrf52.c.o)
                0x00000000000032ac                SystemInit
 .text.nrfx_gpiote_init
                0x0000000000003694       0x90 libnrf-sdk.a(nrfx_gpiote.c.o)
                0x0000000000003694                nrfx_gpiote_init
 .text.nrfx_gpiote_is_init
                0x0000000000003724       0x14 libnrf-sdk.a(nrfx_gpiote.c.o)
                0x0000000000003724                nrfx_gpiote_is_init
 .text.GPIOTE_IRQHandler
                0x0000000000003738      0x4f0 libnrf-sdk.a(nrfx_gpiote.c.o)
                0x0000000000003738                GPIOTE_IRQHandler
 .text.vListInitialise
                0x0000000000003c28       0x18 libnrf-sdk.a(list.c.o)
                0x0000000000003c28                vListInitialise
 .text.vListInitialiseItem
                0x0000000000003c40        0x8 libnrf-sdk.a(list.c.o)
                0x0000000000003c40                vListInitialiseItem
 .text.vListInsertEnd
                0x0000000000003c48       0x18 libnrf-sdk.a(list.c.o)
                0x0000000000003c48                vListInsertEnd
 .text.vListInsert
                0x0000000000003c60       0x30 libnrf-sdk.a(list.c.o)
                0x0000000000003c60                vListInsert
 .text.uxListRemove
                0x0000000000003c90       0x24 libnrf-sdk.a(list.c.o)
                0x0000000000003c90                uxListRemove
 .text.exit     0x0000000000003cb4       0x28 /opt/gcc-arm-none-eabi-10.3-2021.10/bin/../lib/gcc/arm-none-eabi/10.3.1/../../../../arm-none-eabi/lib/thumb/v7e-m+fp/hard/libc_nano.a(lib_a-exit.o)
                0x0000000000003cb4                exit
 .text.__libc_init_array
                0x0000000000003cdc       0x48 /opt/gcc-arm-none-eabi-10.3-2021.10/bin/../lib/gcc/arm-none-eabi/10.3.1/../../../../arm-none-eabi/lib/thumb/v7e-m+fp/hard/libc_nano.a(lib_a-init.o)
                0x0000000000003cdc                __libc_init_array
 .text.memcpy   0x0000000000003d24       0x1c /opt/gcc-arm-none-eabi-10.3-2021.10/bin/../lib/gcc/arm-none-eabi/10.3.1/../../../../arm-none-eabi/lib/thumb/v7e-m+fp/hard/libc_nano.a(lib_a-memcpy-stub.o)
                0x0000000000003d24                memcpy
 .text.memset   0x0000000000003d40       0x10 /opt/gcc-arm-none-eabi-10.3-2021.10/bin/../lib/gcc/arm-none-eabi/10.3.1/../../../../arm-none-eabi/lib/thumb/v7e-m+fp/hard/libc_nano.a(lib_a-memset.o)
                0x0000000000003d40                memset
 .text._exit    0x0000000000003d50        0x4 /opt/gcc-arm-none-eabi-10.3-2021.10/bin/../lib/gcc/arm-none-eabi/10.3.1/../../../../arm-none-eabi/lib/thumb/v7e-m+fp/hard/libnosys.a(_exit.o)
                0x0000000000003d50                _exit
 *(.init)
 .init          0x0000000000003d54        0x4 /opt/gcc-arm-none-eabi-10.3-2021.10/bin/../lib/gcc/arm-none-eabi/10.3.1/thumb/v7e-m+fp/hard/crti.o
                0x0000000000003d54                _init
 .init          0x0000000000003d58        0x8 /opt/gcc-arm-none-eabi-10.3-2021.10/bin/../lib/gcc/arm-none-eabi/10.3.1/thumb/v7e-m+fp/hard/crtn.o
 *(.fini)
 .fini          0x0000000000003d60        0x4 /opt/gcc-arm-none-eabi-10.3-2021.10/bin/../lib/gcc/arm-none-eabi/10.3.1/thumb/v7e-m+fp/hard/crti.o
                0x0000000000003d60                _fini
 .fini          0x0000000000003d64        0x8 /opt/gcc-arm-none-eabi-10.3-2021.10/bin/../lib/gcc/arm-none-eabi/10.3.1/thumb/v7e-m+fp/hard/crtn.o
 *crtbegin.o(.ctors)
 *crtbegin?.o(.ctors)
 *(EXCLUDE_FILE(*crtend.o *crtend?.o) .ctors)
 *(SORT_BY_NAME(.ctors.*))
 *(.ctors)
 *crtbegin.o(.dtors)
 *crtbegin?.o(.dtors)
 *(EXCLUDE_FILE(*crtend.o *crtend?.o) .dtors)
 *(SORT_BY_NAME(.dtors.*))
 *(.dtors)
 *(.rodata*)
 .rodata.main.str1.1
                0x0000000000003d6c        0x5 CMakeFiles/pinetime-recovery-loader.dir/recoveryLoader.cpp.o
 .rodata        0x0000000000003d71        0x6 CMakeFiles/pinetime-recovery-loader.dir/recoveryLoader.cpp.o
 .rodata._ZL13infinitime_nb
                0x0000000000003d77      0x5a5 CMakeFiles/pinetime-recovery-loader.dir/recoveryLoader.cpp.o
 .rodata._ZL13recoveryImage
                0x000000000000431c    0x2afc4 CMakeFiles/pinetime-recovery-loader.dir/recoveryLoader.cpp.o
 .rodata.xTimerCreateTimerTask.str1.4
                0x000000000002f2e0       0x10 libnrf-sdk.a(timers.c.o)
 .rodata._global_impure_ptr
                0x000000000002f2f0        0x4 /opt/gcc-arm-none-eabi-10.3-2021.10/bin/../lib/gcc/arm-none-eabi/10.3.1/../../../../arm-none-eabi/lib/thumb/v7e-m+fp/hard/libc_nano.a(lib_a-impure.o)
                0x000000000002f2f0                _global_impure_ptr
 *(.eh_frame*)
 .eh_frame      0x000000000002f2f4        0x0 /opt/gcc-arm-none-eabi-10.3-2021.10/bin/../lib/gcc/arm-none-eabi/10.3.1/thumb/v7e-m+fp/hard/crtbegin.o
 .eh_frame      0x000000000002f2f4        0x4 /opt/gcc-arm-none-eabi-10.3-2021.10/bin/../lib/gcc/arm-none-eabi/10.3.1/thumb/v7e-m+fp/hard/crtend.o

.glue_7         0x000000000002f2f8        0x0
 .glue_7        0x000000000002f2f8        0x0 linker stubs

.glue_7t        0x000000000002f2f8        0x0
 .glue_7t       0x000000000002f2f8        0x0 linker stubs

.vfp11_veneer   0x000000000002f2f8        0x0
 .vfp11_veneer  0x000000000002f2f8        0x0 linker stubs

.v4_bx          0x000000000002f2f8        0x0
 .v4_bx         0x000000000002f2f8        0x0 linker stubs

.iplt           0x000000000002f2f8        0x0
 .iplt          0x000000000002f2f8        0x0 /opt/gcc-arm-none-eabi-10.3-2021.10/bin/../lib/gcc/arm-none-eabi/10.3.1/thumb/v7e-m+fp/hard/crtbegin.o

.mem_section_dummy_rom

.sdh_soc_observers
                0x000000000002f2f8        0x0
                [!provide]                        PROVIDE (__start_sdh_soc_observers = .)
 *(SORT_BY_NAME(.sdh_soc_observers*))
                [!provide]                        PROVIDE (__stop_sdh_soc_observers = .)

.sdh_ble_observers
                0x000000000002f2f8        0x0
                [!provide]                        PROVIDE (__start_sdh_ble_observers = .)
 *(SORT_BY_NAME(.sdh_ble_observers*))
                [!provide]                        PROVIDE (__stop_sdh_ble_observers = .)

.sdh_req_observers
                0x000000000002f2f8        0x0
                [!provide]                        PROVIDE (__start_sdh_req_observers = .)
 *(SORT_BY_NAME(.sdh_req_observers*))
                [!provide]                        PROVIDE (__stop_sdh_req_observers = .)

.sdh_state_observers
                0x000000000002f2f8        0x0
                [!provide]                        PROVIDE (__start_sdh_state_observers = .)
 *(SORT_BY_NAME(.sdh_state_observers*))
                [!provide]                        PROVIDE (__stop_sdh_state_observers = .)

.sdh_stack_observers
                0x000000000002f2f8        0x0
                [!provide]                        PROVIDE (__start_sdh_stack_observers = .)
 *(SORT_BY_NAME(.sdh_stack_observers*))
                [!provide]                        PROVIDE (__stop_sdh_stack_observers = .)

.nrf_queue      0x000000000002f2f8        0x0
                [!provide]                        PROVIDE (__start_nrf_queue = .)
 *(.nrf_queue)
                [!provide]                        PROVIDE (__stop_nrf_queue = .)

.nrf_balloc     0x000000000002f2f8        0x0
                [!provide]                        PROVIDE (__start_nrf_balloc = .)
 *(.nrf_balloc)
                [!provide]                        PROVIDE (__stop_nrf_balloc = .)

.cli_command    0x000000000002f2f8        0x0
                [!provide]                        PROVIDE (__start_cli_command = .)
 *(.cli_command)
                [!provide]                        PROVIDE (__stop_cli_command = .)

.crypto_data    0x000000000002f2f8        0x0
                [!provide]                        PROVIDE (__start_crypto_data = .)
 *(SORT_BY_NAME(.crypto_data*))
                [!provide]                        PROVIDE (__stop_crypto_data = .)

.pwr_mgmt_data  0x000000000002f2f8        0x0
                [!provide]                        PROVIDE (__start_pwr_mgmt_data = .)
 *(SORT_BY_NAME(.pwr_mgmt_data*))
                [!provide]                        PROVIDE (__stop_pwr_mgmt_data = .)

.log_const_data
                0x000000000002f2f8        0x0
                [!provide]                        PROVIDE (__start_log_const_data = .)
 *(SORT_BY_NAME(.log_const_data*))
                [!provide]                        PROVIDE (__stop_log_const_data = .)

.log_backends   0x000000000002f2f8        0x0
                [!provide]                        PROVIDE (__start_log_backends = .)
 *(SORT_BY_NAME(.log_backends*))
                [!provide]                        PROVIDE (__stop_log_backends = .)

.nrf_balloc     0x000000000002f2f8        0x0
                [!provide]                        PROVIDE (__start_nrf_balloc = .)
 *(.nrf_balloc)
                [!provide]                        PROVIDE (__stop_nrf_balloc = .)

.ARM.extab
 *(.ARM.extab* .gnu.linkonce.armextab.*)
                0x000000000002f2f8                __exidx_start = .

.ARM.exidx      0x000000000002f2f8        0x8
 *(.ARM.exidx* .gnu.linkonce.armexidx.*)
 .ARM.exidx     0x000000000002f2f8        0x8 /opt/gcc-arm-none-eabi-10.3-2021.10/bin/../lib/gcc/arm-none-eabi/10.3.1/../../../../arm-none-eabi/lib/thumb/v7e-m+fp/hard/crt0.o
                                         0x10 (size before relaxing)
                0x000000000002f300                __exidx_end = .
                0x000000000002f300                __etext = .

.rel.dyn        0x000000000002f300        0x0
 .rel.iplt      0x000000000002f300        0x0 /opt/gcc-arm-none-eabi-10.3-2021.10/bin/../lib/gcc/arm-none-eabi/10.3.1/thumb/v7e-m+fp/hard/crtbegin.o

.data           0x0000000020000000       0x74 load address 0x000000000002f300
                0x0000000020000000                __data_start__ = .
 *(vtable)
 *(.data*)
 .data.brightnessController
                0x0000000020000000        0x4 CMakeFiles/pinetime-recovery-loader.dir/recoveryLoader.cpp.o
                0x0000000020000000                brightnessController
 .data.SystemCoreClock
                0x0000000020000004        0x4 libnrf-sdk.a(system_nrf52.c.o)
                0x0000000020000004                SystemCoreClock
 .data.impure_data
                0x0000000020000008       0x60 /opt/gcc-arm-none-eabi-10.3-2021.10/bin/../lib/gcc/arm-none-eabi/10.3.1/../../../../arm-none-eabi/lib/thumb/v7e-m+fp/hard/libc_nano.a(lib_a-impure.o)
                0x0000000020000068                . = ALIGN (0x4)
                0x0000000020000068                PROVIDE (__preinit_array_start = .)
 *(.preinit_array)
                0x0000000020000068                PROVIDE (__preinit_array_end = .)
                0x0000000020000068                . = ALIGN (0x4)
                0x0000000020000068                PROVIDE (__init_array_start = .)
 *(SORT_BY_NAME(.init_array.*))
 *(.init_array)
 .init_array    0x0000000020000068        0x4 /opt/gcc-arm-none-eabi-10.3-2021.10/bin/../lib/gcc/arm-none-eabi/10.3.1/thumb/v7e-m+fp/hard/crtbegin.o
 .init_array    0x000000002000006c        0x4 CMakeFiles/pinetime-recovery-loader.dir/recoveryLoader.cpp.o
                0x0000000020000070                PROVIDE (__init_array_end = .)
                0x0000000020000070                . = ALIGN (0x4)
                [!provide]                        PROVIDE (__fini_array_start = .)
 *(SORT_BY_NAME(.fini_array.*))
 *(.fini_array)
 .fini_array    0x0000000020000070        0x4 /opt/gcc-arm-none-eabi-10.3-2021.10/bin/../lib/gcc/arm-none-eabi/10.3.1/thumb/v7e-m+fp/hard/crtbegin.o
                [!provide]                        PROVIDE (__fini_array_end = .)
 *(.jcr*)
                0x0000000020000074                . = ALIGN (0x4)
                0x0000000020000074                __data_end__ = .

.igot.plt       0x0000000020000074        0x0 load address 0x000000000002f374
 .igot.plt      0x0000000020000074        0x0 /opt/gcc-arm-none-eabi-10.3-2021.10/bin/../lib/gcc/arm-none-eabi/10.3.1/thumb/v7e-m+fp/hard/crtbegin.o
                0x0000000020000074                . = ALIGN (0x4)

.mem_section_dummy_ram

.cli_sorted_cmd_ptrs
                0x0000000020000074        0x0
                [!provide]                        PROVIDE (__start_cli_sorted_cmd_ptrs = .)
 *(.cli_sorted_cmd_ptrs)
                [!provide]                        PROVIDE (__stop_cli_sorted_cmd_ptrs = .)

.fs_data        0x0000000020000074        0x0
                [!provide]                        PROVIDE (__start_fs_data = .)
 *(.fs_data)
                [!provide]                        PROVIDE (__stop_fs_data = .)

.log_dynamic_data
                0x0000000020000074        0x0
                [!provide]                        PROVIDE (__start_log_dynamic_data = .)
 *(SORT_BY_NAME(.log_dynamic_data*))
                [!provide]                        PROVIDE (__stop_log_dynamic_data = .)

.log_filter_data
                0x0000000020000074        0x0
                [!provide]                        PROVIDE (__start_log_filter_data = .)
 *(SORT_BY_NAME(.log_filter_data*))
                [!provide]                        PROVIDE (__stop_log_filter_data = .)

.bss            0x0000000020000078     0xa444 load address 0x000000000002f378
                0x0000000020000078                . = ALIGN (0x4)
                0x0000000020000078                __bss_start__ = .
 *(.bss*)
 .bss           0x0000000020000078       0x1c /opt/gcc-arm-none-eabi-10.3-2021.10/bin/../lib/gcc/arm-none-eabi/10.3.1/thumb/v7e-m+fp/hard/crtbegin.o
 .bss.pxEnd     0x0000000020000094        0x4 CMakeFiles/pinetime-recovery-loader.dir/FreeRTOS/heap_4_infinitime.c.o
 .bss.ucHeap    0x0000000020000098     0xa000 CMakeFiles/pinetime-recovery-loader.dir/FreeRTOS/heap_4_infinitime.c.o
 .bss.xBlockAllocatedBit
                0x000000002000a098        0x4 CMakeFiles/pinetime-recovery-loader.dir/FreeRTOS/heap_4_infinitime.c.o
 .bss.xFreeBytesRemaining
                0x000000002000a09c        0x4 CMakeFiles/pinetime-recovery-loader.dir/FreeRTOS/heap_4_infinitime.c.o
 .bss.xMinimumEverFreeBytesRemaining
                0x000000002000a0a0        0x4 CMakeFiles/pinetime-recovery-loader.dir/FreeRTOS/heap_4_infinitime.c.o
 .bss.xStart    0x000000002000a0a4        0x8 CMakeFiles/pinetime-recovery-loader.dir/FreeRTOS/heap_4_infinitime.c.o
 .bss.uxCriticalNesting
                0x000000002000a0ac        0x4 CMakeFiles/pinetime-recovery-loader.dir/FreeRTOS/port_cmsis.c.o
 .bss._ZZ7ProcessPvE14app_gpiote_buf
                0x000000002000a0b0       0x30 CMakeFiles/pinetime-recovery-loader.dir/recoveryLoader.cpp.o
 .bss.displayBuffer
                0x000000002000a0e0      0x1e0 CMakeFiles/pinetime-recovery-loader.dir/recoveryLoader.cpp.o
                0x000000002000a0e0                displayBuffer
 .bss.flashSpi  0x000000002000a2c0        0x8 CMakeFiles/pinetime-recovery-loader.dir/recoveryLoader.cpp.o
                0x000000002000a2c0                flashSpi
 .bss.lcd       0x000000002000a2c8        0xc CMakeFiles/pinetime-recovery-loader.dir/recoveryLoader.cpp.o
                0x000000002000a2c8                lcd
 .bss.lcdSpi    0x000000002000a2d4        0x8 CMakeFiles/pinetime-recovery-loader.dir/recoveryLoader.cpp.o
                0x000000002000a2d4                lcdSpi
 .bss.mallocFailedCount
                0x000000002000a2dc        0x4 CMakeFiles/pinetime-recovery-loader.dir/recoveryLoader.cpp.o
                0x000000002000a2dc                mallocFailedCount
 .bss.spi       0x000000002000a2e0       0x1c CMakeFiles/pinetime-recovery-loader.dir/recoveryLoader.cpp.o
                0x000000002000a2e0                spi
 .bss.spiNorFlash
                0x000000002000a2fc        0x8 CMakeFiles/pinetime-recovery-loader.dir/recoveryLoader.cpp.o
                0x000000002000a2fc                spiNorFlash
 .bss.stackOverflowCount
                0x000000002000a304        0x4 CMakeFiles/pinetime-recovery-loader.dir/recoveryLoader.cpp.o
                0x000000002000a304                stackOverflowCount
 .bss.m_clock_cb
                0x000000002000a308       0x14 libnrf-sdk.a(nrf_drv_clock.c.o)
 .bss.m_clock_cb
                0x000000002000a31c        0x8 libnrf-sdk.a(nrfx_clock.c.o)
 *fill*         0x000000002000a324        0x4 
 .bss.xQueueRegistry
                0x000000002000a328       0x10 libnrf-sdk.a(queue.c.o)
                0x000000002000a328                xQueueRegistry
 .bss.pxCurrentTCB
                0x000000002000a338        0x4 libnrf-sdk.a(tasks.c.o)
                0x000000002000a338                pxCurrentTCB
 .bss.pxDelayedTaskList
                0x000000002000a33c        0x4 libnrf-sdk.a(tasks.c.o)
 .bss.pxOverflowDelayedTaskList
                0x000000002000a340        0x4 libnrf-sdk.a(tasks.c.o)
 .bss.pxReadyTasksLists
                0x000000002000a344       0x3c libnrf-sdk.a(tasks.c.o)
 .bss.uxCurrentNumberOfTasks
                0x000000002000a380        0x4 libnrf-sdk.a(tasks.c.o)
 .bss.uxDeletedTasksWaitingCleanUp
                0x000000002000a384        0x4 libnrf-sdk.a(tasks.c.o)
 .bss.uxPendedTicks
                0x000000002000a388        0x4 libnrf-sdk.a(tasks.c.o)
 .bss.uxSchedulerSuspended
                0x000000002000a38c        0x4 libnrf-sdk.a(tasks.c.o)
 .bss.uxTaskNumber
                0x000000002000a390        0x4 libnrf-sdk.a(tasks.c.o)
 .bss.uxTopReadyPriority
                0x000000002000a394        0x4 libnrf-sdk.a(tasks.c.o)
 .bss.xDelayedTaskList1
                0x000000002000a398       0x14 libnrf-sdk.a(tasks.c.o)
 .bss.xDelayedTaskList2
                0x000000002000a3ac       0x14 libnrf-sdk.a(tasks.c.o)
 .bss.xIdleTaskHandle
                0x000000002000a3c0        0x4 libnrf-sdk.a(tasks.c.o)
 .bss.xNextTaskUnblockTime
                0x000000002000a3c4        0x4 libnrf-sdk.a(tasks.c.o)
 .bss.xNumOfOverflows
                0x000000002000a3c8        0x4 libnrf-sdk.a(tasks.c.o)
 .bss.xPendingReadyList
                0x000000002000a3cc       0x14 libnrf-sdk.a(tasks.c.o)
 .bss.xSchedulerRunning
                0x000000002000a3e0        0x4 libnrf-sdk.a(tasks.c.o)
 .bss.xSuspendedTaskList
                0x000000002000a3e4       0x14 libnrf-sdk.a(tasks.c.o)
 .bss.xTasksWaitingTermination
                0x000000002000a3f8       0x14 libnrf-sdk.a(tasks.c.o)
 .bss.xTickCount
                0x000000002000a40c        0x4 libnrf-sdk.a(tasks.c.o)
 .bss.xYieldPending
                0x000000002000a410        0x4 libnrf-sdk.a(tasks.c.o)
 .bss.pxCurrentTimerList
                0x000000002000a414        0x4 libnrf-sdk.a(timers.c.o)
 .bss.pxOverflowTimerList
                0x000000002000a418        0x4 libnrf-sdk.a(timers.c.o)
 .bss.xActiveTimerList1
                0x000000002000a41c       0x14 libnrf-sdk.a(timers.c.o)
 .bss.xActiveTimerList2
                0x000000002000a430       0x14 libnrf-sdk.a(timers.c.o)
 .bss.xLastTime.0
                0x000000002000a444        0x4 libnrf-sdk.a(timers.c.o)
 .bss.xTimerQueue
                0x000000002000a448        0x4 libnrf-sdk.a(timers.c.o)
 .bss.xTimerTaskHandle
                0x000000002000a44c        0x4 libnrf-sdk.a(timers.c.o)
 .bss.m_in_critical_region
                0x000000002000a450        0x4 libnrf-sdk.a(app_util_platform.c.o)
 .bss.m_pins    0x000000002000a454        0x4 libnrf-sdk.a(app_gpiote.c.o)
 .bss.m_user_array_size
                0x000000002000a458        0x1 libnrf-sdk.a(app_gpiote.c.o)
 .bss.m_user_count
                0x000000002000a459        0x1 libnrf-sdk.a(app_gpiote.c.o)
 *fill*         0x000000002000a45a        0x2 
 .bss.mp_users  0x000000002000a45c        0x4 libnrf-sdk.a(app_gpiote.c.o)
 .bss.m_cb      0x000000002000a460       0x5c libnrf-sdk.a(nrfx_gpiote.c.o)
 *(COMMON)
                0x000000002000a4bc                . = ALIGN (0x4)
                0x000000002000a4bc                __bss_end__ = .
LOAD /opt/gcc-arm-none-eabi-10.3-2021.10/bin/../lib/gcc/arm-none-eabi/10.3.1/thumb/v7e-m+fp/hard/crti.o
LOAD /opt/gcc-arm-none-eabi-10.3-2021.10/bin/../lib/gcc/arm-none-eabi/10.3.1/thumb/v7e-m+fp/hard/crtbegin.o
LOAD /opt/gcc-arm-none-eabi-10.3-2021.10/bin/../lib/gcc/arm-none-eabi/10.3.1/../../../../arm-none-eabi/lib/thumb/v7e-m+fp/hard/crt0.o
LOAD /opt/gcc-arm-none-eabi-10.3-2021.10/bin/../lib/gcc/arm-none-eabi/10.3.1/../../../../arm-none-eabi/lib/thumb/v7e-m+fp/hard/libnosys.a
LOAD CMakeFiles/pinetime-recovery-loader.dir/stdlib.c.o
LOAD CMakeFiles/pinetime-recovery-loader.dir/FreeRTOS/heap_4_infinitime.c.o
LOAD CMakeFiles/pinetime-recovery-loader.dir/FreeRTOS/port.c.o
LOAD CMakeFiles/pinetime-recovery-loader.dir/FreeRTOS/port_cmsis_systick.c.o
LOAD CMakeFiles/pinetime-recovery-loader.dir/FreeRTOS/port_cmsis.c.o
LOAD CMakeFiles/pinetime-recovery-loader.dir/drivers/SpiNorFlash.cpp.o
LOAD CMakeFiles/pinetime-recovery-loader.dir/drivers/SpiMaster.cpp.o
LOAD CMakeFiles/pinetime-recovery-loader.dir/drivers/Spi.cpp.o
LOAD CMakeFiles/pinetime-recovery-loader.dir/logging/NrfLogger.cpp.o
LOAD CMakeFiles/pinetime-recovery-loader.dir/components/rle/RleDecoder.cpp.o
LOAD CMakeFiles/pinetime-recovery-loader.dir/drivers/St7789.cpp.o
LOAD CMakeFiles/pinetime-recovery-loader.dir/components/brightness/BrightnessController.cpp.o
LOAD CMakeFiles/pinetime-recovery-loader.dir/recoveryLoader.cpp.o
LOAD libnrf-sdk.a
LOAD displayapp/fonts/libinfinitime_fonts.a
LOAD /opt/gcc-arm-none-eabi-10.3-2021.10/bin/../lib/gcc/arm-none-eabi/10.3.1/../../../../arm-none-eabi/lib/thumb/v7e-m+fp/hard/libstdc++_nano.a
LOAD /opt/gcc-arm-none-eabi-10.3-2021.10/bin/../lib/gcc/arm-none-eabi/10.3.1/../../../../arm-none-eabi/lib/thumb/v7e-m+fp/hard/libm.a
LOAD /opt/gcc-arm-none-eabi-10.3-2021.10/bin/../lib/gcc/arm-none-eabi/10.3.1/../../../../arm-none-eabi/lib/thumb/v7e-m+fp/hard/libc_nano.a
START GROUP
LOAD /opt/gcc-arm-none-eabi-10.3-2021.10/bin/../lib/gcc/arm-none-eabi/10.3.1/thumb/v7e-m+fp/hard/libgcc.a
LOAD /opt/gcc-arm-none-eabi-10.3-2021.10/bin/../lib/gcc/arm-none-eabi/10.3.1/../../../../arm-none-eabi/lib/thumb/v7e-m+fp/hard/libc_nano.a
END GROUP
START GROUP
LOAD /opt/gcc-arm-none-eabi-10.3-2021.10/bin/../lib/gcc/arm-none-eabi/10.3.1/thumb/v7e-m+fp/hard/libgcc.a
LOAD /opt/gcc-arm-none-eabi-10.3-2021.10/bin/../lib/gcc/arm-none-eabi/10.3.1/../../../../arm-none-eabi/lib/thumb/v7e-m+fp/hard/libc_nano.a
END GROUP
LOAD /opt/gcc-arm-none-eabi-10.3-2021.10/bin/../lib/gcc/arm-none-eabi/10.3.1/thumb/v7e-m+fp/hard/crtend.o
LOAD /opt/gcc-arm-none-eabi-10.3-2021.10/bin/../lib/gcc/arm-none-eabi/10.3.1/thumb/v7e-m+fp/hard/crtn.o
START GROUP
LOAD /opt/gcc-arm-none-eabi-10.3-2021.10/bin/../lib/gcc/arm-none-eabi/10.3.1/thumb/v7e-m+fp/hard/libgcc.a
LOAD /opt/gcc-arm-none-eabi-10.3-2021.10/bin/../lib/gcc/arm-none-eabi/10.3.1/../../../../arm-none-eabi/lib/thumb/v7e-m+fp/hard/libc.a
LOAD /opt/gcc-arm-none-eabi-10.3-2021.10/bin/../lib/gcc/arm-none-eabi/10.3.1/../../../../arm-none-eabi/lib/thumb/v7e-m+fp/hard/libnosys.a
END GROUP
                0x0000000000008000                MCUBOOT_SIZE = 0x8000
                0x0000000000001000                SCRATCH_SIZE = 0x1000
                0x0000000000000028                TLV_SIZE = 0x28
                0x000000000007c000                SCRATCH_OFFSET = 0x7c000
                0x0000000000000020                MCUBOOT_APP_IMAGE_HEADER_SIZE = 0x20
                0x00000000000001b0                MCUBOOT_APP_IMAGE_TRAILER_SIZE = 0x1b0
                0x0000000000000000                APP_OFFSET = 0x0
                0x0000000000073e08                APP_SIZE = ((((SCRATCH_OFFSET - MCUBOOT_SIZE) - MCUBOOT_APP_IMAGE_HEADER_SIZE) - MCUBOOT_APP_IMAGE_TRAILER_SIZE) - TLV_SIZE)

.noinit         0x000000002000a4bc        0x0
                [!provide]                        PROVIDE (__start_noinit_data = .)
 *(.noinit)
                [!provide]                        PROVIDE (__stop_noinit_data = .)

.heap           0x000000002000a4c0        0x0
                0x000000002000a4c0                __HeapBase = .
                0x000000002000a4c0                __end__ = .
                [!provide]                        PROVIDE (end = .)
 *(.heap*)
 .heap          0x000000002000a4c0        0x0 libnrf-sdk.a(gcc_startup_nrf52.S.o)
                0x000000002000a4c0                __HeapLimit = .

.stack_dummy    0x000000002000a4c0      0x400
 *(.stack*)
 .stack         0x000000002000a4c0      0x400 libnrf-sdk.a(gcc_startup_nrf52.S.o)
                0x0000000020010000                __StackTop = (ORIGIN (RAM) + LENGTH (RAM))
                0x000000002000fc00                __StackLimit = (__StackTop - SIZEOF (.stack_dummy))
                0x0000000020010000                PROVIDE (__stack = __StackTop)
                0x0000000000000001                ASSERT ((__StackLimit >= __HeapLimit), region RAM overflowed with stack)
                0x0000000000000078                DataInitFlashUsed = (__bss_start__ - __data_start__)
                0x000000000002f300                CodeFlashUsed = (__etext - ORIGIN (FLASH))
                0x000000000002f378                TotalFlashUsed = (CodeFlashUsed + DataInitFlashUsed)
                0x0000000000000001                ASSERT ((TotalFlashUsed <= LENGTH (FLASH)), region FLASH overflowed with .data and user data)
OUTPUT(pinetime-recovery-loader-1.14.0.out elf32-littlearm)
LOAD linker stubs

.ARM.attributes
                0x0000000000000000       0x30
 .ARM.attributes
                0x0000000000000000       0x1e /opt/gcc-arm-none-eabi-10.3-2021.10/bin/../lib/gcc/arm-none-eabi/10.3.1/thumb/v7e-m+fp/hard/crti.o
 .ARM.attributes
                0x000000000000001e       0x34 /opt/gcc-arm-none-eabi-10.3-2021.10/bin/../lib/gcc/arm-none-eabi/10.3.1/thumb/v7e-m+fp/hard/crtbegin.o
 .ARM.attributes
                0x0000000000000052       0x1c /opt/gcc-arm-none-eabi-10.3-2021.10/bin/../lib/gcc/arm-none-eabi/10.3.1/../../../../arm-none-eabi/lib/thumb/v7e-m+fp/hard/crt0.o
 .ARM.attributes
                0x000000000000006e       0x34 CMakeFiles/pinetime-recovery-loader.dir/FreeRTOS/heap_4_infinitime.c.o
 .ARM.attributes
                0x00000000000000a2       0x34 CMakeFiles/pinetime-recovery-loader.dir/FreeRTOS/port.c.o
 .ARM.attributes
                0x00000000000000d6       0x34 CMakeFiles/pinetime-recovery-loader.dir/FreeRTOS/port_cmsis_systick.c.o
 .ARM.attributes
                0x000000000000010a       0x34 CMakeFiles/pinetime-recovery-loader.dir/FreeRTOS/port_cmsis.c.o
 .ARM.attributes
                0x000000000000013e       0x34 CMakeFiles/pinetime-recovery-loader.dir/drivers/SpiNorFlash.cpp.o
 .ARM.attributes
                0x0000000000000172       0x34 CMakeFiles/pinetime-recovery-loader.dir/drivers/SpiMaster.cpp.o
 .ARM.attributes
                0x00000000000001a6       0x34 CMakeFiles/pinetime-recovery-loader.dir/drivers/Spi.cpp.o
 .ARM.attributes
                0x00000000000001da       0x34 CMakeFiles/pinetime-recovery-loader.dir/components/rle/RleDecoder.cpp.o
 .ARM.attributes
                0x000000000000020e       0x34 CMakeFiles/pinetime-recovery-loader.dir/drivers/St7789.cpp.o
 .ARM.attributes
                0x0000000000000242       0x34 CMakeFiles/pinetime-recovery-loader.dir/components/brightness/BrightnessController.cpp.o
 .ARM.attributes
                0x0000000000000276       0x34 CMakeFiles/pinetime-recovery-loader.dir/recoveryLoader.cpp.o
 .ARM.attributes
                0x00000000000002aa       0x20 libnrf-sdk.a(gcc_startup_nrf52.S.o)
 .ARM.attributes
                0x00000000000002ca       0x34 libnrf-sdk.a(nrf_drv_clock.c.o)
 .ARM.attributes
                0x00000000000002fe       0x34 libnrf-sdk.a(nrfx_clock.c.o)
 .ARM.attributes
                0x0000000000000332       0x34 libnrf-sdk.a(queue.c.o)
 .ARM.attributes
                0x0000000000000366       0x34 libnrf-sdk.a(tasks.c.o)
 .ARM.attributes
                0x000000000000039a       0x34 libnrf-sdk.a(timers.c.o)
 .ARM.attributes
                0x00000000000003ce       0x34 libnrf-sdk.a(app_error.c.o)
 .ARM.attributes
                0x0000000000000402       0x34 libnrf-sdk.a(app_error_weak.c.o)
 .ARM.attributes
                0x0000000000000436       0x34 libnrf-sdk.a(app_util_platform.c.o)
 .ARM.attributes
                0x000000000000046a       0x34 libnrf-sdk.a(app_gpiote.c.o)
 .ARM.attributes
                0x000000000000049e       0x34 libnrf-sdk.a(system_nrf52.c.o)
 .ARM.attributes
                0x00000000000004d2       0x34 libnrf-sdk.a(nrfx_gpiote.c.o)
 .ARM.attributes
                0x0000000000000506       0x34 libnrf-sdk.a(list.c.o)
 .ARM.attributes
                0x000000000000053a       0x34 /opt/gcc-arm-none-eabi-10.3-2021.10/bin/../lib/gcc/arm-none-eabi/10.3.1/../../../../arm-none-eabi/lib/thumb/v7e-m+fp/hard/libc_nano.a(lib_a-exit.o)
 .ARM.attributes
                0x000000000000056e       0x34 /opt/gcc-arm-none-eabi-10.3-2021.10/bin/../lib/gcc/arm-none-eabi/10.3.1/../../../../arm-none-eabi/lib/thumb/v7e-m+fp/hard/libc_nano.a(lib_a-impure.o)
 .ARM.attributes
                0x00000000000005a2       0x34 /opt/gcc-arm-none-eabi-10.3-2021.10/bin/../lib/gcc/arm-none-eabi/10.3.1/../../../../arm-none-eabi/lib/thumb/v7e-m+fp/hard/libc_nano.a(lib_a-init.o)
 .ARM.attributes
                0x00000000000005d6       0x34 /opt/gcc-arm-none-eabi-10.3-2021.10/bin/../lib/gcc/arm-none-eabi/10.3.1/../../../../arm-none-eabi/lib/thumb/v7e-m+fp/hard/libc_nano.a(lib_a-memcpy-stub.o)
 .ARM.attributes
                0x000000000000060a       0x34 /opt/gcc-arm-none-eabi-10.3-2021.10/bin/../lib/gcc/arm-none-eabi/10.3.1/../../../../arm-none-eabi/lib/thumb/v7e-m+fp/hard/libc_nano.a(lib_a-memset.o)
 .ARM.attributes
                0x000000000000063e       0x34 /opt/gcc-arm-none-eabi-10.3-2021.10/bin/../lib/gcc/arm-none-eabi/10.3.1/thumb/v7e-m+fp/hard/crtend.o
 .ARM.attributes
                0x0000000000000672       0x1e /opt/gcc-arm-none-eabi-10.3-2021.10/bin/../lib/gcc/arm-none-eabi/10.3.1/thumb/v7e-m+fp/hard/crtn.o
 .ARM.attributes
                0x0000000000000690       0x34 /opt/gcc-arm-none-eabi-10.3-2021.10/bin/../lib/gcc/arm-none-eabi/10.3.1/../../../../arm-none-eabi/lib/thumb/v7e-m+fp/hard/libnosys.a(_exit.o)

.comment        0x0000000000000000       0x49
 .comment       0x0000000000000000       0x49 CMakeFiles/pinetime-recovery-loader.dir/FreeRTOS/heap_4_infinitime.c.o
                                         0x4a (size before relaxing)
 .comment       0x0000000000000049       0x4a CMakeFiles/pinetime-recovery-loader.dir/FreeRTOS/port.c.o
 .comment       0x0000000000000049       0x4a CMakeFiles/pinetime-recovery-loader.dir/FreeRTOS/port_cmsis_systick.c.o
 .comment       0x0000000000000049       0x4a CMakeFiles/pinetime-recovery-loader.dir/FreeRTOS/port_cmsis.c.o
 .comment       0x0000000000000049       0x4a CMakeFiles/pinetime-recovery-loader.dir/drivers/SpiNorFlash.cpp.o
 .comment       0x0000000000000049       0x4a CMakeFiles/pinetime-recovery-loader.dir/drivers/SpiMaster.cpp.o
 .comment       0x0000000000000049       0x4a CMakeFiles/pinetime-recovery-loader.dir/drivers/Spi.cpp.o
 .comment       0x0000000000000049       0x4a CMakeFiles/pinetime-recovery-loader.dir/components/rle/RleDecoder.cpp.o
 .comment       0x0000000000000049       0x4a CMakeFiles/pinetime-recovery-loader.dir/drivers/St7789.cpp.o
 .comment       0x0000000000000049       0x4a CMakeFiles/pinetime-recovery-loader.dir/components/brightness/BrightnessController.cpp.o
 .comment       0x0000000000000049       0x4a CMakeFiles/pinetime-recovery-loader.dir/recoveryLoader.cpp.o
 .comment       0x0000000000000049       0x4a libnrf-sdk.a(nrf_drv_clock.c.o)
 .comment       0x0000000000000049       0x4a libnrf-sdk.a(nrfx_clock.c.o)
 .comment       0x0000000000000049       0x4a libnrf-sdk.a(queue.c.o)
 .comment       0x0000000000000049       0x4a libnrf-sdk.a(tasks.c.o)
 .comment       0x0000000000000049       0x4a libnrf-sdk.a(timers.c.o)
 .comment       0x0000000000000049       0x4a libnrf-sdk.a(app_error.c.o)
 .comment       0x0000000000000049       0x4a libnrf-sdk.a(app_error_weak.c.o)
 .comment       0x0000000000000049       0x4a libnrf-sdk.a(app_util_platform.c.o)
 .comment       0x0000000000000049       0x4a libnrf-sdk.a(app_gpiote.c.o)
 .comment       0x0000000000000049       0x4a libnrf-sdk.a(system_nrf52.c.o)
 .comment       0x0000000000000049       0x4a libnrf-sdk.a(nrfx_gpiote.c.o)
 .comment       0x0000000000000049       0x4a libnrf-sdk.a(list.c.o)

.debug_frame    0x0000000000000000       0xbc
 .debug_frame   0x0000000000000000       0x28 /opt/gcc-arm-none-eabi-10.3-2021.10/bin/../lib/gcc/arm-none-eabi/10.3.1/../../../../arm-none-eabi/lib/thumb/v7e-m+fp/hard/libc_nano.a(lib_a-exit.o)
 .debug_frame   0x0000000000000028       0x2c /opt/gcc-arm-none-eabi-10.3-2021.10/bin/../lib/gcc/arm-none-eabi/10.3.1/../../../../arm-none-eabi/lib/thumb/v7e-m+fp/hard/libc_nano.a(lib_a-init.o)
 .debug_frame   0x0000000000000054       0x28 /opt/gcc-arm-none-eabi-10.3-2021.10/bin/../lib/gcc/arm-none-eabi/10.3.1/../../../../arm-none-eabi/lib/thumb/v7e-m+fp/hard/libc_nano.a(lib_a-memcpy-stub.o)
 .debug_frame   0x000000000000007c       0x20 /opt/gcc-arm-none-eabi-10.3-2021.10/bin/../lib/gcc/arm-none-eabi/10.3.1/../../../../arm-none-eabi/lib/thumb/v7e-m+fp/hard/libc_nano.a(lib_a-memset.o)
 .debug_frame   0x000000000000009c       0x20 /opt/gcc-arm-none-eabi-10.3-2021.10/bin/../lib/gcc/arm-none-eabi/10.3.1/../../../../arm-none-eabi/lib/thumb/v7e-m+fp/hard/libnosys.a(_exit.o)
