Archive member included to satisfy reference by file (symbol)

libnimble.a(nimble_port_freertos.c.o)
                              CMakeFiles/pinetime-recovery.dir/main.cpp.o (nimble_port_freertos_init)
libnimble.a(npl_os_freertos.c.o)
                              CMakeFiles/pinetime-recovery.dir/main.cpp.o (npl_freertos_eventq_get)
libnimble.a(ble_hs.c.o)       CMakeFiles/pinetime-recovery.dir/components/ble/NimbleController.cpp.o (ble_hs_synced)
libnimble.a(ble_hs_hci_evt.c.o)
                              libnimble.a(ble_hs.c.o) (ble_hs_hci_evt_process)
libnimble.a(ble_l2cap_sig_cmd.c.o)
                              libnimble.a(ble_hs_hci_evt.c.o) (ble_l2cap_sig_reject_invalid_cid_tx)
libnimble.a(ble_l2cap_sig.c.o)
                              libnimble.a(ble_hs.c.o) (ble_l2cap_sig_timer)
libnimble.a(ble_l2cap.c.o)    libnimble.a(ble_l2cap_sig.c.o) (ble_l2cap_chan_alloc)
libnimble.a(ble_hs_mbuf.c.o)  libnimble.a(ble_l2cap_sig_cmd.c.o) (ble_hs_mbuf_l2cap_pkt)
libnimble.a(ble_sm.c.o)       libnimble.a(ble_hs_hci_evt.c.o) (ble_sm_enc_change_rx)
libnimble.a(ble_sm_cmd.c.o)   libnimble.a(ble_sm.c.o) (ble_sm_cmd_get)
libnimble.a(ble_sm_sc.c.o)    libnimble.a(ble_sm.c.o) (ble_sm_sc_io_action)
libnimble.a(ble_gap.c.o)      CMakeFiles/pinetime-recovery.dir/components/ble/NimbleController.cpp.o (ble_gap_conn_find)
libnimble.a(ble_gatts.c.o)    libnimble.a(ble_gap.c.o) (ble_gatts_connection_broken)
libnimble.a(ble_gattc.c.o)    libnimble.a(ble_hs.c.o) (ble_gattc_timer)
libnimble.a(ble_hs_conn.c.o)  libnimble.a(ble_gap.c.o) (ble_hs_conn_can_alloc)
libnimble.a(ble_att_svr.c.o)  libnimble.a(ble_gatts.c.o) (ble_att_svr_register)
libnimble.a(ble_store.c.o)    libnimble.a(ble_sm.c.o) (ble_store_full_event)
libnimble.a(ble_store_util.c.o)
                              libnimble.a(ble_gap.c.o) (ble_store_util_bonded_peers)
libnimble.a(ble_hs_pvcy.c.o)  libnimble.a(ble_gap.c.o) (ble_hs_pvcy_remove_entry)
libnimble.a(ble_hs_hci.c.o)   libnimble.a(ble_hs_hci_evt.c.o) (ble_hs_hci_add_avail_pkts)
libnimble.a(ble_hs_log.c.o)   libnimble.a(ble_hs_hci_evt.c.o) (ble_hs_log_mbuf)
libnimble.a(ble_hs_hci_util.c.o)
                              libnimble.a(ble_hs_hci.c.o) (ble_hs_hci_util_handle_pb_bc_join)
libnimble.a(ble_hs_hci_cmd.c.o)
                              libnimble.a(ble_hs_hci.c.o) (ble_hs_hci_cmd_send_buf)
libnimble.a(ble_hs_cfg.c.o)   CMakeFiles/pinetime-recovery.dir/components/ble/NimbleController.cpp.o (ble_hs_cfg)
libnimble.a(ble_uuid.c.o)     libnimble.a(ble_att_svr.c.o) (ble_uuid_init_from_buf)
libnimble.a(ble_hs_id.c.o)    libnimble.a(ble_hs_conn.c.o) (ble_hs_id_addr)
libnimble.a(ble_hs_misc.c.o)  libnimble.a(ble_l2cap_sig_cmd.c.o) (ble_hs_misc_conn_chan_find_reqd)
libnimble.a(ble_att.c.o)      libnimble.a(ble_gattc.c.o) (ble_att_conn_chan_find)
libnimble.a(ble_att_clt.c.o)  libnimble.a(ble_att.c.o) (ble_att_clt_rx_error)
libnimble.a(ble_att_cmd.c.o)  libnimble.a(ble_att_svr.c.o) (ble_att_cmd_prepare)
libnimble.a(ble_hs_atomic.c.o)
                              libnimble.a(ble_gap.c.o) (ble_hs_atomic_conn_delete)
libnimble.a(ble_hs_adv.c.o)   libnimble.a(ble_gap.c.o) (ble_hs_adv_set_fields)
libnimble.a(ble_hs_flow.c.o)  libnimble.a(ble_gap.c.o) (ble_hs_flow_connection_broken)
libnimble.a(ble_hs_mqueue.c.o)
                              libnimble.a(ble_hs.c.o) (ble_mqueue_init)
libnimble.a(ble_hs_stop.c.o)  libnimble.a(ble_hs.c.o) (ble_hs_stop_init)
libnimble.a(ble_hs_startup.c.o)
                              libnimble.a(ble_hs.c.o) (ble_hs_startup_go)
libnimble.a(ble_store_ram.c.o)
                              CMakeFiles/pinetime-recovery.dir/main.cpp.o (ble_store_ram_init)
libnimble.a(ble_hci_ram.c.o)  libnimble.a(ble_hs.c.o) (ble_hci_trans_cfg_hs)
libnimble.a(ble_ll.c.o)       CMakeFiles/pinetime-recovery.dir/main.cpp.o (ble_ll_task)
libnimble.a(ble_ll_rand.c.o)  CMakeFiles/pinetime-recovery.dir/components/ble/NimbleController.cpp.o (ble_ll_rand)
libnimble.a(ble_ll_conn.c.o)  libnimble.a(ble_ll.c.o) (ble_ll_conn_wfr_timer_exp)
libnimble.a(ble_ll_ctrl.c.o)  libnimble.a(ble_ll_conn.c.o) (ble_ll_ctrl_enc_allowed_pdu_rx)
libnimble.a(ble_ll_hci.c.o)   libnimble.a(ble_ll.c.o) (ble_ll_hci_send_noop)
libnimble.a(ble_ll_conn_hci.c.o)
                              libnimble.a(ble_ll_ctrl.c.o) (ble_ll_conn_hci_chk_conn_params)
libnimble.a(ble_ll_utils.c.o)
                              libnimble.a(ble_ll_conn.c.o) (ble_ll_utils_calc_access_addr)
libnimble.a(ble_ll_scan.c.o)  libnimble.a(ble_ll_conn.c.o) (ble_ll_scan_sm_stop)
libnimble.a(ble_ll_whitelist.c.o)
                              libnimble.a(ble_ll.c.o) (ble_ll_whitelist_clear)
libnimble.a(ble_ll_adv.c.o)   libnimble.a(ble_ll_hci.c.o) (ble_ll_adv_set_adv_params)
libnimble.a(ble_ll_sched.c.o)
                              libnimble.a(ble_ll_conn.c.o) (ble_ll_sched_conn_reschedule)
libnimble.a(ble_ll_supp_cmd.c.o)
                              libnimble.a(ble_ll_hci.c.o) (g_ble_ll_supp_cmds)
libnimble.a(ble_ll_hci_ev.c.o)
[...]
Memory Configuration

Name             Origin             Length             Attributes
FLASH            0x0000000000000000 0x0000000000073e08 xr
SPARE_SPACE      0x000000000007d000 0x0000000000003000 r
RAM              0x0000000020000000 0x0000000000010000 xrw
*default*        0x0000000000000000 0xffffffffffffffff

Linker script and memory map


.text           0x0000000000000000    0x2acdc
 *(.isr_vector)
 .isr_vector    0x0000000000000000      0x200 libnrf-sdk.a(gcc_startup_nrf52.S.o)
                0x0000000000000000                __isr_vector
 *(.text*)
 .text          0x0000000000000200       0x40 /opt/gcc-arm-none-eabi-10.3-2021.10/bin/../lib/gcc/arm-none-eabi/10.3.1/thumb/v7e-m+fp/hard/crtbegin.o
 .text          0x0000000000000240       0x7c /opt/gcc-arm-none-eabi-10.3-2021.10/bin/../lib/gcc/arm-none-eabi/10.3.1/../../../../arm-none-eabi/lib/thumb/v7e-m+fp/hard/crt0.o
                0x0000000000000240                _stack_init
                0x0000000000000248                _mainCRTStartup
                0x0000000000000248                _start
 .text.malloc   0x00000000000002bc        0x4 CMakeFiles/pinetime-recovery.dir/stdlib.c.o
                0x00000000000002bc                malloc
 .text.free     0x00000000000002c0        0x4 CMakeFiles/pinetime-recovery.dir/stdlib.c.o
                0x00000000000002c0                free
 .text.realloc  0x00000000000002c4        0x4 CMakeFiles/pinetime-recovery.dir/stdlib.c.o
                0x00000000000002c4                realloc
 .text.prvInsertBlockIntoFreeList
                0x00000000000002c8       0x48 CMakeFiles/pinetime-recovery.dir/FreeRTOS/heap_4_infinitime.c.o
 .text.pvPortMalloc
                0x0000000000000310       0xfc CMakeFiles/pinetime-recovery.dir/FreeRTOS/heap_4_infinitime.c.o
                0x0000000000000310                pvPortMalloc
 .text.vPortFree
                0x000000000000040c       0x4c CMakeFiles/pinetime-recovery.dir/FreeRTOS/heap_4_infinitime.c.o
                0x000000000000040c                vPortFree
 .text.pvPortRealloc
                0x0000000000000458       0x54 CMakeFiles/pinetime-recovery.dir/FreeRTOS/heap_4_infinitime.c.o
                0x0000000000000458                pvPortRealloc
 .text._ZN8Pinetime17BootloaderVersion5MajorEv
                0x00000000000004ac        0xc CMakeFiles/pinetime-recovery.dir/BootloaderVersion.cpp.o
                0x00000000000004ac                Pinetime::BootloaderVersion::Major()
 .text._ZN8Pinetime17BootloaderVersion5MinorEv
                0x00000000000004b8        0xc CMakeFiles/pinetime-recovery.dir/BootloaderVersion.cpp.o
                0x00000000000004b8                Pinetime::BootloaderVersion::Minor()
 .text._ZN8Pinetime17BootloaderVersion7IsValidEv
                0x00000000000004c4       0x14 CMakeFiles/pinetime-recovery.dir/BootloaderVersion.cpp.o
                0x00000000000004c4                Pinetime::BootloaderVersion::IsValid()
 .text._ZN8Pinetime17BootloaderVersion10SetVersionEm
                0x00000000000004d8       0x38 CMakeFiles/pinetime-recovery.dir/BootloaderVersion.cpp.o
                0x00000000000004d8                Pinetime::BootloaderVersion::SetVersion(unsigned long)
 .text._ZN8Pinetime12Applications10DisplayAppC2ERNS_7Drivers6St7789ERKNS2_7Cst816SERKNS_11Controllers7BatteryERKNS8_3BleERNS8_8DateTimeERKNS2_8WatchdogERNS8_19NotificationManagerERNS8_19HeartRateControllerERNS8_8SettingsERNS8_15MotorControllerERNS8_16MotionControllerERNS8_15AlarmControllerERNS8_20BrightnessControllerERNS8_12TouchHandlerERNS8_2FSE
                0x0000000000000510        0x8 CMakeFiles/pinetime-recovery.dir/displayapp/DisplayAppRecovery.cpp.o
                0x0000000000000510                Pinetime::Applications::DisplayApp::DisplayApp(Pinetime::Drivers::St7789&, Pinetime::Drivers::Cst816S const&, Pinetime::Controllers::Battery const&, Pinetime::Controllers::Ble const&, Pinetime::Controllers::DateTime&, Pinetime::Drivers::Watchdog const&, Pinetime::Controllers::NotificationManager&, Pinetime::Controllers::HeartRateController&, Pinetime::Controllers::Settings&, Pinetime::Controllers::MotorController&, Pinetime::Controllers::MotionController&, Pinetime::Controllers::AlarmController&, Pinetime::Controllers::BrightnessController&, Pinetime::Controllers::TouchHandler&, Pinetime::Controllers::FS&)
                0x0000000000000510                Pinetime::Applications::DisplayApp::DisplayApp(Pinetime::Drivers::St7789&, Pinetime::Drivers::Cst816S const&, Pinetime::Controllers::Battery const&, Pinetime::Controllers::Ble const&, Pinetime::Controllers::DateTime&, Pinetime::Drivers::Watchdog const&, Pinetime::Controllers::NotificationManager&, Pinetime::Controllers::HeartRateController&, Pinetime::Controllers::Settings&, Pinetime::Controllers::MotorController&, Pinetime::Controllers::MotionController&, Pinetime::Controllers::AlarmController&, Pinetime::Controllers::BrightnessController&, Pinetime::Controllers::TouchHandler&, Pinetime::Controllers::FS&)
 .text._ZN8Pinetime12Applications10DisplayApp5StartEv
                0x0000000000000518       0x40 CMakeFiles/pinetime-recovery.dir/displayapp/DisplayAppRecovery.cpp.o
                0x0000000000000518                Pinetime::Applications::DisplayApp::Start()
 .text._ZN8Pinetime12Applications10DisplayApp11DisplayLogoEt
                0x0000000000000558       0x54 CMakeFiles/pinetime-recovery.dir/displayapp/DisplayAppRecovery.cpp.o
                0x0000000000000558                Pinetime::Applications::DisplayApp::DisplayLogo(unsigned short)
 .text._ZN8Pinetime12Applications10DisplayApp6InitHwEv
                0x00000000000005ac        0x8 CMakeFiles/pinetime-recovery.dir/displayapp/DisplayAppRecovery.cpp.o
                0x00000000000005ac                Pinetime::Applications::DisplayApp::InitHw()
 .text._ZN8Pinetime12Applications10DisplayApp18DisplayOtaProgressEht
                0x00000000000005b4       0x7c CMakeFiles/pinetime-recovery.dir/displayapp/DisplayAppRecovery.cpp.o
                0x00000000000005b4                Pinetime::Applications::DisplayApp::DisplayOtaProgress(unsigned char, unsigned short)
 .text._ZN8Pinetime12Applications10DisplayApp7RefreshEv
                0x0000000000000630       0x98 CMakeFiles/pinetime-recovery.dir/displayapp/DisplayAppRecovery.cpp.o
                0x0000000000000630                Pinetime::Applications::DisplayApp::Refresh()
 .text._ZN8Pinetime12Applications10DisplayApp7ProcessEPv
                0x00000000000006c8       0x10 CMakeFiles/pinetime-recovery.dir/displayapp/DisplayAppRecovery.cpp.o
                0x00000000000006c8                Pinetime::Applications::DisplayApp::Process(void*)
 .text._ZN8Pinetime12Applications10DisplayApp11PushMessageENS0_7Display8MessagesE
                0x00000000000006d8       0x38 CMakeFiles/pinetime-recovery.dir/displayapp/DisplayAppRecovery.cpp.o
                0x00000000000006d8                Pinetime::Applications::DisplayApp::PushMessage(Pinetime::Applications::Display::Messages)
 .text._ZN8Pinetime12Applications10DisplayApp8RegisterEPNS_6System10SystemTaskE
                0x0000000000000710        0x2 CMakeFiles/pinetime-recovery.dir/displayapp/DisplayAppRecovery.cpp.o
                0x0000000000000710                Pinetime::Applications::DisplayApp::Register(Pinetime::System::SystemTask*)
 .text._ZN8Pinetime12Applications10DisplayApp8RegisterEPNS_11Controllers20SimpleWeatherServiceE
                0x0000000000000712        0x2 CMakeFiles/pinetime-recovery.dir/displayapp/DisplayAppRecovery.cpp.o
                0x0000000000000712                Pinetime::Applications::DisplayApp::Register(Pinetime::Controllers::SimpleWeatherService*)
 .text._ZN8Pinetime12Applications10DisplayApp8RegisterEPNS_11Controllers12MusicServiceE
                0x0000000000000714        0x2 CMakeFiles/pinetime-recovery.dir/displayapp/DisplayAppRecovery.cpp.o
                0x0000000000000714                Pinetime::Applications::DisplayApp::Register(Pinetime::Controllers::MusicService*)
 .text._ZN8Pinetime12Applications10DisplayApp8RegisterEPNS_11Controllers17NavigationServiceE
                0x0000000000000716        0x2 CMakeFiles/pinetime-recovery.dir/displayapp/DisplayAppRecovery.cpp.o
                0x0000000000000716                Pinetime::Applications::DisplayApp::Register(Pinetime::Controllers::NavigationService*)
 .text._Z27DebounceTimerChargeCallbackPv
                0x0000000000000718       0x20 CMakeFiles/pinetime-recovery.dir/main.cpp.o
                0x0000000000000718                DebounceTimerChargeCallback(void*)
 .text._Z21DebounceTimerCallbackPv
                0x0000000000000738        0xc CMakeFiles/pinetime-recovery.dir/main.cpp.o
                0x0000000000000738                DebounceTimerCallback(void*)
 .text._ZNSt14_Function_baseD2Ev
                0x0000000000000744       0x12 CMakeFiles/pinetime-recovery.dir/main.cpp.o
                0x0000000000000744                std::_Function_base::~_Function_base()
                0x0000000000000744                std::_Function_base::~_Function_base()
 *fill*         0x0000000000000756        0x2 
 .text.vApplicationMallocFailedHook
                0x0000000000000758       0x10 CMakeFiles/pinetime-recovery.dir/main.cpp.o
                0x0000000000000758                vApplicationMallocFailedHook
 .text.vApplicationStackOverflowHook
                0x0000000000000768       0x10 CMakeFiles/pinetime-recovery.dir/main.cpp.o
                0x0000000000000768                vApplicationStackOverflowHook
 .text._Z23nrfx_gpiote_evt_handlerm21nrf_gpiote_polarity_t
                0x0000000000000778       0x68 CMakeFiles/pinetime-recovery.dir/main.cpp.o
                0x0000000000000778                nrfx_gpiote_evt_handler(unsigned long, nrf_gpiote_polarity_t)
 .text.SPIM0_SPIS0_TWIM0_TWIS0_SPI0_TWI0_IRQHandler
                0x00000000000007e0       0x60 CMakeFiles/pinetime-recovery.dir/main.cpp.o
                0x00000000000007e0                SPIM0_SPIS0_TWIM0_TWIS0_SPI0_TWI0_IRQHandler
 .text.RADIO_IRQHandler
                0x0000000000000840        0xc CMakeFiles/pinetime-recovery.dir/main.cpp.o
                0x0000000000000840                RADIO_IRQHandler
 .text.RNG_IRQHandler
                0x000000000000084c        0xc CMakeFiles/pinetime-recovery.dir/main.cpp.o
                0x000000000000084c                RNG_IRQHandler
 .text.RTC0_IRQHandler
                0x0000000000000858        0xc CMakeFiles/pinetime-recovery.dir/main.cpp.o
                0x0000000000000858                RTC0_IRQHandler
 .text.WDT_IRQHandler
                0x0000000000000864       0x1c CMakeFiles/pinetime-recovery.dir/main.cpp.o
                0x0000000000000864                WDT_IRQHandler
 .text.npl_freertos_hw_set_isr
                0x0000000000000880       0x28 CMakeFiles/pinetime-recovery.dir/main.cpp.o
                0x0000000000000880                npl_freertos_hw_set_isr
 .text.npl_freertos_hw_enter_critical
                0x00000000000008a8        0xc CMakeFiles/pinetime-recovery.dir/main.cpp.o
                0x00000000000008a8                npl_freertos_hw_enter_critical
 .text.npl_freertos_hw_exit_critical
                0x00000000000008b4        0x6 CMakeFiles/pinetime-recovery.dir/main.cpp.o
                0x00000000000008b4                npl_freertos_hw_exit_critical
 *fill*         0x00000000000008ba        0x2 
 .text.nimble_port_get_dflt_eventq
                0x00000000000008bc        0x8 CMakeFiles/pinetime-recovery.dir/main.cpp.o
                0x00000000000008bc                nimble_port_get_dflt_eventq
 .text.nimble_port_run
                0x00000000000008c4       0x18 CMakeFiles/pinetime-recovery.dir/main.cpp.o
                0x00000000000008c4                nimble_port_run
 .text.BleHost  0x00000000000008dc        0x6 CMakeFiles/pinetime-recovery.dir/main.cpp.o
                0x00000000000008dc                BleHost
 *fill*         0x00000000000008e2        0x2 
 .text.nimble_port_init
                0x00000000000008e4       0x48 CMakeFiles/pinetime-recovery.dir/main.cpp.o
                0x00000000000008e4                nimble_port_init
 .text.nimble_port_ll_task_func
                0x000000000000092c        0x4 CMakeFiles/pinetime-recovery.dir/main.cpp.o
                0x000000000000092c                nimble_port_ll_task_func
 .text.startup.main
                0x0000000000000930      0x10c CMakeFiles/pinetime-recovery.dir/main.cpp.o
                0x0000000000000930                main
 .text._ZNSt7__cxx1112basic_stringIcSt11char_traitsIcESaIcEE10_M_disposeEv
                0x0000000000000a3c       0x16 CMakeFiles/pinetime-recovery.dir/main.cpp.o
                0x0000000000000a3c                std::__cxx11::basic_string<char, std::char_traits<char>, std::allocator<char> >::_M_dispose()
 *fill*         0x0000000000000a52        0x2 
 .text._ZN8Pinetime6System10SystemTaskD2Ev
                0x0000000000000a54       0x5c CMakeFiles/pinetime-recovery.dir/main.cpp.o
                0x0000000000000a54                Pinetime::System::SystemTask::~SystemTask()
                0x0000000000000a54                Pinetime::System::SystemTask::~SystemTask()
 .text.startup._GLOBAL__sub_I_logger
                0x0000000000000ab0      0x204 CMakeFiles/pinetime-recovery.dir/main.cpp.o
 .text._ZNSt17_Function_handlerIFvvEZN8Pinetime7Drivers6St778912WriteCommandEPKhjEUlvE_E10_M_managerERSt9_Any_dataRKS8_St18_Manager_operation
                0x0000000000000cb4       0x14 CMakeFiles/pinetime-recovery.dir/drivers/St7789.cpp.o
 .text._ZNSt17_Function_handlerIFvvEZN8Pinetime7Drivers6St77899WriteDataEPKhjEUlvE_E10_M_managerERSt9_Any_dataRKS8_St18_Manager_operation
                0x0000000000000cc8       0x14 CMakeFiles/pinetime-recovery.dir/drivers/St7789.cpp.o
 .text._ZNSt17_Function_handlerIFvvEZN8Pinetime7Drivers6St778912WriteCommandEPKhjEUlvE_E9_M_invokeERKSt9_Any_data
                0x0000000000000cdc       0x10 CMakeFiles/pinetime-recovery.dir/drivers/St7789.cpp.o
 .text._ZNSt17_Function_handlerIFvvEZN8Pinetime7Drivers6St77899WriteDataEPKhjEUlvE_E9_M_invokeERKSt9_Any_data
                0x0000000000000cec       0x10 CMakeFiles/pinetime-recovery.dir/drivers/St7789.cpp.o
 .text._ZN8Pinetime7Drivers6St7789C2ERNS0_3SpiEhh
                0x0000000000000cfc        0xe CMakeFiles/pinetime-recovery.dir/drivers/St7789.cpp.o
                0x0000000000000cfc                Pinetime::Drivers::St7789::St7789(Pinetime::Drivers::Spi&, unsigned char, unsigned char)
                0x0000000000000cfc                Pinetime::Drivers::St7789::St7789(Pinetime::Drivers::Spi&, unsigned char, unsigned char)
 .text._ZN8Pinetime7Drivers6St77898WriteSpiEPKhjRKSt8functionIFvvEE
                0x0000000000000d0a        0x6 CMakeFiles/pinetime-recovery.dir/drivers/St7789.cpp.o
                0x0000000000000d0a                Pinetime::Drivers::St7789::WriteSpi(unsigned char const*, unsigned int, std::function<void ()> const&)
 .text._ZN8Pinetime7Drivers6St77899WriteDataEPKhj
                0x0000000000000d10       0x2c CMakeFiles/pinetime-recovery.dir/drivers/St7789.cpp.o
                0x0000000000000d10                Pinetime::Drivers::St7789::WriteData(unsigned char const*, unsigned int)
 .text._ZN8Pinetime7Drivers6St77899WriteDataEh
                0x0000000000000d3c       0x16 CMakeFiles/pinetime-recovery.dir/drivers/St7789.cpp.o
                0x0000000000000d3c                Pinetime::Drivers::St7789::WriteData(unsigned char)
 *fill*         0x0000000000000d52        0x2 
 .text._ZN8Pinetime7Drivers6St778912WriteCommandEPKhj
                0x0000000000000d54       0x2c CMakeFiles/pinetime-recovery.dir/drivers/St7789.cpp.o
                0x0000000000000d54                Pinetime::Drivers::St7789::WriteCommand(unsigned char const*, unsigned int)
 .text._ZN8Pinetime7Drivers6St778912WriteCommandEh
                0x0000000000000d80       0x16 CMakeFiles/pinetime-recovery.dir/drivers/St7789.cpp.o
                0x0000000000000d80                Pinetime::Drivers::St7789::WriteCommand(unsigned char)
 .text._ZN8Pinetime7Drivers6St778913SetAddrWindowEtttt
                0x0000000000000d96       0x66 CMakeFiles/pinetime-recovery.dir/drivers/St7789.cpp.o
                0x0000000000000d96                Pinetime::Drivers::St7789::SetAddrWindow(unsigned short, unsigned short, unsigned short, unsigned short)
 .text._ZN8Pinetime7Drivers6St778910WriteToRamEPKhj
                0x0000000000000dfc       0x1e CMakeFiles/pinetime-recovery.dir/drivers/St7789.cpp.o
                0x0000000000000dfc                Pinetime::Drivers::St7789::WriteToRam(unsigned char const*, unsigned int)
 .text._ZN8Pinetime7Drivers6St778910DrawBufferEttttPKhj
                0x0000000000000e1a       0x2e CMakeFiles/pinetime-recovery.dir/drivers/St7789.cpp.o
                0x0000000000000e1a                Pinetime::Drivers::St7789::DrawBuffer(unsigned short, unsigned short, unsigned short, unsigned short, unsigned char const*, unsigned int)
 .text._ZN8Pinetime7Drivers11SpiNorFlashC2ERNS0_3SpiE
                0x0000000000000e48        0xc CMakeFiles/pinetime-recovery.dir/drivers/SpiNorFlash.cpp.o
                0x0000000000000e48                Pinetime::Drivers::SpiNorFlash::SpiNorFlash(Pinetime::Drivers::Spi&)
                0x0000000000000e48                Pinetime::Drivers::SpiNorFlash::SpiNorFlash(Pinetime::Drivers::Spi&)
 .text._ZN8Pinetime7Drivers11SpiNorFlash5SleepEv
                0x0000000000000e54       0x2c CMakeFiles/pinetime-recovery.dir/drivers/SpiNorFlash.cpp.o
                0x0000000000000e54                Pinetime::Drivers::SpiNorFlash::Sleep()
 .text._ZN8Pinetime7Drivers11SpiNorFlash17ReadIdentificaionEv
                0x0000000000000e80       0x48 CMakeFiles/pinetime-recovery.dir/drivers/SpiNorFlash.cpp.o
                0x0000000000000e80                Pinetime::Drivers::SpiNorFlash::ReadIdentificaion()
 .text._ZN8Pinetime7Drivers11SpiNorFlash4InitEv
                0x0000000000000ec8       0x18 CMakeFiles/pinetime-recovery.dir/drivers/SpiNorFlash.cpp.o
                0x0000000000000ec8                Pinetime::Drivers::SpiNorFlash::Init()
 .text._ZN8Pinetime7Drivers11SpiNorFlash6WakeupEv
                0x0000000000000ee0       0x3c CMakeFiles/pinetime-recovery.dir/drivers/SpiNorFlash.cpp.o
                0x0000000000000ee0                Pinetime::Drivers::SpiNorFlash::Wakeup()
 .text._ZN8Pinetime7Drivers11SpiNorFlash18ReadStatusRegisterEv
                0x0000000000000f1c       0x24 CMakeFiles/pinetime-recovery.dir/drivers/SpiNorFlash.cpp.o
                0x0000000000000f1c                Pinetime::Drivers::SpiNorFlash::ReadStatusRegister()
 .text._ZN8Pinetime7Drivers11SpiNorFlash15WriteInProgressEv
                0x0000000000000f40        0xc CMakeFiles/pinetime-recovery.dir/drivers/SpiNorFlash.cpp.o
                0x0000000000000f40                Pinetime::Drivers::SpiNorFlash::WriteInProgress()
 .text._ZN8Pinetime7Drivers11SpiNorFlash12WriteEnabledEv
                0x0000000000000f4c        0xc CMakeFiles/pinetime-recovery.dir/drivers/SpiNorFlash.cpp.o
                0x0000000000000f4c                Pinetime::Drivers::SpiNorFlash::WriteEnabled()
 .text._ZN8Pinetime7Drivers11SpiNorFlash4ReadEmPhj
                0x0000000000000f58       0x2a CMakeFiles/pinetime-recovery.dir/drivers/SpiNorFlash.cpp.o
                0x0000000000000f58                Pinetime::Drivers::SpiNorFlash::Read(unsigned long, unsigned char*, unsigned int)
 .text._ZN8Pinetime7Drivers11SpiNorFlash11WriteEnableEv
                0x0000000000000f82       0x1e CMakeFiles/pinetime-recovery.dir/drivers/SpiNorFlash.cpp.o
                0x0000000000000f82                Pinetime::Drivers::SpiNorFlash::WriteEnable()
 .text._ZN8Pinetime7Drivers11SpiNorFlash11SectorEraseEm
                0x0000000000000fa0       0x50 CMakeFiles/pinetime-recovery.dir/drivers/SpiNorFlash.cpp.o
                0x0000000000000fa0                Pinetime::Drivers::SpiNorFlash::SectorErase(unsigned long)
 .text._ZN8Pinetime7Drivers11SpiNorFlash20ReadSecurityRegisterEv
                0x0000000000000ff0       0x24 CMakeFiles/pinetime-recovery.dir/drivers/SpiNorFlash.cpp.o
                0x0000000000000ff0                Pinetime::Drivers::SpiNorFlash::ReadSecurityRegister()
 .text._ZN8Pinetime7Drivers11SpiNorFlash13ProgramFailedEv
                0x0000000000001014        0xc CMakeFiles/pinetime-recovery.dir/drivers/SpiNorFlash.cpp.o
                0x0000000000001014                Pinetime::Drivers::SpiNorFlash::ProgramFailed()
 .text._ZN8Pinetime7Drivers11SpiNorFlash11EraseFailedEv
                0x0000000000001020        0xc CMakeFiles/pinetime-recovery.dir/drivers/SpiNorFlash.cpp.o
                0x0000000000001020                Pinetime::Drivers::SpiNorFlash::EraseFailed()
 .text._ZN8Pinetime7Drivers11SpiNorFlash5WriteEmPKhj
                0x000000000000102c       0x7c CMakeFiles/pinetime-recovery.dir/drivers/SpiNorFlash.cpp.o
                0x000000000000102c                Pinetime::Drivers::SpiNorFlash::Write(unsigned long, unsigned char const*, unsigned int)
 .text._ZN8Pinetime7Drivers9SpiMasterC2ENS1_9SpiModuleERKNS1_10ParametersE
                0x00000000000010a8       0x16 CMakeFiles/pinetime-recovery.dir/drivers/SpiMaster.cpp.o
                0x00000000000010a8                Pinetime::Drivers::SpiMaster::SpiMaster(Pinetime::Drivers::SpiMaster::SpiModule, Pinetime::Drivers::SpiMaster::Parameters const&)
                0x00000000000010a8                Pinetime::Drivers::SpiMaster::SpiMaster(Pinetime::Drivers::SpiMaster::SpiModule, Pinetime::Drivers::SpiMaster::Parameters const&)
 *fill*         0x00000000000010be        0x2 
 .text._ZN8Pinetime7Drivers9SpiMaster4InitEv
                0x00000000000010c0      0x110 CMakeFiles/pinetime-recovery.dir/drivers/SpiMaster.cpp.o
                0x00000000000010c0                Pinetime::Drivers::SpiMaster::Init()
 .text._ZN8Pinetime7Drivers9SpiMaster25SetupWorkaroundForFtpan58EP13NRF_SPIM_Typemm
                0x00000000000011d0       0x6c CMakeFiles/pinetime-recovery.dir/drivers/SpiMaster.cpp.o
                0x00000000000011d0                Pinetime::Drivers::SpiMaster::SetupWorkaroundForFtpan58(NRF_SPIM_Type*, unsigned long, unsigned long)
 .text._ZN8Pinetime7Drivers9SpiMaster27DisableWorkaroundForFtpan58EP13NRF_SPIM_Typemm
                0x000000000000123c       0x4c CMakeFiles/pinetime-recovery.dir/drivers/SpiMaster.cpp.o
                0x000000000000123c                Pinetime::Drivers::SpiMaster::DisableWorkaroundForFtpan58(NRF_SPIM_Type*, unsigned long, unsigned long)
 .text._ZN8Pinetime7Drivers9SpiMaster14OnStartedEventEv
                0x0000000000001288        0x2 CMakeFiles/pinetime-recovery.dir/drivers/SpiMaster.cpp.o
                0x0000000000001288                Pinetime::Drivers::SpiMaster::OnStartedEvent()
 .text._ZN8Pinetime7Drivers9SpiMaster9PrepareTxEmj
                0x000000000000128a       0x2e CMakeFiles/pinetime-recovery.dir/drivers/SpiMaster.cpp.o
                0x000000000000128a                Pinetime::Drivers::SpiMaster::PrepareTx(unsigned long, unsigned int)
 .text._ZN8Pinetime7Drivers9SpiMaster10OnEndEventEv
                0x00000000000012b8       0x68 CMakeFiles/pinetime-recovery.dir/drivers/SpiMaster.cpp.o
                0x00000000000012b8                Pinetime::Drivers::SpiMaster::OnEndEvent()
 .text._ZN8Pinetime7Drivers9SpiMaster9PrepareRxEmj
                0x0000000000001320       0x30 CMakeFiles/pinetime-recovery.dir/drivers/SpiMaster.cpp.o
                0x0000000000001320                Pinetime::Drivers::SpiMaster::PrepareRx(unsigned long, unsigned int)
 .text._ZN8Pinetime7Drivers9SpiMaster5WriteEhPKhjRKSt8functionIFvvEE
                0x0000000000001350       0xb6 CMakeFiles/pinetime-recovery.dir/drivers/SpiMaster.cpp.o
                0x0000000000001350                Pinetime::Drivers::SpiMaster::Write(unsigned char, unsigned char const*, unsigned int, std::function<void ()> const&)
 .text._ZN8Pinetime7Drivers9SpiMaster4ReadEhPhjS2_j
                0x0000000000001406       0xa8 CMakeFiles/pinetime-recovery.dir/drivers/SpiMaster.cpp.o
                0x0000000000001406                Pinetime::Drivers::SpiMaster::Read(unsigned char, unsigned char*, unsigned int, unsigned char*, unsigned int)
 .text._ZN8Pinetime7Drivers9SpiMaster5SleepEv
                0x00000000000014ae       0x36 CMakeFiles/pinetime-recovery.dir/drivers/SpiMaster.cpp.o
                0x00000000000014ae                Pinetime::Drivers::SpiMaster::Sleep()
 .text._ZN8Pinetime7Drivers9SpiMaster6WakeupEv
                0x00000000000014e4        0x4 CMakeFiles/pinetime-recovery.dir/drivers/SpiMaster.cpp.o
                0x00000000000014e4                Pinetime::Drivers::SpiMaster::Wakeup()
 .text._ZN8Pinetime7Drivers9SpiMaster17WriteCmdAndBufferEhPKhjS3_j
                0x00000000000014e8       0xa8 CMakeFiles/pinetime-recovery.dir/drivers/SpiMaster.cpp.o
                0x00000000000014e8                Pinetime::Drivers::SpiMaster::WriteCmdAndBuffer(unsigned char, unsigned char const*, unsigned int, unsigned char const*, unsigned int)
 .text._ZN8Pinetime7Drivers3SpiC2ERNS0_9SpiMasterEh
                0x0000000000001590       0x20 CMakeFiles/pinetime-recovery.dir/drivers/Spi.cpp.o
                0x0000000000001590                Pinetime::Drivers::Spi::Spi(Pinetime::Drivers::SpiMaster&, unsigned char)
                0x0000000000001590                Pinetime::Drivers::Spi::Spi(Pinetime::Drivers::SpiMaster&, unsigned char)
 .text._ZN8Pinetime7Drivers3Spi5WriteEPKhjRKSt8functionIFvvEE
                0x00000000000015b0       0x16 CMakeFiles/pinetime-recovery.dir/drivers/Spi.cpp.o
                0x00000000000015b0                Pinetime::Drivers::Spi::Write(unsigned char const*, unsigned int, std::function<void ()> const&)
 .text._ZN8Pinetime7Drivers3Spi4ReadEPhjS2_j
                0x00000000000015c6       0x18 CMakeFiles/pinetime-recovery.dir/drivers/Spi.cpp.o
                0x00000000000015c6                Pinetime::Drivers::Spi::Read(unsigned char*, unsigned int, unsigned char*, unsigned int)
 .text._ZN8Pinetime7Drivers3Spi17WriteCmdAndBufferEPKhjS3_j
                0x00000000000015de       0x18 CMakeFiles/pinetime-recovery.dir/drivers/Spi.cpp.o
                0x00000000000015de                Pinetime::Drivers::Spi::WriteCmdAndBuffer(unsigned char const*, unsigned int, unsigned char const*, unsigned int)
 *fill*         0x00000000000015f6        0x2 
 .text._ZN8Pinetime7Drivers8Watchdog5SetupEhNS1_14SleepBehaviourENS1_13HaltBehaviourE
                0x00000000000015f8       0x78 CMakeFiles/pinetime-recovery.dir/drivers/Watchdog.cpp.o
                0x00000000000015f8                Pinetime::Drivers::Watchdog::Setup(unsigned char, Pinetime::Drivers::Watchdog::SleepBehaviour, Pinetime::Drivers::Watchdog::HaltBehaviour)
 .text._ZN8Pinetime7Drivers8Watchdog5StartEv
                0x0000000000001670        0xc CMakeFiles/pinetime-recovery.dir/drivers/Watchdog.cpp.o
                0x0000000000001670                Pinetime::Drivers::Watchdog::Start()
 .text._ZN8Pinetime7Drivers8Watchdog6ReloadEv
                0x000000000000167c       0x14 CMakeFiles/pinetime-recovery.dir/drivers/Watchdog.cpp.o
                0x000000000000167c                Pinetime::Drivers::Watchdog::Reload()
 .text._ZN8Pinetime7Drivers7Hrs3300C2ERNS0_9TwiMasterEh
                0x0000000000001690        0x6 CMakeFiles/pinetime-recovery.dir/drivers/Hrs3300.cpp.o
                0x0000000000001690                Pinetime::Drivers::Hrs3300::Hrs3300(Pinetime::Drivers::TwiMaster&, unsigned char)
                0x0000000000001690                Pinetime::Drivers::Hrs3300::Hrs3300(Pinetime::Drivers::TwiMaster&, unsigned char)
 .text._ZN8Pinetime7Drivers7Hrs330013WriteRegisterEhh
                0x0000000000001696       0x1e CMakeFiles/pinetime-recovery.dir/drivers/Hrs3300.cpp.o
                0x0000000000001696                Pinetime::Drivers::Hrs3300::WriteRegister(unsigned char, unsigned char)
 .text._ZN8Pinetime7Drivers7Hrs330012ReadRegisterEh
                0x00000000000016b4       0x1e CMakeFiles/pinetime-recovery.dir/drivers/Hrs3300.cpp.o
                0x00000000000016b4                Pinetime::Drivers::Hrs3300::ReadRegister(unsigned char)
 .text._ZN8Pinetime7Drivers7Hrs33006EnableEv
                0x00000000000016d2       0x26 CMakeFiles/pinetime-recovery.dir/drivers/Hrs3300.cpp.o
                0x00000000000016d2                Pinetime::Drivers::Hrs3300::Enable()
 .text._ZN8Pinetime7Drivers7Hrs33007DisableEv
                0x00000000000016f8       0x24 CMakeFiles/pinetime-recovery.dir/drivers/Hrs3300.cpp.o
                0x00000000000016f8                Pinetime::Drivers::Hrs3300::Disable()
 .text._ZN8Pinetime7Drivers7Hrs33004InitEv
                0x000000000000171c       0x44 CMakeFiles/pinetime-recovery.dir/drivers/Hrs3300.cpp.o
                0x000000000000171c                Pinetime::Drivers::Hrs3300::Init()
 .text._ZN8Pinetime7Drivers7Hrs33007ReadHrsEv
                0x0000000000001760       0x38 CMakeFiles/pinetime-recovery.dir/drivers/Hrs3300.cpp.o
                0x0000000000001760                Pinetime::Drivers::Hrs3300::ReadHrs()
 .text._ZN8Pinetime7Drivers7Hrs33007ReadAlsEv
                0x0000000000001798       0x30 CMakeFiles/pinetime-recovery.dir/drivers/Hrs3300.cpp.o
                0x0000000000001798                Pinetime::Drivers::Hrs3300::ReadAls()
 .text._ZN12_GLOBAL__N_110user_delayEmPv
                0x00000000000017c8       0x14 CMakeFiles/pinetime-recovery.dir/drivers/Bma421.cpp.o
 .text._ZN8Pinetime7Drivers6Bma421C2ERNS0_9TwiMasterEh
                0x00000000000017dc       0x34 CMakeFiles/pinetime-recovery.dir/drivers/Bma421.cpp.o
                0x00000000000017dc                Pinetime::Drivers::Bma421::Bma421(Pinetime::Drivers::TwiMaster&, unsigned char)
                0x00000000000017dc                Pinetime::Drivers::Bma421::Bma421(Pinetime::Drivers::TwiMaster&, unsigned char)
 .text._ZN8Pinetime7Drivers6Bma4214InitEv
                0x0000000000001810       0x7a CMakeFiles/pinetime-recovery.dir/drivers/Bma421.cpp.o
                0x0000000000001810                Pinetime::Drivers::Bma421::Init()
 .text._ZN8Pinetime7Drivers6Bma4214ReadEhPhj
                0x000000000000188a       0x16 CMakeFiles/pinetime-recovery.dir/drivers/Bma421.cpp.o
                0x000000000000188a                Pinetime::Drivers::Bma421::Read(unsigned char, unsigned char*, unsigned int)
 .text._ZN12_GLOBAL__N_113user_i2c_readEhPhmPv
                0x00000000000018a0       0x14 CMakeFiles/pinetime-recovery.dir/drivers/Bma421.cpp.o
 .text._ZN8Pinetime7Drivers6Bma4215WriteEhPKhj
                0x00000000000018b4       0x16 CMakeFiles/pinetime-recovery.dir/drivers/Bma421.cpp.o
                0x00000000000018b4                Pinetime::Drivers::Bma421::Write(unsigned char, unsigned char const*, unsigned int)
 .text._ZN12_GLOBAL__N_114user_i2c_writeEhPKhmPv
                0x00000000000018ca       0x14 CMakeFiles/pinetime-recovery.dir/drivers/Bma421.cpp.o
 *fill*         0x00000000000018de        0x2 
 .text._ZN8Pinetime7Drivers6Bma4217ProcessEv
                0x00000000000018e0       0x9c CMakeFiles/pinetime-recovery.dir/drivers/Bma421.cpp.o
                0x00000000000018e0                Pinetime::Drivers::Bma421::Process()
 .text._ZN8Pinetime7Drivers6Bma42116ResetStepCounterEv
                0x000000000000197c        0x6 CMakeFiles/pinetime-recovery.dir/drivers/Bma421.cpp.o
                0x000000000000197c                Pinetime::Drivers::Bma421::ResetStepCounter()
 *fill*         0x0000000000001982        0x2 
 .text._ZN8Pinetime7Drivers6Bma4219SoftResetEv
                0x0000000000001984       0x28 CMakeFiles/pinetime-recovery.dir/drivers/Bma421.cpp.o
                0x0000000000001984                Pinetime::Drivers::Bma421::SoftReset()
 .text._ZNK8Pinetime7Drivers6Bma42110DeviceTypeEv
                0x00000000000019ac        0x6 CMakeFiles/pinetime-recovery.dir/drivers/Bma421.cpp.o
                0x00000000000019ac                Pinetime::Drivers::Bma421::DeviceType() const
 .text.null_pointer_check
                0x00000000000019b2       0x1c CMakeFiles/pinetime-recovery.dir/drivers/Bma421_C/bma4.c.o
 .text.write_regs
                0x00000000000019ce       0x4a CMakeFiles/pinetime-recovery.dir/drivers/Bma421_C/bma4.c.o
 .text.read_regs
                0x0000000000001a18       0x6e CMakeFiles/pinetime-recovery.dir/drivers/Bma421_C/bma4.c.o
 .text.increment_feature_config_addr
                0x0000000000001a86       0x84 CMakeFiles/pinetime-recovery.dir/drivers/Bma421_C/bma4.c.o
 .text.set_feature_config_start_addr
                0x0000000000001b0a       0x34 CMakeFiles/pinetime-recovery.dir/drivers/Bma421_C/bma4.c.o
 .text.bma4_get_advance_power_save
                0x0000000000001b3e       0x3a CMakeFiles/pinetime-recovery.dir/drivers/Bma421_C/bma4.c.o
                0x0000000000001b3e                bma4_get_advance_power_save
 .text.bma4_read_regs
                0x0000000000001b78      0x110 CMakeFiles/pinetime-recovery.dir/drivers/Bma421_C/bma4.c.o
                0x0000000000001b78                bma4_read_regs
 .text.bma4_set_advance_power_save
                0x0000000000001c88       0x48 CMakeFiles/pinetime-recovery.dir/drivers/Bma421_C/bma4.c.o
                0x0000000000001c88                bma4_set_advance_power_save
 .text.bma4_write_regs
                0x0000000000001cd0      0x110 CMakeFiles/pinetime-recovery.dir/drivers/Bma421_C/bma4.c.o
                0x0000000000001cd0                bma4_write_regs
 .text.bma4_set_accel_config
                0x0000000000001de0       0x7e CMakeFiles/pinetime-recovery.dir/drivers/Bma421_C/bma4.c.o
                0x0000000000001de0                bma4_set_accel_config
 .text.bma4_init
                0x0000000000001e5e       0x4e CMakeFiles/pinetime-recovery.dir/drivers/Bma421_C/bma4.c.o
                0x0000000000001e5e                bma4_init
 .text.bma4_read_accel_xyz
                0x0000000000001eac       0x94 CMakeFiles/pinetime-recovery.dir/drivers/Bma421_C/bma4.c.o
                0x0000000000001eac                bma4_read_accel_xyz
 .text.bma4_get_temperature
                0x0000000000001f40       0x74 CMakeFiles/pinetime-recovery.dir/drivers/Bma421_C/bma4.c.o
                0x0000000000001f40                bma4_get_temperature
 .text.bma4_write_config_file
                0x0000000000001fb4      0x154 CMakeFiles/pinetime-recovery.dir/drivers/Bma421_C/bma4.c.o
                0x0000000000001fb4                bma4_write_config_file
 .text.bma4_set_accel_enable
                0x0000000000002108       0x4a CMakeFiles/pinetime-recovery.dir/drivers/Bma421_C/bma4.c.o
                0x0000000000002108                bma4_set_accel_enable
 .text.bma4_set_interrupt_mode
                0x0000000000002152       0x32 CMakeFiles/pinetime-recovery.dir/drivers/Bma421_C/bma4.c.o
                0x0000000000002152                bma4_set_interrupt_mode
 .text.bma4_soft_reset
                0x0000000000002184       0x24 CMakeFiles/pinetime-recovery.dir/drivers/Bma421_C/bma4.c.o
                0x0000000000002184                bma4_soft_reset
 .text.bma423_init
                0x00000000000021a8       0x2a CMakeFiles/pinetime-recovery.dir/drivers/Bma421_C/bma423.c.o
                0x00000000000021a8                bma423_init
 *fill*         0x00000000000021d2        0x2 
 .text.bma423_write_config_file
                0x00000000000021d4       0x4c CMakeFiles/pinetime-recovery.dir/drivers/Bma421_C/bma423.c.o
                0x00000000000021d4                bma423_write_config_file
 .text.bma423_feature_enable
                0x0000000000002220       0xf2 CMakeFiles/pinetime-recovery.dir/drivers/Bma421_C/bma423.c.o
                0x0000000000002220                bma423_feature_enable
 .text.bma423_step_detector_enable
                0x0000000000002312       0x5e CMakeFiles/pinetime-recovery.dir/drivers/Bma421_C/bma423.c.o
                0x0000000000002312                bma423_step_detector_enable
 .text.bma423_reset_step_counter
                0x0000000000002370       0x54 CMakeFiles/pinetime-recovery.dir/drivers/Bma421_C/bma423.c.o
                0x0000000000002370                bma423_reset_step_counter
 .text.bma423_step_counter_output
                0x00000000000023c4       0x38 CMakeFiles/pinetime-recovery.dir/drivers/Bma421_C/bma423.c.o
                0x00000000000023c4                bma423_step_counter_output
 .text.bma423_activity_output
                0x00000000000023fc       0x3c CMakeFiles/pinetime-recovery.dir/drivers/Bma421_C/bma423.c.o
                0x00000000000023fc                bma423_activity_output
 .text._ZN8Pinetime11Controllers7BatteryC2Ev
                0x0000000000002438       0x20 CMakeFiles/pinetime-recovery.dir/components/battery/BatteryController.cpp.o
                0x0000000000002438                Pinetime::Controllers::Battery::Battery()
                0x0000000000002438                Pinetime::Controllers::Battery::Battery()
 .text._ZN8Pinetime11Controllers7Battery14ReadPowerStateEv
                0x0000000000002458       0x2a CMakeFiles/pinetime-recovery.dir/components/battery/BatteryController.cpp.o
                0x0000000000002458                Pinetime::Controllers::Battery::ReadPowerState()
 *fill*         0x0000000000002482        0x2 
 .text._ZN8Pinetime11Controllers7Battery9SaadcInitEv
                0x0000000000002484       0x54 CMakeFiles/pinetime-recovery.dir/components/battery/BatteryController.cpp.o
                0x0000000000002484                Pinetime::Controllers::Battery::SaadcInit()
 .text._ZN8Pinetime11Controllers7Battery14MeasureVoltageEv
                0x00000000000024d8       0x1c CMakeFiles/pinetime-recovery.dir/components/battery/BatteryController.cpp.o
                0x00000000000024d8                Pinetime::Controllers::Battery::MeasureVoltage()
 .text._ZN8Pinetime11Controllers7Battery17SaadcEventHandlerEPK16nrfx_saadc_evt_t
                0x00000000000024f4      0x130 CMakeFiles/pinetime-recovery.dir/components/battery/BatteryController.cpp.o
                0x00000000000024f4                Pinetime::Controllers::Battery::SaadcEventHandler(nrfx_saadc_evt_t const*)
 .text._ZN8Pinetime11Controllers7Battery17AdcCallbackStaticEPK16nrfx_saadc_evt_t
                0x0000000000002624       0x10 CMakeFiles/pinetime-recovery.dir/components/battery/BatteryController.cpp.o
                0x0000000000002624                Pinetime::Controllers::Battery::AdcCallbackStatic(nrfx_saadc_evt_t const*)
 .text._ZN8Pinetime11Controllers7Battery8RegisterEPNS_6System10SystemTaskE
                0x0000000000002634        0x4 CMakeFiles/pinetime-recovery.dir/components/battery/BatteryController.cpp.o
                0x0000000000002634                Pinetime::Controllers::Battery::Register(Pinetime::System::SystemTask*)
 .text._ZNK8Pinetime11Controllers3Ble11IsConnectedEv
                0x0000000000002638        0x4 CMakeFiles/pinetime-recovery.dir/components/ble/BleController.cpp.o
                0x0000000000002638                Pinetime::Controllers::Ble::IsConnected() const
 .text._ZN8Pinetime11Controllers3Ble7ConnectEv
                0x000000000000263c        0x6 CMakeFiles/pinetime-recovery.dir/components/ble/BleController.cpp.o
                0x000000000000263c                Pinetime::Controllers::Ble::Connect()
 .text._ZN8Pinetime11Controllers3Ble10DisconnectEv
                0x0000000000002642        0x6 CMakeFiles/pinetime-recovery.dir/components/ble/BleController.cpp.o
                0x0000000000002642                Pinetime::Controllers::Ble::Disconnect()
 .text._ZNK8Pinetime11Controllers3Ble14IsRadioEnabledEv
                0x0000000000002648        0x4 CMakeFiles/pinetime-recovery.dir/components/ble/BleController.cpp.o
                0x0000000000002648                Pinetime::Controllers::Ble::IsRadioEnabled() const
 .text._ZN8Pinetime11Controllers3Ble11EnableRadioEv
                0x000000000000264c        0x6 CMakeFiles/pinetime-recovery.dir/components/ble/BleController.cpp.o
                0x000000000000264c                Pinetime::Controllers::Ble::EnableRadio()
 .text._ZN8Pinetime11Controllers3Ble12DisableRadioEv
                0x0000000000002652        0x6 CMakeFiles/pinetime-recovery.dir/components/ble/BleController.cpp.o
                0x0000000000002652                Pinetime::Controllers::Ble::DisableRadio()
 .text._ZN8Pinetime11Controllers3Ble19StartFirmwareUpdateEv
                0x0000000000002658        0x6 CMakeFiles/pinetime-recovery.dir/components/ble/BleController.cpp.o
                0x0000000000002658                Pinetime::Controllers::Ble::StartFirmwareUpdate()
 .text._ZN8Pinetime11Controllers3Ble18StopFirmwareUpdateEv
                0x000000000000265e        0x6 CMakeFiles/pinetime-recovery.dir/components/ble/BleController.cpp.o
                0x000000000000265e                Pinetime::Controllers::Ble::StopFirmwareUpdate()
 .text._ZN8Pinetime11Controllers3Ble24FirmwareUpdateTotalBytesEm
                0x0000000000002664        0x4 CMakeFiles/pinetime-recovery.dir/components/ble/BleController.cpp.o
                0x0000000000002664                Pinetime::Controllers::Ble::FirmwareUpdateTotalBytes(unsigned long)
 .text._ZN8Pinetime11Controllers3Ble26FirmwareUpdateCurrentBytesEm
                0x0000000000002668        0x4 CMakeFiles/pinetime-recovery.dir/components/ble/BleController.cpp.o
                0x0000000000002668                Pinetime::Controllers::Ble::FirmwareUpdateCurrentBytes(unsigned long)
 .text._ZN8Pinetime11Controllers19NotificationManager4PushEONS1_12NotificationE
                0x000000000000266c       0x4c CMakeFiles/pinetime-recovery.dir/components/ble/NotificationManager.cpp.o
                0x000000000000266c                Pinetime::Controllers::NotificationManager::Push(Pinetime::Controllers::NotificationManager::Notification&&)
 .text._ZN8Pinetime11Controllers8DateTimeC2ERNS0_8SettingsE
                0x00000000000026b8       0x28 CMakeFiles/pinetime-recovery.dir/components/datetime/DateTimeController.cpp.o
                0x00000000000026b8                Pinetime::Controllers::DateTime::DateTime(Pinetime::Controllers::Settings&)
                0x00000000000026b8                Pinetime::Controllers::DateTime::DateTime(Pinetime::Controllers::Settings&)
 .text._ZN8Pinetime11Controllers8DateTime11SetTimeZoneEaa
                0x00000000000026e0        0xa CMakeFiles/pinetime-recovery.dir/components/datetime/DateTimeController.cpp.o
                0x00000000000026e0                Pinetime::Controllers::DateTime::SetTimeZone(signed char, signed char)
 *fill*         0x00000000000026ea        0x6 
 .text._ZN8Pinetime11Controllers8DateTime10UpdateTimeEm
                0x00000000000026f0       0xec CMakeFiles/pinetime-recovery.dir/components/datetime/DateTimeController.cpp.o
                0x00000000000026f0                Pinetime::Controllers::DateTime::UpdateTime(unsigned long)
 .text._ZN8Pinetime11Controllers8DateTime14SetCurrentTimeENSt6chrono10time_pointINS2_3_V212system_clockENS2_8durationIxSt5ratioILx1ELx1000000000EEEEEE
                0x00000000000027dc        0xa CMakeFiles/pinetime-recovery.dir/components/datetime/DateTimeController.cpp.o
                0x00000000000027dc                Pinetime::Controllers::DateTime::SetCurrentTime(std::chrono::time_point<std::chrono::_V2::system_clock, std::chrono::duration<long long, std::ratio<1ll, 1000000000ll> > >)
 *fill*         0x00000000000027e6        0x2 
 .text._ZN8Pinetime11Controllers8DateTime7SetTimeEthhhhh
                0x00000000000027e8       0x5c CMakeFiles/pinetime-recovery.dir/components/datetime/DateTimeController.cpp.o
                0x00000000000027e8                Pinetime::Controllers::DateTime::SetTime(unsigned short, unsigned char, unsigned char, unsigned char, unsigned char, unsigned char)
 .text._ZN8Pinetime11Controllers8DateTime8RegisterEPNS_6System10SystemTaskE
                0x0000000000002844        0x4 CMakeFiles/pinetime-recovery.dir/components/datetime/DateTimeController.cpp.o
                0x0000000000002844                Pinetime::Controllers::DateTime::Register(Pinetime::System::SystemTask*)
 .text._ZN12_GLOBAL__N_113DegreesRolledEssss
                0x0000000000002848       0x84 CMakeFiles/pinetime-recovery.dir/components/motion/MotionController.cpp.o
 .text._ZNK8Pinetime11Controllers16MotionController13GetAccelStatsEv
                0x00000000000028cc      0x14e CMakeFiles/pinetime-recovery.dir/components/motion/MotionController.cpp.o
                0x00000000000028cc                Pinetime::Controllers::MotionController::GetAccelStats() const
 .text._ZN8Pinetime11Controllers16MotionController6UpdateEsssm
                0x0000000000002a1a       0xd2 CMakeFiles/pinetime-recovery.dir/components/motion/MotionController.cpp.o
                0x0000000000002a1a                Pinetime::Controllers::MotionController::Update(short, short, short, unsigned long)
 .text._ZNK8Pinetime11Controllers16MotionController15ShouldRaiseWakeEv
                0x0000000000002aec       0x52 CMakeFiles/pinetime-recovery.dir/components/motion/MotionController.cpp.o
                0x0000000000002aec                Pinetime::Controllers::MotionController::ShouldRaiseWake() const
 .text._ZN8Pinetime11Controllers16MotionController15ShouldShakeWakeEt
                0x0000000000002b3e       0x9e CMakeFiles/pinetime-recovery.dir/components/motion/MotionController.cpp.o
                0x0000000000002b3e                Pinetime::Controllers::MotionController::ShouldShakeWake(unsigned short)
 .text._ZNK8Pinetime11Controllers16MotionController16ShouldLowerSleepEv
                0x0000000000002bdc       0x86 CMakeFiles/pinetime-recovery.dir/components/motion/MotionController.cpp.o
                0x0000000000002bdc                Pinetime::Controllers::MotionController::ShouldLowerSleep() const
 .text._ZN8Pinetime11Controllers16MotionController4InitENS_7Drivers6Bma42111DeviceTypesE
                0x0000000000002c62       0x12 CMakeFiles/pinetime-recovery.dir/components/motion/MotionController.cpp.o
                0x0000000000002c62                Pinetime::Controllers::MotionController::Init(Pinetime::Drivers::Bma421::DeviceTypes)
 .text._Z15nimble_on_reseti
                0x0000000000002c74        0x2 CMakeFiles/pinetime-recovery.dir/components/ble/NimbleController.cpp.o
                0x0000000000002c74                nimble_on_reset(int)
 *fill*         0x0000000000002c76        0x2 
 .text._ZN8Pinetime11Controllers16NimbleControllerC2ERNS_6System10SystemTaskERNS0_3BleERNS0_8DateTimeERNS0_19NotificationManagerERNS0_7BatteryERNS_7Drivers11SpiNorFlashERNS0_19HeartRateControllerERNS0_16MotionControllerERNS0_2FSE
                0x0000000000002c78      0x100 CMakeFiles/pinetime-recovery.dir/components/ble/NimbleController.cpp.o
                0x0000000000002c78                Pinetime::Controllers::NimbleController::NimbleController(Pinetime::System::SystemTask&, Pinetime::Controllers::Ble&, Pinetime::Controllers::DateTime&, Pinetime::Controllers::NotificationManager&, Pinetime::Controllers::Battery&, Pinetime::Drivers::SpiNorFlash&, Pinetime::Controllers::HeartRateController&, Pinetime::Controllers::MotionController&, Pinetime::Controllers::FS&)
                0x0000000000002c78                Pinetime::Controllers::NimbleController::NimbleController(Pinetime::System::SystemTask&, Pinetime::Controllers::Ble&, Pinetime::Controllers::DateTime&, Pinetime::Controllers::NotificationManager&, Pinetime::Controllers::Battery&, Pinetime::Drivers::SpiNorFlash&, Pinetime::Controllers::HeartRateController&, Pinetime::Controllers::MotionController&, Pinetime::Controllers::FS&)
 .text._ZN8Pinetime11Controllers16NimbleController16StartAdvertisingEv
                0x0000000000002d78       0xc8 CMakeFiles/pinetime-recovery.dir/components/ble/NimbleController.cpp.o
                0x0000000000002d78                Pinetime::Controllers::NimbleController::StartAdvertising()
 .text._Z14nimble_on_syncv
                0x0000000000002e40       0x18 CMakeFiles/pinetime-recovery.dir/components/ble/NimbleController.cpp.o
                0x0000000000002e40                nimble_on_sync()
 .text._ZN8Pinetime11Controllers16NimbleController14StartDiscoveryEv
                0x0000000000002e58       0x16 CMakeFiles/pinetime-recovery.dir/components/ble/NimbleController.cpp.o
                0x0000000000002e58                Pinetime::Controllers::NimbleController::StartDiscovery()
 .text._ZN8Pinetime11Controllers16NimbleController10connHandleEv
                0x0000000000002e6e        0x6 CMakeFiles/pinetime-recovery.dir/components/ble/NimbleController.cpp.o
                0x0000000000002e6e                Pinetime::Controllers::NimbleController::connHandle()
 .text._ZN8Pinetime11Controllers16NimbleController18NotifyBatteryLevelEh
                0x0000000000002e74       0x18 CMakeFiles/pinetime-recovery.dir/components/ble/NimbleController.cpp.o
                0x0000000000002e74                Pinetime::Controllers::NimbleController::NotifyBatteryLevel(unsigned char)
 .text._ZN8Pinetime11Controllers16NimbleController11EnableRadioEv
                0x0000000000002e8c       0x20 CMakeFiles/pinetime-recovery.dir/components/ble/NimbleController.cpp.o
                0x0000000000002e8c                Pinetime::Controllers::NimbleController::EnableRadio()
 .text._ZN8Pinetime11Controllers16NimbleController12DisableRadioEv
                0x0000000000002eac       0x2e CMakeFiles/pinetime-recovery.dir/components/ble/NimbleController.cpp.o
                0x0000000000002eac                Pinetime::Controllers::NimbleController::DisableRadio()
 *fill*         0x0000000000002eda        0x2 
 .text._ZN8Pinetime11Controllers16NimbleController11PersistBondER17ble_gap_conn_desc
                0x0000000000002edc      0x15c CMakeFiles/pinetime-recovery.dir/components/ble/NimbleController.cpp.o
                0x0000000000002edc                Pinetime::Controllers::NimbleController::PersistBond(ble_gap_conn_desc&)
 .text._ZN8Pinetime11Controllers16NimbleController10OnGAPEventEP13ble_gap_event
                0x0000000000003038      0x184 CMakeFiles/pinetime-recovery.dir/components/ble/NimbleController.cpp.o
                0x0000000000003038                Pinetime::Controllers::NimbleController::OnGAPEvent(ble_gap_event*)
 .text._Z16GAPEventCallbackP13ble_gap_eventPv
                0x00000000000031bc        0xa CMakeFiles/pinetime-recovery.dir/components/ble/NimbleController.cpp.o
                0x00000000000031bc                GAPEventCallback(ble_gap_event*, void*)
 *fill*         0x00000000000031c6        0x2 
 .text._ZN8Pinetime11Controllers16NimbleController11RestoreBondEv
                0x00000000000031c8       0x98 CMakeFiles/pinetime-recovery.dir/components/ble/NimbleController.cpp.o
                0x00000000000031c8                Pinetime::Controllers::NimbleController::RestoreBond()
 .text._ZN8Pinetime11Controllers16NimbleController4InitEv
                0x0000000000003260      0x11c CMakeFiles/pinetime-recovery.dir/components/ble/NimbleController.cpp.o
                0x0000000000003260                Pinetime::Controllers::NimbleController::Init()
 .text._ZN8Pinetime11Controllers24DeviceInformationService4InitEv
                0x000000000000337c       0x16 CMakeFiles/pinetime-recovery.dir/components/ble/DeviceInformationService.cpp.o
                0x000000000000337c                Pinetime::Controllers::DeviceInformationService::Init()
 *fill*         0x0000000000003392        0x2 
 .text._ZN8Pinetime11Controllers24DeviceInformationService21OnDeviceInfoRequestedEP20ble_gatt_access_ctxt
                0x0000000000003394       0x44 CMakeFiles/pinetime-recovery.dir/components/ble/DeviceInformationService.cpp.o
                0x0000000000003394                Pinetime::Controllers::DeviceInformationService::OnDeviceInfoRequested(ble_gatt_access_ctxt*)
 .text._Z25DeviceInformationCallbackttP20ble_gatt_access_ctxtPv
                0x00000000000033d8        0x8 CMakeFiles/pinetime-recovery.dir/components/ble/DeviceInformationService.cpp.o
                0x00000000000033d8                DeviceInformationCallback(unsigned short, unsigned short, ble_gatt_access_ctxt*, void*)
 .text._ZN8Pinetime11Controllers24DeviceInformationServiceC2Ev
                0x00000000000033e0       0x98 CMakeFiles/pinetime-recovery.dir/components/ble/DeviceInformationService.cpp.o
                0x00000000000033e0                Pinetime::Controllers::DeviceInformationService::DeviceInformationService()
                0x00000000000033e0                Pinetime::Controllers::DeviceInformationService::DeviceInformationService()
 .text._ZN8Pinetime11Controllers17CurrentTimeClient8DiscoverEtSt8functionIFvtEE
                0x0000000000003478       0x78 CMakeFiles/pinetime-recovery.dir/components/ble/CurrentTimeClient.cpp.o
                0x0000000000003478                Pinetime::Controllers::CurrentTimeClient::Discover(unsigned short, std::function<void (unsigned short)>)
 .text._ZN8Pinetime11Controllers17CurrentTimeClientC2ERNS0_8DateTimeE
                0x00000000000034f0       0x14 CMakeFiles/pinetime-recovery.dir/components/ble/CurrentTimeClient.cpp.o
                0x00000000000034f0                Pinetime::Controllers::CurrentTimeClient::CurrentTimeClient(Pinetime::Controllers::DateTime&)
                0x00000000000034f0                Pinetime::Controllers::CurrentTimeClient::CurrentTimeClient(Pinetime::Controllers::DateTime&)
 .text._ZN8Pinetime11Controllers17CurrentTimeClient4InitEv
                0x0000000000003504        0x2 CMakeFiles/pinetime-recovery.dir/components/ble/CurrentTimeClient.cpp.o
                0x0000000000003504                Pinetime::Controllers::CurrentTimeClient::Init()
 .text._ZN8Pinetime11Controllers17CurrentTimeClient5ResetEv
                0x0000000000003506        0x8 CMakeFiles/pinetime-recovery.dir/components/ble/CurrentTimeClient.cpp.o
                0x0000000000003506                Pinetime::Controllers::CurrentTimeClient::Reset()
 .text._ZNKSt8functionIFvtEEclEt
                0x000000000000350e       0x1c CMakeFiles/pinetime-recovery.dir/components/ble/CurrentTimeClient.cpp.o
                0x000000000000350e                std::function<void (unsigned short)>::operator()(unsigned short) const
 *fill*         0x000000000000352a        0x2 
 .text._ZN8Pinetime11Controllers17CurrentTimeClient16OnDiscoveryEventEtPK14ble_gatt_errorPK12ble_gatt_svc
                0x000000000000352c       0x5c CMakeFiles/pinetime-recovery.dir/components/ble/CurrentTimeClient.cpp.o
                0x000000000000352c                Pinetime::Controllers::CurrentTimeClient::OnDiscoveryEvent(unsigned short, ble_gatt_error const*, ble_gatt_svc const*)
 .text._ZN12_GLOBAL__N_124OnDiscoveryEventCallbackEtPK14ble_gatt_errorPK12ble_gatt_svcPv
                0x0000000000003588       0x12 CMakeFiles/pinetime-recovery.dir/components/ble/CurrentTimeClient.cpp.o
 *fill*         0x000000000000359a        0x2 
 .text._ZN8Pinetime11Controllers17CurrentTimeClient30OnCharacteristicDiscoveryEventEtPK14ble_gatt_errorPK12ble_gatt_chr
                0x000000000000359c       0x4c CMakeFiles/pinetime-recovery.dir/components/ble/CurrentTimeClient.cpp.o
                0x000000000000359c                Pinetime::Controllers::CurrentTimeClient::OnCharacteristicDiscoveryEvent(unsigned short, ble_gatt_error const*, ble_gatt_chr const*)
 .text._ZN12_GLOBAL__N_145OnCurrentTimeCharacteristicDiscoveredCallbackEtPK14ble_gatt_errorPK12ble_gatt_chrPv
                0x00000000000035e8       0x14 CMakeFiles/pinetime-recovery.dir/components/ble/CurrentTimeClient.cpp.o
 .text._ZN8Pinetime11Controllers17CurrentTimeClient23OnCurrentTimeReadResultEtPK14ble_gatt_errorPK13ble_gatt_attr
                0x00000000000035fc       0x56 CMakeFiles/pinetime-recovery.dir/components/ble/CurrentTimeClient.cpp.o
                0x00000000000035fc                Pinetime::Controllers::CurrentTimeClient::OnCurrentTimeReadResult(unsigned short, ble_gatt_error const*, ble_gatt_attr const*)
 .text._ZN12_GLOBAL__N_123CurrentTimeReadCallbackEtPK14ble_gatt_errorP13ble_gatt_attrPv
                0x0000000000003652       0x14 CMakeFiles/pinetime-recovery.dir/components/ble/CurrentTimeClient.cpp.o
 *fill*         0x0000000000003666        0x2 
 .text._ZN8Pinetime11Controllers23AlertNotificationClient8DiscoverEtSt8functionIFvtEE
                0x0000000000003668       0x78 CMakeFiles/pinetime-recovery.dir/components/ble/AlertNotificationClient.cpp.o
                0x0000000000003668                Pinetime::Controllers::AlertNotificationClient::Discover(unsigned short, std::function<void (unsigned short)>)
 .text._ZN8Pinetime11Controllers23AlertNotificationClientC2ERNS_6System10SystemTaskERNS0_19NotificationManagerE
                0x00000000000036e0       0x24 CMakeFiles/pinetime-recovery.dir/components/ble/AlertNotificationClient.cpp.o
                0x00000000000036e0                Pinetime::Controllers::AlertNotificationClient::AlertNotificationClient(Pinetime::System::SystemTask&, Pinetime::Controllers::NotificationManager&)
                0x00000000000036e0                Pinetime::Controllers::AlertNotificationClient::AlertNotificationClient(Pinetime::System::SystemTask&, Pinetime::Controllers::NotificationManager&)
 .text._ZN8Pinetime11Controllers23AlertNotificationClient14OnNotificationEP13ble_gap_event
                0x0000000000003704       0x5c CMakeFiles/pinetime-recovery.dir/components/ble/AlertNotificationClient.cpp.o
                0x0000000000003704                Pinetime::Controllers::AlertNotificationClient::OnNotification(ble_gap_event*)
 .text._ZN8Pinetime11Controllers23AlertNotificationClient5ResetEv
                0x0000000000003760       0x12 CMakeFiles/pinetime-recovery.dir/components/ble/AlertNotificationClient.cpp.o
                0x0000000000003760                Pinetime::Controllers::AlertNotificationClient::Reset()
 *fill*         0x0000000000003772        0x2 
 .text._ZN8Pinetime11Controllers23AlertNotificationClient16OnDiscoveryEventEtPK14ble_gatt_errorPK12ble_gatt_svc
                0x0000000000003774       0x5c CMakeFiles/pinetime-recovery.dir/components/ble/AlertNotificationClient.cpp.o
                0x0000000000003774                Pinetime::Controllers::AlertNotificationClient::OnDiscoveryEvent(unsigned short, ble_gatt_error const*, ble_gatt_svc const*)
 .text._ZN12_GLOBAL__N_124OnDiscoveryEventCallbackEtPK14ble_gatt_errorPK12ble_gatt_svcPv
                0x00000000000037d0       0x12 CMakeFiles/pinetime-recovery.dir/components/ble/AlertNotificationClient.cpp.o
 *fill*         0x00000000000037e2        0x2 
 .text._ZN8Pinetime11Controllers23AlertNotificationClient31OnCharacteristicsDiscoveryEventEtPK14ble_gatt_errorPK12ble_gatt_chr
                0x00000000000037e4       0xc4 CMakeFiles/pinetime-recovery.dir/components/ble/AlertNotificationClient.cpp.o
                0x00000000000037e4                Pinetime::Controllers::AlertNotificationClient::OnCharacteristicsDiscoveryEvent(unsigned short, ble_gatt_error const*, ble_gatt_chr const*)
 .text._ZN12_GLOBAL__N_151OnAlertNotificationCharacteristicDiscoveredCallbackEtPK14ble_gatt_errorPK12ble_gatt_chrPv
                0x00000000000038a8       0x14 CMakeFiles/pinetime-recovery.dir/components/ble/AlertNotificationClient.cpp.o
 .text._ZN12_GLOBAL__N_124NewAlertSubcribeCallbackEtPK14ble_gatt_errorP13ble_gatt_attrPv
                0x00000000000038bc       0x10 CMakeFiles/pinetime-recovery.dir/components/ble/AlertNotificationClient.cpp.o
 .text._ZN8Pinetime11Controllers23AlertNotificationClient34OnDescriptorDiscoveryEventCallbackEtPK14ble_gatt_errortPK12ble_gatt_dsc
                0x00000000000038cc       0x60 CMakeFiles/pinetime-recovery.dir/components/ble/AlertNotificationClient.cpp.o
                0x00000000000038cc                Pinetime::Controllers::AlertNotificationClient::OnDescriptorDiscoveryEventCallback(unsigned short, ble_gatt_error const*, unsigned short, ble_gatt_dsc const*)
 .text._ZN12_GLOBAL__N_151OnAlertNotificationDescriptorDiscoveryEventCallbackEtPK14ble_gatt_errortPK12ble_gatt_dscPv
                0x000000000000392c       0x16 CMakeFiles/pinetime-recovery.dir/components/ble/AlertNotificationClient.cpp.o
 .text._ZN8Pinetime11Controllers10DfuService4InitEv
                0x0000000000003942       0x16 CMakeFiles/pinetime-recovery.dir/components/ble/DfuService.cpp.o
                0x0000000000003942                Pinetime::Controllers::DfuService::Init()
 .text._ZNK8Pinetime11Controllers10DfuService15SendDfuRevisionEP7os_mbuf
                0x0000000000003958       0x18 CMakeFiles/pinetime-recovery.dir/components/ble/DfuService.cpp.o
                0x0000000000003958                Pinetime::Controllers::DfuService::SendDfuRevision(os_mbuf*) const
 .text._ZN8Pinetime11Controllers10DfuService19NotificationManagerC2Ev
                0x0000000000003970       0x2c CMakeFiles/pinetime-recovery.dir/components/ble/DfuService.cpp.o
                0x0000000000003970                Pinetime::Controllers::DfuService::NotificationManager::NotificationManager()
                0x0000000000003970                Pinetime::Controllers::DfuService::NotificationManager::NotificationManager()
 .text._ZN8Pinetime11Controllers10DfuServiceC2ERNS_6System10SystemTaskERNS0_3BleERNS_7Drivers11SpiNorFlashE
                0x000000000000399c       0xdc CMakeFiles/pinetime-recovery.dir/components/ble/DfuService.cpp.o
                0x000000000000399c                Pinetime::Controllers::DfuService::DfuService(Pinetime::System::SystemTask&, Pinetime::Controllers::Ble&, Pinetime::Drivers::SpiNorFlash&)
                0x000000000000399c                Pinetime::Controllers::DfuService::DfuService(Pinetime::System::SystemTask&, Pinetime::Controllers::Ble&, Pinetime::Drivers::SpiNorFlash&)
 .text._ZN8Pinetime11Controllers10DfuService19NotificationManager9AsyncSendEttPhj
                0x0000000000003a78       0x44 CMakeFiles/pinetime-recovery.dir/components/ble/DfuService.cpp.o
                0x0000000000003a78                Pinetime::Controllers::DfuService::NotificationManager::AsyncSend(unsigned short, unsigned short, unsigned char*, unsigned int)
 .text._ZN8Pinetime11Controllers10DfuService19NotificationManager4SendEttPKhj
                0x0000000000003abc       0x1e CMakeFiles/pinetime-recovery.dir/components/ble/DfuService.cpp.o
                0x0000000000003abc                Pinetime::Controllers::DfuService::NotificationManager::Send(unsigned short, unsigned short, unsigned char const*, unsigned int)
 .text._ZN8Pinetime11Controllers10DfuService19NotificationManager19OnNotificationTimerEv
                0x0000000000003ada       0x1e CMakeFiles/pinetime-recovery.dir/components/ble/DfuService.cpp.o
                0x0000000000003ada                Pinetime::Controllers::DfuService::NotificationManager::OnNotificationTimer()
 .text._Z25NotificationTimerCallbackPv
                0x0000000000003af8        0xe CMakeFiles/pinetime-recovery.dir/components/ble/DfuService.cpp.o
                0x0000000000003af8                NotificationTimerCallback(void*)
 .text._ZN8Pinetime11Controllers10DfuService19NotificationManager5ResetEv
                0x0000000000003b06       0x1a CMakeFiles/pinetime-recovery.dir/components/ble/DfuService.cpp.o
                0x0000000000003b06                Pinetime::Controllers::DfuService::NotificationManager::Reset()
 .text._ZN8Pinetime11Controllers10DfuService5ResetEv
                0x0000000000003b20       0x32 CMakeFiles/pinetime-recovery.dir/components/ble/DfuService.cpp.o
                0x0000000000003b20                Pinetime::Controllers::DfuService::Reset()
 .text._ZN8Pinetime11Controllers10DfuService9OnTimeoutEv
                0x0000000000003b52        0xa CMakeFiles/pinetime-recovery.dir/components/ble/DfuService.cpp.o
                0x0000000000003b52                Pinetime::Controllers::DfuService::OnTimeout()
 .text._Z20TimeoutTimerCallbackPv
                0x0000000000003b5c        0xe CMakeFiles/pinetime-recovery.dir/components/ble/DfuService.cpp.o
                0x0000000000003b5c                TimeoutTimerCallback(void*)
 *fill*         0x0000000000003b6a        0x2 
 .text._ZN8Pinetime11Controllers10DfuService8DfuImage16WriteMagicNumberEv
                0x0000000000003b6c       0x2c CMakeFiles/pinetime-recovery.dir/components/ble/DfuService.cpp.o
                0x0000000000003b6c                Pinetime::Controllers::DfuService::DfuImage::WriteMagicNumber()
 .text._ZN8Pinetime11Controllers10DfuService8DfuImage6AppendEPhj
                0x0000000000003b98       0x70 CMakeFiles/pinetime-recovery.dir/components/ble/DfuService.cpp.o
                0x0000000000003b98                Pinetime::Controllers::DfuService::DfuImage::Append(unsigned char*, unsigned int)
 .text._ZN8Pinetime11Controllers10DfuService8DfuImage5EraseEv
                0x0000000000003c08       0x1e CMakeFiles/pinetime-recovery.dir/components/ble/DfuService.cpp.o
                0x0000000000003c08                Pinetime::Controllers::DfuService::DfuImage::Erase()
 .text._ZN8Pinetime11Controllers10DfuService8DfuImage10ComputeCrcEPKhmPKt
                0x0000000000003c26       0x32 CMakeFiles/pinetime-recovery.dir/components/ble/DfuService.cpp.o
                0x0000000000003c26                Pinetime::Controllers::DfuService::DfuImage::ComputeCrc(unsigned char const*, unsigned long, unsigned short const*)
 .text._ZN8Pinetime11Controllers10DfuService8DfuImage8ValidateEv
                0x0000000000003c58       0x68 CMakeFiles/pinetime-recovery.dir/components/ble/DfuService.cpp.o
                0x0000000000003c58                Pinetime::Controllers::DfuService::DfuImage::Validate()
 .text._ZN8Pinetime11Controllers10DfuService19ControlPointHandlerEtP7os_mbuf
                0x0000000000003cc0      0x140 CMakeFiles/pinetime-recovery.dir/components/ble/DfuService.cpp.o
                0x0000000000003cc0                Pinetime::Controllers::DfuService::ControlPointHandler(unsigned short, os_mbuf*)
 .text._ZN8Pinetime11Controllers10DfuService8DfuImage10IsCompleteEv
                0x0000000000003e00       0x12 CMakeFiles/pinetime-recovery.dir/components/ble/DfuService.cpp.o
                0x0000000000003e00                Pinetime::Controllers::DfuService::DfuImage::IsComplete()
 *fill*         0x0000000000003e12        0x2 
 .text._ZN8Pinetime11Controllers10DfuService18WritePacketHandlerEtP7os_mbuf
                0x0000000000003e14      0x1b8 CMakeFiles/pinetime-recovery.dir/components/ble/DfuService.cpp.o
                0x0000000000003e14                Pinetime::Controllers::DfuService::WritePacketHandler(unsigned short, os_mbuf*)
 .text._ZN8Pinetime11Controllers10DfuService13OnServiceDataEttP20ble_gatt_access_ctxt
                0x0000000000003fcc       0xc0 CMakeFiles/pinetime-recovery.dir/components/ble/DfuService.cpp.o
                0x0000000000003fcc                Pinetime::Controllers::DfuService::OnServiceData(unsigned short, unsigned short, ble_gatt_access_ctxt*)
 .text._Z18DfuServiceCallbackttP20ble_gatt_access_ctxtPv
                0x000000000000408c       0x14 CMakeFiles/pinetime-recovery.dir/components/ble/DfuService.cpp.o
                0x000000000000408c                DfuServiceCallback(unsigned short, unsigned short, ble_gatt_access_ctxt*, void*)
 .text._ZN8Pinetime11Controllers18CurrentTimeService4InitEv
                0x00000000000040a0       0x16 CMakeFiles/pinetime-recovery.dir/components/ble/CurrentTimeService.cpp.o
                0x00000000000040a0                Pinetime::Controllers::CurrentTimeService::Init()
 .text._ZN8Pinetime11Controllers18CurrentTimeService21OnCurrentTimeAccessedEP20ble_gatt_access_ctxt
                0x00000000000040b6       0xa4 CMakeFiles/pinetime-recovery.dir/components/ble/CurrentTimeService.cpp.o
                0x00000000000040b6                Pinetime::Controllers::CurrentTimeService::OnCurrentTimeAccessed(ble_gatt_access_ctxt*)
 .text._ZN8Pinetime11Controllers18CurrentTimeService19OnLocalTimeAccessedEP20ble_gatt_access_ctxt
                0x000000000000415a       0x5c CMakeFiles/pinetime-recovery.dir/components/ble/CurrentTimeService.cpp.o
                0x000000000000415a                Pinetime::Controllers::CurrentTimeService::OnLocalTimeAccessed(ble_gatt_access_ctxt*)
 .text._ZN8Pinetime11Controllers18CurrentTimeService28OnCurrentTimeServiceAccessedEP20ble_gatt_access_ctxt
                0x00000000000041b6       0x3c CMakeFiles/pinetime-recovery.dir/components/ble/CurrentTimeService.cpp.o
                0x00000000000041b6                Pinetime::Controllers::CurrentTimeService::OnCurrentTimeServiceAccessed(ble_gatt_access_ctxt*)
 .text._Z11CTSCallbackttP20ble_gatt_access_ctxtPv
                0x00000000000041f2        0x8 CMakeFiles/pinetime-recovery.dir/components/ble/CurrentTimeService.cpp.o
                0x00000000000041f2                CTSCallback(unsigned short, unsigned short, ble_gatt_access_ctxt*, void*)
 *fill*         0x00000000000041fa        0x2 
 .text._ZN8Pinetime11Controllers18CurrentTimeServiceC2ERNS0_8DateTimeE
                0x00000000000041fc       0x54 CMakeFiles/pinetime-recovery.dir/components/ble/CurrentTimeService.cpp.o
                0x00000000000041fc                Pinetime::Controllers::CurrentTimeService::CurrentTimeService(Pinetime::Controllers::DateTime&)
                0x00000000000041fc                Pinetime::Controllers::CurrentTimeService::CurrentTimeService(Pinetime::Controllers::DateTime&)
 .text._ZN8Pinetime11Controllers24AlertNotificationService4InitEv
                0x0000000000004250       0x16 CMakeFiles/pinetime-recovery.dir/components/ble/AlertNotificationService.cpp.o
                0x0000000000004250                Pinetime::Controllers::AlertNotificationService::Init()
 *fill*         0x0000000000004266        0x2 
 .text._ZN8Pinetime11Controllers24AlertNotificationServiceC2ERNS_6System10SystemTaskERNS0_19NotificationManagerE
                0x0000000000004268       0x60 CMakeFiles/pinetime-recovery.dir/components/ble/AlertNotificationService.cpp.o
                0x0000000000004268                Pinetime::Controllers::AlertNotificationService::AlertNotificationService(Pinetime::System::SystemTask&, Pinetime::Controllers::NotificationManager&)
                0x0000000000004268                Pinetime::Controllers::AlertNotificationService::AlertNotificationService(Pinetime::System::SystemTask&, Pinetime::Controllers::NotificationManager&)
 .text._ZN8Pinetime11Controllers24AlertNotificationService7OnAlertEP20ble_gatt_access_ctxt
                0x00000000000042c8       0x82 CMakeFiles/pinetime-recovery.dir/components/ble/AlertNotificationService.cpp.o
                0x00000000000042c8                Pinetime::Controllers::AlertNotificationService::OnAlert(ble_gatt_access_ctxt*)
 .text._Z25AlertNotificationCallbackttP20ble_gatt_access_ctxtPv
                0x000000000000434a        0x8 CMakeFiles/pinetime-recovery.dir/components/ble/AlertNotificationService.cpp.o
                0x000000000000434a                AlertNotificationCallback(unsigned short, unsigned short, ble_gatt_access_ctxt*, void*)
 *fill*         0x0000000000004352        0x2 
 .text._ZNSt7__cxx1112basic_stringIcSt11char_traitsIcESaIcEE9_M_createERjj.isra.0
                0x0000000000004354       0x40 CMakeFiles/pinetime-recovery.dir/components/ble/MusicService.cpp.o
 .text._ZN8Pinetime11Controllers12MusicService4InitEv
                0x0000000000004394       0x16 CMakeFiles/pinetime-recovery.dir/components/ble/MusicService.cpp.o
                0x0000000000004394                Pinetime::Controllers::MusicService::Init()
 .text._ZNSt7__cxx1112basic_stringIcSt11char_traitsIcESaIcEE7_S_copyEPcPKcj
                0x00000000000043aa       0x18 CMakeFiles/pinetime-recovery.dir/components/ble/MusicService.cpp.o
                0x00000000000043aa                std::__cxx11::basic_string<char, std::char_traits<char>, std::allocator<char> >::_S_copy(char*, char const*, unsigned int)
 *fill*         0x00000000000043c2        0x2 
 .text._ZNSt7__cxx1112basic_stringIcSt11char_traitsIcESaIcEEC2IS3_EEPKcRKS3_
                0x00000000000043c4       0x50 CMakeFiles/pinetime-recovery.dir/components/ble/MusicService.cpp.o
                0x00000000000043c4                std::__cxx11::basic_string<char, std::char_traits<char>, std::allocator<char> >::basic_string<std::allocator<char> >(char const*, std::allocator<char> const&)
                0x00000000000043c4                std::__cxx11::basic_string<char, std::char_traits<char>, std::allocator<char> >::basic_string<std::allocator<char> >(char const*, std::allocator<char> const&)
 .text._ZN8Pinetime11Controllers12MusicServiceC2ERNS0_16NimbleControllerE
                0x0000000000004414      0x224 CMakeFiles/pinetime-recovery.dir/components/ble/MusicService.cpp.o
                0x0000000000004414                Pinetime::Controllers::MusicService::MusicService(Pinetime::Controllers::NimbleController&)
                0x0000000000004414                Pinetime::Controllers::MusicService::MusicService(Pinetime::Controllers::NimbleController&)
 .text._ZNSt7__cxx1112basic_stringIcSt11char_traitsIcESaIcEE7_S_moveEPcPKcj
                0x0000000000004638       0x18 CMakeFiles/pinetime-recovery.dir/components/ble/MusicService.cpp.o
                0x0000000000004638                std::__cxx11::basic_string<char, std::char_traits<char>, std::allocator<char> >::_S_move(char*, char const*, unsigned int)
 .text._ZNSt7__cxx1112basic_stringIcSt11char_traitsIcESaIcEEaSEPKc.isra.0
                0x0000000000004650       0xb4 CMakeFiles/pinetime-recovery.dir/components/ble/MusicService.cpp.o
 .text._ZN8Pinetime11Controllers12MusicService9OnCommandEP20ble_gatt_access_ctxt
                0x0000000000004704      0x1d8 CMakeFiles/pinetime-recovery.dir/components/ble/MusicService.cpp.o
                0x0000000000004704                Pinetime::Controllers::MusicService::OnCommand(ble_gatt_access_ctxt*)
 .text._ZN12_GLOBAL__N_113MusicCallbackEttP20ble_gatt_access_ctxtPv
                0x00000000000048dc        0x8 CMakeFiles/pinetime-recovery.dir/components/ble/MusicService.cpp.o
 .text._ZN12_GLOBAL__N_18ToUInt64EPKh
                0x00000000000048e4       0x2e CMakeFiles/pinetime-recovery.dir/components/ble/SimpleWeatherService.cpp.o
 *fill*         0x0000000000004912        0x2 
 .text._ZN8Pinetime11Controllers20SimpleWeatherServiceC2ERKNS0_8DateTimeE
                0x0000000000004914       0x94 CMakeFiles/pinetime-recovery.dir/components/ble/SimpleWeatherService.cpp.o
                0x0000000000004914                Pinetime::Controllers::SimpleWeatherService::SimpleWeatherService(Pinetime::Controllers::DateTime const&)
                0x0000000000004914                Pinetime::Controllers::SimpleWeatherService::SimpleWeatherService(Pinetime::Controllers::DateTime const&)
 .text._ZN8Pinetime11Controllers20SimpleWeatherService4InitEv
                0x00000000000049a8       0x16 CMakeFiles/pinetime-recovery.dir/components/ble/SimpleWeatherService.cpp.o
                0x00000000000049a8                Pinetime::Controllers::SimpleWeatherService::Init()
 .text._ZN8Pinetime11Controllers20SimpleWeatherService9OnCommandEP20ble_gatt_access_ctxt
                0x00000000000049be      0x18a CMakeFiles/pinetime-recovery.dir/components/ble/SimpleWeatherService.cpp.o
                0x00000000000049be                Pinetime::Controllers::SimpleWeatherService::OnCommand(ble_gatt_access_ctxt*)
 .text._Z15WeatherCallbackttP20ble_gatt_access_ctxtPv
                0x0000000000004b48        0x8 CMakeFiles/pinetime-recovery.dir/components/ble/SimpleWeatherService.cpp.o
                0x0000000000004b48                WeatherCallback(unsigned short, unsigned short, ble_gatt_access_ctxt*, void*)
 .text._ZN8Pinetime11Controllers25BatteryInformationServiceC2ERNS0_7BatteryE
                0x0000000000004b50       0x50 CMakeFiles/pinetime-recovery.dir/components/ble/BatteryInformationService.cpp.o
                0x0000000000004b50                Pinetime::Controllers::BatteryInformationService::BatteryInformationService(Pinetime::Controllers::Battery&)
                0x0000000000004b50                Pinetime::Controllers::BatteryInformationService::BatteryInformationService(Pinetime::Controllers::Battery&)
 .text._ZN8Pinetime11Controllers25BatteryInformationService4InitEv
                0x0000000000004ba0       0x16 CMakeFiles/pinetime-recovery.dir/components/ble/BatteryInformationService.cpp.o
                0x0000000000004ba0                Pinetime::Controllers::BatteryInformationService::Init()
 .text._ZN8Pinetime11Controllers25BatteryInformationService25OnBatteryServiceRequestedEtP20ble_gatt_access_ctxt
                0x0000000000004bb6       0x30 CMakeFiles/pinetime-recovery.dir/components/ble/BatteryInformationService.cpp.o
                0x0000000000004bb6                Pinetime::Controllers::BatteryInformationService::OnBatteryServiceRequested(unsigned short, ble_gatt_access_ctxt*)
 .text._Z33BatteryInformationServiceCallbackttP20ble_gatt_access_ctxtPv
                0x0000000000004be6        0x6 CMakeFiles/pinetime-recovery.dir/components/ble/BatteryInformationService.cpp.o
                0x0000000000004be6                BatteryInformationServiceCallback(unsigned short, unsigned short, ble_gatt_access_ctxt*, void*)
 .text._ZN8Pinetime11Controllers25BatteryInformationService18NotifyBatteryLevelEth
                0x0000000000004bec       0x24 CMakeFiles/pinetime-recovery.dir/components/ble/BatteryInformationService.cpp.o
                0x0000000000004bec                Pinetime::Controllers::BatteryInformationService::NotifyBatteryLevel(unsigned short, unsigned char)
 .text._ZN8Pinetime11Controllers9FSServiceC2ERNS_6System10SystemTaskERNS0_2FSE
                0x0000000000004c10       0x6c CMakeFiles/pinetime-recovery.dir/components/ble/FSService.cpp.o
                0x0000000000004c10                Pinetime::Controllers::FSService::FSService(Pinetime::System::SystemTask&, Pinetime::Controllers::FS&)
                0x0000000000004c10                Pinetime::Controllers::FSService::FSService(Pinetime::System::SystemTask&, Pinetime::Controllers::FS&)
 .text._ZN8Pinetime11Controllers9FSService4InitEv
                0x0000000000004c7c       0x16 CMakeFiles/pinetime-recovery.dir/components/ble/FSService.cpp.o
                0x0000000000004c7c                Pinetime::Controllers::FSService::Init()
 .text._ZN8Pinetime11Controllers9FSService16FSCommandHandlerEtP7os_mbuf
                0x0000000000004c92      0x56a CMakeFiles/pinetime-recovery.dir/components/ble/FSService.cpp.o
                0x0000000000004c92                Pinetime::Controllers::FSService::FSCommandHandler(unsigned short, os_mbuf*)
 .text._ZN8Pinetime11Controllers9FSService20OnFSServiceRequestedEttP20ble_gatt_access_ctxt
                0x00000000000051fc       0x32 CMakeFiles/pinetime-recovery.dir/components/ble/FSService.cpp.o
                0x00000000000051fc                Pinetime::Controllers::FSService::OnFSServiceRequested(unsigned short, unsigned short, ble_gatt_access_ctxt*)
 .text._Z17FSServiceCallbackttP20ble_gatt_access_ctxtPv
                0x000000000000522e       0x14 CMakeFiles/pinetime-recovery.dir/components/ble/FSService.cpp.o
                0x000000000000522e                FSServiceCallback(unsigned short, unsigned short, ble_gatt_access_ctxt*, void*)
 *fill*         0x0000000000005242        0x2 
 .text._ZN8Pinetime11Controllers21ImmediateAlertServiceC2ERNS_6System10SystemTaskERNS0_19NotificationManagerE
                0x0000000000005244       0x54 CMakeFiles/pinetime-recovery.dir/components/ble/ImmediateAlertService.cpp.o
                0x0000000000005244                Pinetime::Controllers::ImmediateAlertService::ImmediateAlertService(Pinetime::System::SystemTask&, Pinetime::Controllers::NotificationManager&)
                0x0000000000005244                Pinetime::Controllers::ImmediateAlertService::ImmediateAlertService(Pinetime::System::SystemTask&, Pinetime::Controllers::NotificationManager&)
 .text._ZN8Pinetime11Controllers21ImmediateAlertService4InitEv
                0x0000000000005298       0x16 CMakeFiles/pinetime-recovery.dir/components/ble/ImmediateAlertService.cpp.o
                0x0000000000005298                Pinetime::Controllers::ImmediateAlertService::Init()
 *fill*         0x00000000000052ae        0x2 
 .text._ZN8Pinetime11Controllers21ImmediateAlertService19OnAlertLevelChangedEtP20ble_gatt_access_ctxt
                0x00000000000052b0       0x64 CMakeFiles/pinetime-recovery.dir/components/ble/ImmediateAlertService.cpp.o
                0x00000000000052b0                Pinetime::Controllers::ImmediateAlertService::OnAlertLevelChanged(unsigned short, ble_gatt_access_ctxt*)
 .text._ZN12_GLOBAL__N_118AlertLevelCallbackEttP20ble_gatt_access_ctxtPv
                0x0000000000005314        0x6 CMakeFiles/pinetime-recovery.dir/components/ble/ImmediateAlertService.cpp.o
 .text._ZNSt17_Function_handlerIFvtEZN8Pinetime11Controllers16ServiceDiscovery19DiscoverNextServiceEtEUltE_E10_M_managerERSt9_Any_dataRKS6_St18_Manager_operation
                0x000000000000531a       0x14 CMakeFiles/pinetime-recovery.dir/components/ble/ServiceDiscovery.cpp.o
 .text._ZN8Pinetime11Controllers16ServiceDiscoveryC2EOSt5arrayIPNS0_9BleClientELj2EE
                0x000000000000532e        0xe CMakeFiles/pinetime-recovery.dir/components/ble/ServiceDiscovery.cpp.o
                0x000000000000532e                Pinetime::Controllers::ServiceDiscovery::ServiceDiscovery(std::array<Pinetime::Controllers::BleClient*, 2u>&&)
                0x000000000000532e                Pinetime::Controllers::ServiceDiscovery::ServiceDiscovery(std::array<Pinetime::Controllers::BleClient*, 2u>&&)
 .text._ZN8Pinetime11Controllers16ServiceDiscovery19DiscoverNextServiceEt
                0x000000000000533c       0x34 CMakeFiles/pinetime-recovery.dir/components/ble/ServiceDiscovery.cpp.o
                0x000000000000533c                Pinetime::Controllers::ServiceDiscovery::DiscoverNextService(unsigned short)
 .text._ZN8Pinetime11Controllers16ServiceDiscovery14StartDiscoveryEt
                0x0000000000005370        0x8 CMakeFiles/pinetime-recovery.dir/components/ble/ServiceDiscovery.cpp.o
                0x0000000000005370                Pinetime::Controllers::ServiceDiscovery::StartDiscovery(unsigned short)
 .text._ZN8Pinetime11Controllers16ServiceDiscovery19OnServiceDiscoveredEt
                0x0000000000005378       0x14 CMakeFiles/pinetime-recovery.dir/components/ble/ServiceDiscovery.cpp.o
                0x0000000000005378                Pinetime::Controllers::ServiceDiscovery::OnServiceDiscovered(unsigned short)
 .text._ZNSt17_Function_handlerIFvtEZN8Pinetime11Controllers16ServiceDiscovery19DiscoverNextServiceEtEUltE_E9_M_invokeERKSt9_Any_dataOt
                0x000000000000538c        0x8 CMakeFiles/pinetime-recovery.dir/components/ble/ServiceDiscovery.cpp.o
 .text._ZNSt7__cxx1112basic_stringIcSt11char_traitsIcESaIcEE9_M_createERjj.isra.0
                0x0000000000005394       0x40 CMakeFiles/pinetime-recovery.dir/components/ble/NavigationService.cpp.o
 .text._ZN8Pinetime11Controllers17NavigationServiceC2Ev
                0x00000000000053d4       0xdc CMakeFiles/pinetime-recovery.dir/components/ble/NavigationService.cpp.o
                0x00000000000053d4                Pinetime::Controllers::NavigationService::NavigationService()
                0x00000000000053d4                Pinetime::Controllers::NavigationService::NavigationService()
 .text._ZN8Pinetime11Controllers17NavigationService4InitEv
                0x00000000000054b0       0x16 CMakeFiles/pinetime-recovery.dir/components/ble/NavigationService.cpp.o
                0x00000000000054b0                Pinetime::Controllers::NavigationService::Init()
 .text._ZNSt7__cxx1112basic_stringIcSt11char_traitsIcESaIcEEaSEPKc.isra.0
                0x00000000000054c6       0xb4 CMakeFiles/pinetime-recovery.dir/components/ble/NavigationService.cpp.o
 *fill*         0x000000000000557a        0x2 
 .text._ZN8Pinetime11Controllers17NavigationService9OnCommandEP20ble_gatt_access_ctxt
                0x000000000000557c       0x98 CMakeFiles/pinetime-recovery.dir/components/ble/NavigationService.cpp.o
                0x000000000000557c                Pinetime::Controllers::NavigationService::OnCommand(ble_gatt_access_ctxt*)
 .text._ZN12_GLOBAL__N_111NAVCallbackEttP20ble_gatt_access_ctxtPv
                0x0000000000005614        0x8 CMakeFiles/pinetime-recovery.dir/components/ble/NavigationService.cpp.o
 .text._ZN8Pinetime11Controllers16HeartRateServiceC2ERNS0_16NimbleControllerERNS0_19HeartRateControllerE
                0x000000000000561c       0x64 CMakeFiles/pinetime-recovery.dir/components/ble/HeartRateService.cpp.o
                0x000000000000561c                Pinetime::Controllers::HeartRateService::HeartRateService(Pinetime::Controllers::NimbleController&, Pinetime::Controllers::HeartRateController&)
                0x000000000000561c                Pinetime::Controllers::HeartRateService::HeartRateService(Pinetime::Controllers::NimbleController&, Pinetime::Controllers::HeartRateController&)
 .text._ZN8Pinetime11Controllers16HeartRateService4InitEv
                0x0000000000005680       0x16 CMakeFiles/pinetime-recovery.dir/components/ble/HeartRateService.cpp.o
                0x0000000000005680                Pinetime::Controllers::HeartRateService::Init()
 .text._ZN8Pinetime11Controllers16HeartRateService20OnHeartRateRequestedEtP20ble_gatt_access_ctxt
                0x0000000000005696       0x34 CMakeFiles/pinetime-recovery.dir/components/ble/HeartRateService.cpp.o
                0x0000000000005696                Pinetime::Controllers::HeartRateService::OnHeartRateRequested(unsigned short, ble_gatt_access_ctxt*)
 .text._ZN12_GLOBAL__N_124HeartRateServiceCallbackEttP20ble_gatt_access_ctxtPv
                0x00000000000056ca        0x6 CMakeFiles/pinetime-recovery.dir/components/ble/HeartRateService.cpp.o
 .text._ZN8Pinetime11Controllers16HeartRateService19OnNewHeartRateValueEh
                0x00000000000056d0       0x46 CMakeFiles/pinetime-recovery.dir/components/ble/HeartRateService.cpp.o
                0x00000000000056d0                Pinetime::Controllers::HeartRateService::OnNewHeartRateValue(unsigned char)
 .text._ZN8Pinetime11Controllers16HeartRateService21SubscribeNotificationEt
                0x0000000000005716       0x18 CMakeFiles/pinetime-recovery.dir/components/ble/HeartRateService.cpp.o
                0x0000000000005716                Pinetime::Controllers::HeartRateService::SubscribeNotification(unsigned short)
 .text._ZN8Pinetime11Controllers16HeartRateService23UnsubscribeNotificationEt
                0x000000000000572e       0x18 CMakeFiles/pinetime-recovery.dir/components/ble/HeartRateService.cpp.o
                0x000000000000572e                Pinetime::Controllers::HeartRateService::UnsubscribeNotification(unsigned short)
 *fill*         0x0000000000005746        0x2 
 .text._ZN8Pinetime11Controllers13MotionServiceC2ERNS0_16NimbleControllerERNS0_16MotionControllerE
                0x0000000000005748       0x74 CMakeFiles/pinetime-recovery.dir/components/ble/MotionService.cpp.o
                0x0000000000005748                Pinetime::Controllers::MotionService::MotionService(Pinetime::Controllers::NimbleController&, Pinetime::Controllers::MotionController&)
                0x0000000000005748                Pinetime::Controllers::MotionService::MotionService(Pinetime::Controllers::NimbleController&, Pinetime::Controllers::MotionController&)
 .text._ZN8Pinetime11Controllers13MotionService4InitEv
                0x00000000000057bc       0x16 CMakeFiles/pinetime-recovery.dir/components/ble/MotionService.cpp.o
                0x00000000000057bc                Pinetime::Controllers::MotionService::Init()
 .text._ZN8Pinetime11Controllers13MotionService20OnStepCountRequestedEtP20ble_gatt_access_ctxt
                0x00000000000057d2       0x6a CMakeFiles/pinetime-recovery.dir/components/ble/MotionService.cpp.o
                0x00000000000057d2                Pinetime::Controllers::MotionService::OnStepCountRequested(unsigned short, ble_gatt_access_ctxt*)
 .text._ZN12_GLOBAL__N_121MotionServiceCallbackEttP20ble_gatt_access_ctxtPv
                0x000000000000583c        0x6 CMakeFiles/pinetime-recovery.dir/components/ble/MotionService.cpp.o
 .text._ZN8Pinetime11Controllers13MotionService19OnNewStepCountValueEm
                0x0000000000005842       0x3e CMakeFiles/pinetime-recovery.dir/components/ble/MotionService.cpp.o
                0x0000000000005842                Pinetime::Controllers::MotionService::OnNewStepCountValue(unsigned long)
 .text._ZN8Pinetime11Controllers13MotionService17OnNewMotionValuesEsss
                0x0000000000005880       0x48 CMakeFiles/pinetime-recovery.dir/components/ble/MotionService.cpp.o
                0x0000000000005880                Pinetime::Controllers::MotionService::OnNewMotionValues(short, short, short)
 .text._ZN8Pinetime11Controllers13MotionService21SubscribeNotificationEt
                0x00000000000058c8       0x2c CMakeFiles/pinetime-recovery.dir/components/ble/MotionService.cpp.o
                0x00000000000058c8                Pinetime::Controllers::MotionService::SubscribeNotification(unsigned short)
 .text._ZN8Pinetime11Controllers13MotionService23UnsubscribeNotificationEt
                0x00000000000058f4       0x2c CMakeFiles/pinetime-recovery.dir/components/ble/MotionService.cpp.o
                0x00000000000058f4                Pinetime::Controllers::MotionService::UnsubscribeNotification(unsigned short)
 .text._ZNK8Pinetime11Controllers13MotionService30IsMotionNotificationSubscribedEv
                0x0000000000005920       0x14 CMakeFiles/pinetime-recovery.dir/components/ble/MotionService.cpp.o
                0x0000000000005920                Pinetime::Controllers::MotionService::IsMotionNotificationSubscribed() const
 .text._ZN8Pinetime11Controllers8SettingsC2ERNS0_2FSE
                0x0000000000005934       0x40 CMakeFiles/pinetime-recovery.dir/components/settings/Settings.cpp.o
                0x0000000000005934                Pinetime::Controllers::Settings::Settings(Pinetime::Controllers::FS&)
                0x0000000000005934                Pinetime::Controllers::Settings::Settings(Pinetime::Controllers::FS&)
 .text._ZN8Pinetime11Controllers8Settings20LoadSettingsFromFileEv
                0x0000000000005974       0x64 CMakeFiles/pinetime-recovery.dir/components/settings/Settings.cpp.o
                0x0000000000005974                Pinetime::Controllers::Settings::LoadSettingsFromFile()
 .text._ZN8Pinetime11Controllers8Settings4InitEv
                0x00000000000059d8        0x4 CMakeFiles/pinetime-recovery.dir/components/settings/Settings.cpp.o
                0x00000000000059d8                Pinetime::Controllers::Settings::Init()
 .text._ZN8Pinetime11Controllers15AlarmControllerC2ERNS0_8DateTimeE
                0x00000000000059dc       0x1a CMakeFiles/pinetime-recovery.dir/components/alarm/AlarmController.cpp.o
                0x00000000000059dc                Pinetime::Controllers::AlarmController::AlarmController(Pinetime::Controllers::DateTime&)
                0x00000000000059dc                Pinetime::Controllers::AlarmController::AlarmController(Pinetime::Controllers::DateTime&)
 *fill*         0x00000000000059f6        0x2 
 .text._ZN8Pinetime11Controllers15AlarmController4InitEPNS_6System10SystemTaskE
                0x00000000000059f8       0x24 CMakeFiles/pinetime-recovery.dir/components/alarm/AlarmController.cpp.o
                0x00000000000059f8                Pinetime::Controllers::AlarmController::Init(Pinetime::System::SystemTask*)
 *fill*         0x0000000000005a1c        0x4 
 .text._ZN8Pinetime11Controllers15AlarmController13ScheduleAlarmEv
                0x0000000000005a20       0xec CMakeFiles/pinetime-recovery.dir/components/alarm/AlarmController.cpp.o
                0x0000000000005a20                Pinetime::Controllers::AlarmController::ScheduleAlarm()
 .text._ZN8Pinetime11Controllers15AlarmController14SetOffAlarmNowEv
                0x0000000000005b0c        0xc CMakeFiles/pinetime-recovery.dir/components/alarm/AlarmController.cpp.o
                0x0000000000005b0c                Pinetime::Controllers::AlarmController::SetOffAlarmNow()
 .text._ZN12_GLOBAL__N_111SetOffAlarmEPv
                0x0000000000005b18        0xe CMakeFiles/pinetime-recovery.dir/components/alarm/AlarmController.cpp.o
 .text._ZN8Pinetime7Drivers7Cst816SC2ERNS0_9TwiMasterEh
                0x0000000000005b26        0x6 CMakeFiles/pinetime-recovery.dir/drivers/Cst816s.cpp.o
                0x0000000000005b26                Pinetime::Drivers::Cst816S::Cst816S(Pinetime::Drivers::TwiMaster&, unsigned char)
                0x0000000000005b26                Pinetime::Drivers::Cst816S::Cst816S(Pinetime::Drivers::TwiMaster&, unsigned char)
 .text._ZN8Pinetime7Drivers7Cst816S12GetTouchInfoEv
                0x0000000000005b2c       0x72 CMakeFiles/pinetime-recovery.dir/drivers/Cst816s.cpp.o
                0x0000000000005b2c                Pinetime::Drivers::Cst816S::GetTouchInfo()
 *fill*         0x0000000000005b9e        0x2 
 .text._ZN8Pinetime7Drivers7Cst816S5SleepEv
                0x0000000000005ba0       0x38 CMakeFiles/pinetime-recovery.dir/drivers/Cst816s.cpp.o
                0x0000000000005ba0                Pinetime::Drivers::Cst816S::Sleep()
 .text._ZN8Pinetime7Drivers7Cst816S14CheckDeviceIdsEv
                0x0000000000005bd8       0x6c CMakeFiles/pinetime-recovery.dir/drivers/Cst816s.cpp.o
                0x0000000000005bd8                Pinetime::Drivers::Cst816S::CheckDeviceIds()
 .text._ZN8Pinetime7Drivers7Cst816S4InitEv
                0x0000000000005c44       0x84 CMakeFiles/pinetime-recovery.dir/drivers/Cst816s.cpp.o
                0x0000000000005c44                Pinetime::Drivers::Cst816S::Init()
 .text._ZN8Pinetime7Drivers7Cst816S6WakeupEv
                0x0000000000005cc8        0x4 CMakeFiles/pinetime-recovery.dir/drivers/Cst816s.cpp.o
                0x0000000000005cc8                Pinetime::Drivers::Cst816S::Wakeup()
 .text.vPortStartFirstTask
                0x0000000000005ccc       0x1c CMakeFiles/pinetime-recovery.dir/FreeRTOS/port.c.o
                0x0000000000005ccc                vPortStartFirstTask
 .text.SVC_Handler
                0x0000000000005ce8       0x20 CMakeFiles/pinetime-recovery.dir/FreeRTOS/port.c.o