/home/shiva/shiv_infinitime/src/libs/mynewt-nimble/nimble/controller/src/ble_ll_resolv.c:169:1:ble_ll_resolv_irk_nonzero	0	static
/home/shiva/shiv_infinitime/src/libs/mynewt-nimble/nimble/controller/src/ble_ll_resolv.c:240:1:ble_ll_is_on_resolv_list	24	static
/home/shiva/shiv_infinitime/src/libs/mynewt-nimble/nimble/controller/src/ble_ll_resolv.c:92:1:ble_ll_resolv_gen_priv_addr	64	static
/home/shiva/shiv_infinitime/src/libs/mynewt-nimble/porting/npl/freertos/include/nimble/nimble_npl_os.h:284:1:ble_npl_hw_enter_critical	0	static
/home/shiva/shiv_infinitime/src/libs/mynewt-nimble/porting/npl/freertos/include/nimble/nimble_npl_os.h:292:1:ble_npl_hw_exit_critical	0	static
/home/shiva/shiv_infinitime/src/libs/mynewt-nimble/nimble/controller/src/ble_ll_resolv.c:51:1:ble_ll_is_controller_busy	8	static
/home/shiva/shiv_infinitime/src/libs/mynewt-nimble/nimble/controller/src/ble_ll_resolv.c:71:1:ble_ll_resolv_list_chg_allowed	8	static
/home/shiva/shiv_infinitime/src/libs/mynewt-nimble/porting/npl/freertos/include/nimble/nimble_npl_os.h:209:1:ble_npl_callout_stop.constprop	16	static
/home/shiva/shiv_infinitime/src/libs/mynewt-nimble/nimble/controller/src/ble_ll_resolv.c:133:1:ble_ll_resolv_rpa_timer_cb	24	static
/home/shiva/shiv_infinitime/src/libs/mynewt-nimble/nimble/controller/include/controller/ble_ll_resolv.h:52:5:ble_ll_resolv_list_clr	8	static
/home/shiva/shiv_infinitime/src/libs/mynewt-nimble/nimble/controller/include/controller/ble_ll_resolv.h:55:5:ble_ll_resolv_list_read_size	0	static
/home/shiva/shiv_infinitime/src/libs/mynewt-nimble/nimble/controller/include/controller/ble_ll_resolv.h:73:1:ble_ll_resolv_list_find	24	static
/home/shiva/shiv_infinitime/src/libs/mynewt-nimble/nimble/controller/include/controller/ble_ll_resolv.h:58:5:ble_ll_resolv_list_add	32	static
/home/shiva/shiv_infinitime/src/libs/mynewt-nimble/nimble/controller/include/controller/ble_ll_resolv.h:61:5:ble_ll_resolv_list_rmv	24	static
/home/shiva/shiv_infinitime/src/libs/mynewt-nimble/nimble/controller/include/controller/ble_ll_resolv.h:64:5:ble_ll_resolv_enable_cmd	8	static
/home/shiva/shiv_infinitime/src/libs/mynewt-nimble/nimble/controller/include/controller/ble_ll_resolv.h:66:5:ble_ll_resolv_peer_addr_rd	16	static
/home/shiva/shiv_infinitime/src/libs/mynewt-nimble/nimble/controller/include/controller/ble_ll_resolv.h:68:5:ble_ll_resolv_local_addr_rd	16	static
/home/shiva/shiv_infinitime/src/libs/mynewt-nimble/nimble/controller/include/controller/ble_ll_resolv.h:95:5:ble_ll_resolv_set_rpa_tmo	8	static
/home/shiva/shiv_infinitime/src/libs/mynewt-nimble/nimble/controller/include/controller/ble_ll_resolv.h:98:5:ble_ll_resolve_set_priv_mode	16	static
/home/shiva/shiv_infinitime/src/libs/mynewt-nimble/nimble/controller/include/controller/ble_ll_resolv.h:101:10:ble_ll_resolv_get_rpa_tmo	0	static
/home/shiva/shiv_infinitime/src/libs/mynewt-nimble/nimble/controller/include/controller/ble_ll_resolv.h:84:6:ble_ll_resolv_get_priv_addr	24	static
/home/shiva/shiv_infinitime/src/libs/mynewt-nimble/nimble/controller/include/controller/ble_ll_resolv.h:87:6:ble_ll_resolv_set_peer_rpa	24	static
/home/shiva/shiv_infinitime/src/libs/mynewt-nimble/nimble/controller/include/controller/ble_ll_resolv.h:88:6:ble_ll_resolv_set_local_rpa	24	static
/home/shiva/shiv_infinitime/src/libs/mynewt-nimble/nimble/controller/include/controller/ble_ll_resolv.h:91:5:ble_ll_resolv_gen_rpa	16	static
/home/shiva/shiv_infinitime/src/libs/mynewt-nimble/nimble/controller/include/controller/ble_ll_resolv.h:104:5:ble_ll_resolv_rpa	64	static
/home/shiva/shiv_infinitime/src/libs/mynewt-nimble/nimble/controller/include/controller/ble_ll_resolv.h:107:5:ble_ll_resolv_peer_rpa_any	24	static
/home/shiva/shiv_infinitime/src/libs/mynewt-nimble/nimble/controller/include/controller/ble_ll_resolv.h:76:9:ble_ll_resolv_enabled	0	static
/home/shiva/shiv_infinitime/src/libs/mynewt-nimble/nimble/controller/include/controller/ble_ll_resolv.h:110:6:ble_ll_resolv_init	8	static
/home/shiva/shiv_infinitime/src/libs/mynewt-nimble/nimble/controller/include/controller/ble_ll_resolv.h:79:6:ble_ll_resolv_list_reset	8	static
