/home/shiva/shiv_infinitime/src/libs/mynewt-nimble/nimble/controller/src/ble_ll.c:1320:1:ble_ll_flush_pkt_queue	8	static
/home/shiva/shiv_infinitime/src/libs/mynewt-nimble/porting/npl/freertos/include/nimble/nimble_npl_os.h:284:1:ble_npl_hw_enter_critical	0	static
/home/shiva/shiv_infinitime/src/libs/mynewt-nimble/porting/npl/freertos/include/nimble/nimble_npl_os.h:292:1:ble_npl_hw_exit_critical	0	static
/home/shiva/shiv_infinitime/src/libs/mynewt-nimble/nimble/controller/src/ble_ll.c:1177:1:ble_ll_event_comp_pkts	0	static
/home/shiva/shiv_infinitime/src/libs/mynewt-nimble/nimble/controller/src/ble_ll.c:1171:1:ble_ll_event_dbuf_overflow	0	static
/home/shiva/shiv_infinitime/src/libs/mynewt-nimble/nimble/controller/src/ble_ll.c:1165:1:ble_ll_event_tx_pkt	32	static
/home/shiva/shiv_infinitime/src/libs/mynewt-nimble/nimble/controller/src/ble_ll.c:1159:1:ble_ll_event_rx_pkt	24	static
/home/shiva/shiv_infinitime/src/libs/mynewt-nimble/nimble/controller/src/ble_ll.c:924:1:ble_ll_hw_err_timer_cb	8	static
/home/shiva/shiv_infinitime/src/libs/mynewt-nimble/nimble/controller/include/controller/ble_ll.h:507:17:ble_ll_rxpdu_alloc	24	static
/home/shiva/shiv_infinitime/src/libs/mynewt-nimble/nimble/controller/include/controller/ble_ll.h:568:5:ble_ll_chk_txrx_octets	0	static
/home/shiva/shiv_infinitime/src/libs/mynewt-nimble/nimble/controller/include/controller/ble_ll.h:569:5:ble_ll_chk_txrx_time	0	static
/home/shiva/shiv_infinitime/src/libs/mynewt-nimble/nimble/controller/include/controller/ble_ll.h:475:5:ble_ll_is_rpa	0	static
/home/shiva/shiv_infinitime/src/libs/mynewt-nimble/nimble/controller/include/controller/ble_ll.h:480:5:ble_ll_addr_is_id	0	static
/home/shiva/shiv_infinitime/src/libs/mynewt-nimble/nimble/controller/include/controller/ble_ll.h:477:5:ble_ll_addr_subtype	0	static
/home/shiva/shiv_infinitime/src/libs/mynewt-nimble/nimble/controller/include/controller/ble_ll.h:454:5:ble_ll_is_valid_public_addr	0	static
/home/shiva/shiv_infinitime/src/libs/mynewt-nimble/nimble/controller/include/controller/ble_ll.h:457:5:ble_ll_is_valid_random_addr	8	static
/home/shiva/shiv_infinitime/src/libs/mynewt-nimble/nimble/controller/include/controller/ble_ll.h:463:5:ble_ll_is_valid_own_addr_type	0	static
/home/shiva/shiv_infinitime/src/libs/mynewt-nimble/nimble/controller/include/controller/ble_ll.h:550:5:ble_ll_set_public_addr	8	static
/home/shiva/shiv_infinitime/src/libs/mynewt-nimble/nimble/controller/include/controller/ble_ll.h:553:5:ble_ll_set_random_addr	16	static
/home/shiva/shiv_infinitime/src/libs/mynewt-nimble/nimble/controller/include/controller/ble_ll.h:483:5:ble_ll_is_our_devaddr	16	static
/home/shiva/shiv_infinitime/src/libs/mynewt-nimble/nimble/controller/include/controller/ble_ll.h:486:10:ble_ll_get_our_devaddr	0	static
/home/shiva/shiv_infinitime/src/libs/mynewt-nimble/nimble/controller/include/controller/ble_ll.h:556:6:ble_ll_wfr_timer_exp	16	static
/home/shiva/shiv_infinitime/src/libs/mynewt-nimble/nimble/controller/include/controller/ble_ll.h:541:6:ble_ll_rx_pdu_in	0	static
/home/shiva/shiv_infinitime/src/libs/mynewt-nimble/nimble/controller/include/controller/ble_ll.h:493:6:ble_ll_acl_data_in	16	static
/home/shiva/shiv_infinitime/src/libs/mynewt-nimble/nimble/controller/include/controller/ble_ll.h:510:6:ble_ll_data_buffer_overflow	0	static
/home/shiva/shiv_infinitime/src/libs/mynewt-nimble/nimble/controller/include/controller/ble_ll.h:513:6:ble_ll_hw_error	0	static
/home/shiva/shiv_infinitime/src/libs/mynewt-nimble/nimble/controller/include/controller/ble_ll.h:519:5:ble_ll_rx_start	8	static
/home/shiva/shiv_infinitime/src/libs/mynewt-nimble/nimble/controller/include/controller/ble_ll.h:522:5:ble_ll_rx_end	24	static
/home/shiva/shiv_infinitime/src/libs/mynewt-nimble/nimble/controller/include/controller/ble_ll.h:525:9:ble_ll_tx_mbuf_pducb	16	static
/home/shiva/shiv_infinitime/src/libs/mynewt-nimble/nimble/controller/include/controller/ble_ll.h:526:9:ble_ll_tx_flat_mbuf_pducb	16	static
/home/shiva/shiv_infinitime/src/libs/mynewt-nimble/nimble/controller/src/ble_ll.c:1190:1:ble_ll_task	8	static
/home/shiva/shiv_infinitime/src/libs/mynewt-nimble/nimble/controller/include/controller/ble_ll.h:532:6:ble_ll_state_set	0	static
/home/shiva/shiv_infinitime/src/libs/mynewt-nimble/nimble/controller/include/controller/ble_ll.h:535:9:ble_ll_state_get	0	static
/home/shiva/shiv_infinitime/src/libs/mynewt-nimble/nimble/controller/include/controller/ble_ll.h:538:6:ble_ll_event_send	0	static
/home/shiva/shiv_infinitime/src/libs/mynewt-nimble/nimble/controller/include/controller/ble_ll.h:565:10:ble_ll_read_supp_states	0	static
/home/shiva/shiv_infinitime/src/libs/mynewt-nimble/nimble/controller/include/controller/ble_ll.h:559:10:ble_ll_read_supp_features	0	static
/home/shiva/shiv_infinitime/src/libs/mynewt-nimble/nimble/controller/include/controller/ble_ll.h:562:5:ble_ll_set_host_feat	16	static
/home/shiva/shiv_infinitime/src/libs/mynewt-nimble/nimble/controller/include/controller/ble_ll.h:529:6:ble_ll_mbuf_init	0	static
/home/shiva/shiv_infinitime/src/libs/mynewt-nimble/nimble/controller/include/controller/ble_ll.h:452:5:ble_ll_reset	24	static
/home/shiva/shiv_infinitime/src/libs/mynewt-nimble/nimble/controller/include/controller/ble_ll.h:468:10:ble_ll_pdu_tx_time_get	0	static
/home/shiva/shiv_infinitime/src/libs/mynewt-nimble/nimble/controller/include/controller/ble_ll.h:472:10:ble_ll_pdu_max_tx_octets_get	0	static
/home/shiva/shiv_infinitime/src/libs/mynewt-nimble/nimble/controller/include/controller/ble_ll.h:449:6:ble_ll_init	32	static
