/home/shiva/shiv_infinitime/src/libs/mynewt-nimble/nimble/controller/src/ble_ll_conn_hci.c:97:1:ble_ll_conn_hci_chk_conn_params	8	static
/home/shiva/shiv_infinitime/src/libs/mynewt-nimble/nimble/controller/src/ble_ll_conn_hci.c:133:1:ble_ll_conn_comp_event_send	24	static
/home/shiva/shiv_infinitime/src/libs/mynewt-nimble/nimble/controller/src/ble_ll_conn_hci.c:1071:1:ble_ll_conn_hci_cancel_conn_complete_event	8	static
/home/shiva/shiv_infinitime/src/libs/mynewt-nimble/nimble/controller/src/ble_ll_conn_hci.c:246:1:ble_ll_conn_num_comp_pkts_event_send	24	static
/home/shiva/shiv_infinitime/src/libs/mynewt-nimble/nimble/controller/src/ble_ll_conn_hci.c:358:1:ble_ll_auth_pyld_tmo_event_send	8	static
/home/shiva/shiv_infinitime/src/libs/mynewt-nimble/nimble/controller/src/ble_ll_conn_hci.c:387:1:ble_ll_disconn_comp_event_send	16	static
/home/shiva/shiv_infinitime/src/libs/mynewt-nimble/nimble/controller/src/ble_ll_conn_hci.c:434:1:ble_ll_conn_create	48	static
/home/shiva/shiv_infinitime/src/libs/mynewt-nimble/nimble/controller/src/ble_ll_conn_hci.c:804:1:ble_ll_conn_hci_read_rem_features	16	static
/home/shiva/shiv_infinitime/src/libs/mynewt-nimble/nimble/controller/src/ble_ll_conn_hci.c:851:1:ble_ll_conn_hci_update	24	static
/home/shiva/shiv_infinitime/src/libs/mynewt-nimble/nimble/controller/src/ble_ll_conn_hci.c:948:1:ble_ll_conn_hci_param_rr	32	static
/home/shiva/shiv_infinitime/src/libs/mynewt-nimble/nimble/controller/src/ble_ll_conn_hci.c:1017:1:ble_ll_conn_hci_param_nrr	32	static
/home/shiva/shiv_infinitime/src/libs/mynewt-nimble/nimble/controller/src/ble_ll_conn_hci.c:1089:1:ble_ll_conn_create_cancel	24	static
/home/shiva/shiv_infinitime/src/libs/mynewt-nimble/nimble/controller/src/ble_ll_conn_hci.c:1131:1:ble_ll_conn_hci_disconnect_cmd	16	static
/home/shiva/shiv_infinitime/src/libs/mynewt-nimble/nimble/controller/src/ble_ll_conn_hci.c:1190:1:ble_ll_conn_hci_rd_rem_ver_cmd	8	static
/home/shiva/shiv_infinitime/src/libs/mynewt-nimble/nimble/controller/src/ble_ll_conn_hci.c:1236:1:ble_ll_conn_hci_rd_rssi	24	static
/home/shiva/shiv_infinitime/src/libs/mynewt-nimble/nimble/controller/src/ble_ll_conn_hci.c:1273:1:ble_ll_conn_hci_rd_chan_map	24	static
/home/shiva/shiv_infinitime/src/libs/mynewt-nimble/nimble/controller/src/ble_ll_conn_hci.c:1314:1:ble_ll_conn_hci_set_chan_class	16	static
/home/shiva/shiv_infinitime/src/libs/mynewt-nimble/nimble/controller/src/ble_ll_conn_hci.c:1412:1:ble_ll_conn_hci_le_start_encrypt	16	static
/home/shiva/shiv_infinitime/src/libs/mynewt-nimble/nimble/controller/src/ble_ll_conn_hci.c:1458:1:ble_ll_conn_hci_le_ltk_reply	24	static
/home/shiva/shiv_infinitime/src/libs/mynewt-nimble/nimble/controller/src/ble_ll_conn_hci.c:1515:1:ble_ll_conn_hci_le_ltk_neg_reply	24	static
/home/shiva/shiv_infinitime/src/libs/mynewt-nimble/nimble/controller/src/ble_ll_conn_hci.c:1601:1:ble_ll_conn_hci_rd_auth_pyld_tmo	24	static
/home/shiva/shiv_infinitime/src/libs/mynewt-nimble/nimble/controller/src/ble_ll_conn_hci.c:1640:1:ble_ll_conn_hci_wr_auth_pyld_tmo	24	static
