/home/shiva/shiv_infinitime/src/displayapp/screens/Screen.h:29:22:virtual bool Pinetime::Applications::Screens::Screen::OnButtonPushed()	0	static
/home/shiva/shiv_infinitime/src/displayapp/screens/Screen.h:35:22:virtual bool Pinetime::Applications::Screens::Screen::OnTouchEvent(Pinetime::Applications::TouchEvents)	0	static
/home/shiva/shiv_infinitime/src/displayapp/screens/Screen.h:39:22:virtual bool Pinetime::Applications::Screens::Screen::OnTouchEvent(uint16_t, uint16_t)	0	static
/home/shiva/shiv_infinitime/src/libs/lvgl/src/lv_core/lv_disp.h:158:26:lv_obj_t* lv_scr_act()	8	static
/home/shiva/shiv_infinitime/src/displayapp/screens/settings/SettingShakeThreshold.cpp:86:6:virtual void Pinetime::Applications::Screens::SettingShakeThreshold::Refresh()	16	static
/opt/gcc-arm-none-eabi-10.3-2021.10/arm-none-eabi/include/c++/10.3.1/bitset:1089:7:std::bitset<_Nb>& std::bitset<_Nb>::set(std::size_t, bool) [with unsigned int _Nb = 5]	8	static
/home/shiva/shiv_infinitime/src/components/settings/Settings.h:252:12:bool Pinetime::Controllers::Settings::isWakeUpModeOn(Pinetime::Controllers::Settings::WakeUpMode) const	0	static
/home/shiva/shiv_infinitime/src/displayapp/screens/settings/SettingShakeThreshold.cpp:74:1:Pinetime::Applications::Screens::SettingShakeThreshold::~SettingShakeThreshold()	16	static
/home/shiva/shiv_infinitime/src/displayapp/screens/settings/SettingShakeThreshold.cpp:74:1:virtual Pinetime::Applications::Screens::SettingShakeThreshold::~SettingShakeThreshold()	8	static
/home/shiva/shiv_infinitime/src/displayapp/screens/settings/SettingShakeThreshold.cpp:17:1:Pinetime::Applications::Screens::SettingShakeThreshold::SettingShakeThreshold(Pinetime::Controllers::Settings&, Pinetime::Controllers::MotionController&, Pinetime::System::SystemTask&)	40	static
/home/shiva/shiv_infinitime/src/displayapp/screens/settings/SettingShakeThreshold.cpp:115:6:void Pinetime::Applications::Screens::SettingShakeThreshold::UpdateSelected(lv_obj_t*, lv_event_t)	16	static
/home/shiva/shiv_infinitime/src/displayapp/screens/settings/SettingShakeThreshold.cpp:11:8:void {anonymous}::event_handler(lv_obj_t*, lv_event_t)	0	static
