/home/shiva/shiv_infinitime/src/displayapp/screens/Screen.h:14:22:virtual void Pinetime::Applications::Screens::Screen::Refresh()	0	static
/home/shiva/shiv_infinitime/src/displayapp/screens/Screen.h:29:22:virtual bool Pinetime::Applications::Screens::Screen::OnButtonPushed()	0	static
/home/shiva/shiv_infinitime/src/displayapp/screens/Screen.h:35:22:virtual bool Pinetime::Applications::Screens::Screen::OnTouchEvent(Pinetime::Applications::TouchEvents)	0	static
/home/shiva/shiv_infinitime/src/displayapp/screens/Screen.h:39:22:virtual bool Pinetime::Applications::Screens::Screen::OnTouchEvent(uint16_t, uint16_t)	0	static
/home/shiva/shiv_infinitime/src/libs/lvgl/src/lv_core/lv_disp.h:158:26:lv_obj_t* lv_scr_act()	8	static
/home/shiva/shiv_infinitime/src/displayapp/screens/settings/SettingSetTime.cpp:79:1:Pinetime::Applications::Screens::SettingSetTime::~SettingSetTime()	8	static
/home/shiva/shiv_infinitime/src/displayapp/screens/settings/SettingSetTime.cpp:79:1:virtual Pinetime::Applications::Screens::SettingSetTime::~SettingSetTime()	8	static
/home/shiva/shiv_infinitime/src/displayapp/screens/settings/SettingSetTime.cpp:83:6:void Pinetime::Applications::Screens::SettingSetTime::UpdateScreen()	0	static
/home/shiva/shiv_infinitime/src/displayapp/screens/settings/SettingSetTime.cpp:27:1:Pinetime::Applications::Screens::SettingSetTime::SettingSetTime(Pinetime::Controllers::DateTime&, Pinetime::Controllers::Settings&, Pinetime::Applications::Screens::SettingSetDateTime&)	48	static
/home/shiva/shiv_infinitime/src/displayapp/screens/settings/SettingSetTime.cpp:21:8:void {anonymous}::ValueChangedHandler(void*)	0	static
/home/shiva/shiv_infinitime/src/displayapp/screens/settings/SettingSetTime.cpp:93:6:void Pinetime::Applications::Screens::SettingSetTime::SetTime()	32	static
/home/shiva/shiv_infinitime/src/displayapp/screens/settings/SettingSetTime.cpp:14:8:void {anonymous}::SetTimeEventHandler(lv_obj_t*, lv_event_t)	0	static
