/home/shiva/nRF5_SDK/nRF5_SDK_15.3.0_59ac345/external/freertos/source/include/event_groups.h:743:6:vEventGroupClearBitsCallback	16	static
/home/shiva/nRF5_SDK/nRF5_SDK_15.3.0_59ac345/external/freertos/source/include/event_groups.h:742:6:vEventGroupSetBitsCallback	24	static
/home/shiva/nRF5_SDK/nRF5_SDK_15.3.0_59ac345/external/freertos/source/include/event_groups.h:147:21:xEventGroupCreate	8	static
/home/shiva/nRF5_SDK/nRF5_SDK_15.3.0_59ac345/external/freertos/source/include/event_groups.h:689:13:xEventGroupSync	40	static
/home/shiva/nRF5_SDK/nRF5_SDK_15.3.0_59ac345/external/freertos/source/include/event_groups.h:295:13:xEventGroupWaitBits	24	static
/home/shiva/nRF5_SDK/nRF5_SDK_15.3.0_59ac345/external/freertos/source/include/event_groups.h:352:13:xEventGroupClearBits	16	static
/home/shiva/nRF5_SDK/nRF5_SDK_15.3.0_59ac345/external/freertos/source/include/event_groups.h:408:13:xEventGroupClearBitsFromISR	0	static
/home/shiva/nRF5_SDK/nRF5_SDK_15.3.0_59ac345/external/freertos/source/include/event_groups.h:725:13:xEventGroupGetBitsFromISR	8	static
/home/shiva/nRF5_SDK/nRF5_SDK_15.3.0_59ac345/external/freertos/source/include/event_groups.h:485:13:xEventGroupSetBits	24	static
/home/shiva/nRF5_SDK/nRF5_SDK_15.3.0_59ac345/external/freertos/source/include/event_groups.h:739:6:vEventGroupDelete	8	static
/home/shiva/nRF5_SDK/nRF5_SDK_15.3.0_59ac345/external/freertos/source/include/event_groups.h:560:13:xEventGroupSetBitsFromISR	0	static
/home/shiva/nRF5_SDK/nRF5_SDK_15.3.0_59ac345/external/freertos/source/include/event_groups.h:747:14:uxEventGroupGetNumber	0	static
/home/shiva/nRF5_SDK/nRF5_SDK_15.3.0_59ac345/external/freertos/source/include/event_groups.h:748:7:vEventGroupSetNumber	0	static
