/home/shiva/shiv_infinitime/src/libs/mynewt-nimble/ext/tinycrypt/src/ecc.c:208:20:uECC_vli_add	20	static
/home/shiva/shiv_infinitime/src/libs/mynewt-nimble/ext/tinycrypt/src/ecc.c:232:13:uECC_vli_rshift1	0	static
/home/shiva/shiv_infinitime/src/libs/mynewt-nimble/ext/tinycrypt/src/ecc.c:392:13:vli_modInv_update	16	static
/home/shiva/shiv_infinitime/src/libs/mynewt-nimble/ext/tinycrypt/src/ecc.c:259:13:uECC_vli_mult	48	static
/home/shiva/shiv_infinitime/src/libs/mynewt-nimble/ext/tinycrypt/include/tinycrypt/ecc.h:237:6:uECC_set_rng	0	static
/home/shiva/shiv_infinitime/src/libs/mynewt-nimble/ext/tinycrypt/include/tinycrypt/ecc.h:243:19:uECC_get_rng	0	static
/home/shiva/shiv_infinitime/src/libs/mynewt-nimble/ext/tinycrypt/include/tinycrypt/ecc.h:250:5:uECC_curve_private_key_size	0	static
/home/shiva/shiv_infinitime/src/libs/mynewt-nimble/ext/tinycrypt/include/tinycrypt/ecc.h:257:5:uECC_curve_public_key_size	0	static
/home/shiva/shiv_infinitime/src/libs/mynewt-nimble/ext/tinycrypt/include/tinycrypt/ecc.h:494:6:uECC_vli_clear	8	static
/home/shiva/shiv_infinitime/src/libs/mynewt-nimble/ext/tinycrypt/include/tinycrypt/ecc.h:312:13:uECC_vli_isZero	8	static
/home/shiva/shiv_infinitime/src/libs/mynewt-nimble/ext/tinycrypt/include/tinycrypt/ecc.h:389:13:uECC_vli_testBit	0	static
/home/shiva/shiv_infinitime/src/libs/mynewt-nimble/ext/tinycrypt/include/tinycrypt/ecc.h:486:12:uECC_vli_numBits	8	static
/home/shiva/shiv_infinitime/src/libs/mynewt-nimble/ext/tinycrypt/include/tinycrypt/ecc.h:463:6:uECC_vli_set	8	static
/home/shiva/shiv_infinitime/src/libs/mynewt-nimble/ext/tinycrypt/include/tinycrypt/ecc.h:340:13:uECC_vli_cmp_unsafe	8	static
/home/shiva/shiv_infinitime/src/libs/mynewt-nimble/ext/tinycrypt/include/tinycrypt/ecc.h:430:13:uECC_vli_equal	12	static
/home/shiva/shiv_infinitime/src/libs/mynewt-nimble/ext/tinycrypt/src/ecc.c:184:13:cond_set	0	static
/home/shiva/shiv_infinitime/src/libs/mynewt-nimble/ext/tinycrypt/include/tinycrypt/ecc.h:420:13:uECC_vli_sub	20	static
/home/shiva/shiv_infinitime/src/libs/mynewt-nimble/ext/tinycrypt/include/tinycrypt/ecc.h:151:6:vli_mmod_fast_secp256r1	56	static
/home/shiva/shiv_infinitime/src/libs/mynewt-nimble/ext/tinycrypt/include/tinycrypt/ecc.h:329:13:uECC_vli_cmp	48	static
/home/shiva/shiv_infinitime/src/libs/mynewt-nimble/ext/tinycrypt/include/tinycrypt/ecc.h:476:6:uECC_vli_modAdd	24	static
/home/shiva/shiv_infinitime/src/libs/mynewt-nimble/ext/tinycrypt/include/tinycrypt/ecc.h:353:6:uECC_vli_modSub	24	static
/home/shiva/shiv_infinitime/src/libs/mynewt-nimble/ext/tinycrypt/include/tinycrypt/ecc.h:398:6:uECC_vli_mmod	184	static
/home/shiva/shiv_infinitime/src/libs/mynewt-nimble/ext/tinycrypt/include/tinycrypt/ecc.h:441:6:uECC_vli_modMult	80	static
/home/shiva/shiv_infinitime/src/libs/mynewt-nimble/ext/tinycrypt/include/tinycrypt/ecc.h:408:6:uECC_vli_modMult_fast	80	static
/home/shiva/shiv_infinitime/src/libs/mynewt-nimble/ext/tinycrypt/src/ecc.c:382:13:uECC_vli_modSquare_fast	0	static
/home/shiva/shiv_infinitime/src/libs/mynewt-nimble/ext/tinycrypt/include/tinycrypt/ecc.h:133:6:double_jacobian_default	104	static
/home/shiva/shiv_infinitime/src/libs/mynewt-nimble/ext/tinycrypt/include/tinycrypt/ecc.h:142:6:x_side_default	64	static
/home/shiva/shiv_infinitime/src/libs/mynewt-nimble/ext/tinycrypt/src/ecc.c:691:13:XYcZ_addC	136	static
/home/shiva/shiv_infinitime/src/libs/mynewt-nimble/ext/tinycrypt/include/tinycrypt/ecc.h:454:6:uECC_vli_modInv	152	static
/home/shiva/shiv_infinitime/src/libs/mynewt-nimble/ext/tinycrypt/include/tinycrypt/ecc.h:195:12:uECC_secp256r1	0	static
/home/shiva/shiv_infinitime/src/libs/mynewt-nimble/ext/tinycrypt/include/tinycrypt/ecc.h:320:13:EccPoint_isZero	0	static
/home/shiva/shiv_infinitime/src/libs/mynewt-nimble/ext/tinycrypt/include/tinycrypt/ecc.h:377:6:apply_z	56	static
/home/shiva/shiv_infinitime/src/libs/mynewt-nimble/ext/tinycrypt/include/tinycrypt/ecc.h:367:6:XYcZ_add	72	static
/home/shiva/shiv_infinitime/src/libs/mynewt-nimble/ext/tinycrypt/include/tinycrypt/ecc.h:302:6:EccPoint_mult	232	static
/home/shiva/shiv_infinitime/src/libs/mynewt-nimble/ext/tinycrypt/include/tinycrypt/ecc.h:288:13:regularize_k	32	static
/home/shiva/shiv_infinitime/src/libs/mynewt-nimble/ext/tinycrypt/include/tinycrypt/ecc.h:276:13:EccPoint_compute_public_key	96	static
/home/shiva/shiv_infinitime/src/libs/mynewt-nimble/ext/tinycrypt/include/tinycrypt/ecc.h:529:6:uECC_vli_nativeToBytes	20	static
/home/shiva/shiv_infinitime/src/libs/mynewt-nimble/ext/tinycrypt/include/tinycrypt/ecc.h:538:6:uECC_vli_bytesToNative	24	static
/home/shiva/shiv_infinitime/src/libs/mynewt-nimble/ext/tinycrypt/include/tinycrypt/ecc.h:205:5:uECC_generate_random_int	40	static
/home/shiva/shiv_infinitime/src/libs/mynewt-nimble/ext/tinycrypt/include/tinycrypt/ecc.h:505:5:uECC_valid_point	88	static
/home/shiva/shiv_infinitime/src/libs/mynewt-nimble/ext/tinycrypt/include/tinycrypt/ecc.h:521:5:uECC_valid_public_key	80	static
/home/shiva/shiv_infinitime/src/libs/mynewt-nimble/ext/tinycrypt/include/tinycrypt/ecc.h:266:5:uECC_compute_public_key	112	static
