/home/shiva/shiv_infinitime/src/components/alarm/AlarmController.cpp:26:1:Pinetime::Controllers::AlarmController::AlarmController(Pinetime::Controllers::DateTime&)	12	static
/home/shiva/shiv_infinitime/src/components/alarm/AlarmController.cpp:36:6:void Pinetime::Controllers::AlarmController::Init(Pinetime::System::SystemTask*)	16	static
/home/shiva/shiv_infinitime/src/components/alarm/AlarmController.cpp:51:6:void Pinetime::Controllers::AlarmController::ScheduleAlarm()	40	static
/home/shiva/shiv_infinitime/src/components/alarm/AlarmController.cpp:41:6:void Pinetime::Controllers::AlarmController::SetAlarmTime(uint8_t, uint8_t)	0	static
/home/shiva/shiv_infinitime/src/components/alarm/AlarmController.cpp:92:10:uint32_t Pinetime::Controllers::AlarmController::SecondsToAlarm() const	8	static
/home/shiva/shiv_infinitime/src/components/alarm/AlarmController.cpp:96:6:void Pinetime::Controllers::AlarmController::DisableAlarm()	24	static
/home/shiva/shiv_infinitime/src/components/alarm/AlarmController.cpp:101:6:void Pinetime::Controllers::AlarmController::SetOffAlarmNow()	0	static
/home/shiva/shiv_infinitime/src/components/alarm/AlarmController.cpp:30:8:void {anonymous}::SetOffAlarm(TimerHandle_t)	8	static
/home/shiva/shiv_infinitime/src/components/alarm/AlarmController.cpp:106:6:void Pinetime::Controllers::AlarmController::StopAlerting()	0	static
