/home/shiva/shiv_infinitime/src/libs/lvgl/src/lv_widgets/lv_list.c:888:13:lv_list_is_list_btn	48	static
/home/shiva/shiv_infinitime/src/libs/lvgl/src/lv_widgets/lv_list.c:644:17:lv_list_signal	24	static
/home/shiva/shiv_infinitime/src/libs/lvgl/src/lv_widgets/lv_cont.h:157:20:lv_cont_set_fit2.constprop	16	static
/home/shiva/shiv_infinitime/src/libs/lvgl/src/lv_widgets/lv_list.c:129:6:lv_list_clean	8	static
/home/shiva/shiv_infinitime/src/libs/lvgl/src/lv_widgets/lv_list.c:279:6:lv_list_focus_btn	16	static
/home/shiva/shiv_infinitime/src/libs/lvgl/src/lv_widgets/lv_list.c:368:12:lv_list_get_btn_label	56	static
/home/shiva/shiv_infinitime/src/libs/lvgl/src/lv_widgets/lv_list.c:790:17:lv_list_btn_signal	24	static
/home/shiva/shiv_infinitime/src/libs/lvgl/src/lv_widgets/lv_list.c:354:14:lv_list_get_btn_text	8	static
/home/shiva/shiv_infinitime/src/libs/lvgl/src/lv_widgets/lv_list.c:388:12:lv_list_get_btn_img	56	static
/home/shiva/shiv_infinitime/src/libs/lvgl/src/lv_widgets/lv_list.c:413:12:lv_list_get_prev_btn	24	static
/home/shiva/shiv_infinitime/src/libs/lvgl/src/lv_widgets/lv_list.c:147:12:lv_list_add_btn	40	static
/home/shiva/shiv_infinitime/src/libs/lvgl/src/lv_widgets/lv_list.c:310:6:lv_list_set_layout	32	static
/home/shiva/shiv_infinitime/src/libs/lvgl/src/lv_widgets/lv_list.c:440:12:lv_list_get_next_btn	24	static
/home/shiva/shiv_infinitime/src/libs/lvgl/src/lv_widgets/lv_list.c:246:6:lv_list_remove	24	static
/home/shiva/shiv_infinitime/src/libs/lvgl/src/lv_widgets/lv_list.c:68:12:lv_list_create	24	static
/home/shiva/shiv_infinitime/src/libs/lvgl/src/lv_widgets/lv_list.c:467:9:lv_list_get_btn_index	16	static
/home/shiva/shiv_infinitime/src/libs/lvgl/src/lv_widgets/lv_list.c:494:10:lv_list_get_size	16	static
/home/shiva/shiv_infinitime/src/libs/lvgl/src/lv_widgets/lv_list.c:527:13:lv_list_get_layout	8	static
/home/shiva/shiv_infinitime/src/libs/lvgl/src/lv_widgets/lv_list.c:542:6:lv_list_up	96	static
/home/shiva/shiv_infinitime/src/libs/lvgl/src/lv_widgets/lv_list.c:583:6:lv_list_down	88	static
/home/shiva/shiv_infinitime/src/libs/lvgl/src/lv_widgets/lv_list.c:620:6:lv_list_focus	16	static
