/home/shiva/shiv_infinitime/src/libs/lvgl/src/lv_widgets/lv_table.c:1100:13:refr_size	192	static
/home/shiva/shiv_infinitime/src/libs/lvgl/src/lv_widgets/lv_table.c:1036:17:lv_table_signal	24	static
/home/shiva/shiv_infinitime/src/libs/lvgl/src/lv_widgets/lv_table.c:819:24:lv_table_design	984	static
/home/shiva/shiv_infinitime/src/libs/lvgl/src/lv_widgets/lv_table.c:294:6:lv_table_set_row_cnt	32	static
/home/shiva/shiv_infinitime/src/libs/lvgl/src/lv_widgets/lv_table.c:135:6:lv_table_set_cell_value	32	static
/home/shiva/shiv_infinitime/src/libs/lvgl/src/lv_widgets/lv_table.c:201:6:lv_table_set_cell_value_fmt	44	static
/home/shiva/shiv_infinitime/src/libs/lvgl/src/lv_widgets/lv_table.c:347:6:lv_table_set_col_cnt	32	static
/home/shiva/shiv_infinitime/src/libs/lvgl/src/lv_widgets/lv_table.c:61:12:lv_table_create	24	static
/home/shiva/shiv_infinitime/src/libs/lvgl/src/lv_widgets/lv_table.c:395:6:lv_table_set_col_width	16	static
/home/shiva/shiv_infinitime/src/libs/lvgl/src/lv_widgets/lv_table.c:416:6:lv_table_set_cell_align	24	static
/home/shiva/shiv_infinitime/src/libs/lvgl/src/lv_widgets/lv_table.c:454:6:lv_table_set_cell_type	32	static
/home/shiva/shiv_infinitime/src/libs/lvgl/src/lv_widgets/lv_table.c:500:6:lv_table_set_cell_crop	24	static
/home/shiva/shiv_infinitime/src/libs/lvgl/src/lv_widgets/lv_table.c:539:6:lv_table_set_cell_merge_right	32	static
/home/shiva/shiv_infinitime/src/libs/lvgl/src/lv_widgets/lv_table.c:583:14:lv_table_get_cell_value	16	static
/home/shiva/shiv_infinitime/src/libs/lvgl/src/lv_widgets/lv_table.c:604:10:lv_table_get_row_cnt	8	static
/home/shiva/shiv_infinitime/src/libs/lvgl/src/lv_widgets/lv_table.c:617:10:lv_table_get_col_cnt	8	static
/home/shiva/shiv_infinitime/src/libs/lvgl/src/lv_widgets/lv_table.c:631:12:lv_table_get_col_width	8	static
/home/shiva/shiv_infinitime/src/libs/lvgl/src/lv_widgets/lv_table.c:652:18:lv_table_get_cell_align	16	static
/home/shiva/shiv_infinitime/src/libs/lvgl/src/lv_widgets/lv_table.c:679:18:lv_table_get_cell_type	16	static
/home/shiva/shiv_infinitime/src/libs/lvgl/src/lv_widgets/lv_table.c:706:18:lv_table_get_cell_crop	16	static
/home/shiva/shiv_infinitime/src/libs/lvgl/src/lv_widgets/lv_table.c:733:6:lv_table_get_cell_merge_right	16	static
/home/shiva/shiv_infinitime/src/libs/lvgl/src/lv_widgets/lv_table.c:761:10:lv_table_get_pressed_cell	40	static
