/home/shiva/shiv_infinitime/src/libs/lvgl/src/lv_core/lv_disp.c:413:13:scr_anim_ready	16	static
/home/shiva/shiv_infinitime/src/libs/lvgl/src/lv_core/lv_disp.c:408:13:opa_scale_anim	0	static
/home/shiva/shiv_infinitime/src/libs/lvgl/src/lv_core/lv_disp.c:49:12:lv_disp_get_scr_act	8	static
/home/shiva/shiv_infinitime/src/libs/lvgl/src/lv_core/lv_disp.h:158:26:lv_scr_act	8	static
/home/shiva/shiv_infinitime/src/libs/lvgl/src/lv_core/lv_disp.c:66:12:lv_disp_get_scr_prev	8	static
/home/shiva/shiv_infinitime/src/libs/lvgl/src/lv_core/lv_disp.c:81:6:lv_disp_load_scr	8	static
/home/shiva/shiv_infinitime/src/libs/lvgl/src/lv_core/lv_disp.c:400:13:scr_load_anim_start	16	static
/home/shiva/shiv_infinitime/src/libs/lvgl/src/lv_core/lv_disp.c:95:12:lv_disp_get_layer_top	8	static
/home/shiva/shiv_infinitime/src/libs/lvgl/src/lv_core/lv_disp.c:112:12:lv_disp_get_layer_sys	8	static
/home/shiva/shiv_infinitime/src/libs/lvgl/src/lv_core/lv_disp.c:128:6:lv_disp_assign_screen	16	static
/home/shiva/shiv_infinitime/src/libs/lvgl/src/lv_core/lv_disp.c:147:6:lv_disp_set_bg_color	32	static
/home/shiva/shiv_infinitime/src/libs/lvgl/src/lv_core/lv_disp.c:168:6:lv_disp_set_bg_image	32	static
/home/shiva/shiv_infinitime/src/libs/lvgl/src/lv_core/lv_disp.c:188:6:lv_disp_set_bg_opa	32	static
/home/shiva/shiv_infinitime/src/libs/lvgl/src/lv_core/lv_disp.c:213:6:lv_scr_load_anim	168	static
/home/shiva/shiv_infinitime/src/libs/lvgl/src/lv_core/lv_disp.c:331:10:lv_disp_get_inactive_time	16	static
/home/shiva/shiv_infinitime/src/libs/lvgl/src/lv_core/lv_disp.c:351:6:lv_disp_trig_activity	8	static
/home/shiva/shiv_infinitime/src/libs/lvgl/src/lv_core/lv_disp.c:366:6:lv_disp_clean_dcache	8	static
/home/shiva/shiv_infinitime/src/libs/lvgl/src/lv_core/lv_disp.c:384:13:_lv_disp_get_refr_task	8	static
