/home/shiva/shiv_infinitime/src/libs/lvgl/src/lv_core/lv_obj.c:4559:13:style_prop_is_cacheble	0	static
/home/shiva/shiv_infinitime/src/libs/lvgl/src/lv_core/lv_obj.c:4045:13:refresh_children_position	32	static
/home/shiva/shiv_infinitime/src/libs/lvgl/src/lv_core/lv_obj.c:4544:13:obj_valid_child	16	static
/home/shiva/shiv_infinitime/src/libs/lvgl/src/lv_core/../lv_font/../lv_misc/lv_area.h:97:20:lv_area_copy	0	static
/home/shiva/shiv_infinitime/src/libs/lvgl/src/lv_core/lv_obj.c:164:6:lv_init	32	static
/home/shiva/shiv_infinitime/src/libs/lvgl/src/lv_core/lv_obj.c:517:6:lv_obj_del_async	0	static
/home/shiva/shiv_infinitime/src/libs/lvgl/src/lv_core/lv_obj.c:1125:6:lv_obj_set_auto_realign	0	static
/home/shiva/shiv_infinitime/src/libs/lvgl/src/lv_core/lv_obj.c:1148:6:lv_obj_set_ext_click_area	0	static
/home/shiva/shiv_infinitime/src/libs/lvgl/src/lv_core/lv_obj.c:1512:6:lv_obj_set_adv_hittest	0	static
/home/shiva/shiv_infinitime/src/libs/lvgl/src/lv_core/lv_obj.c:1524:6:lv_obj_set_click	0	static
/home/shiva/shiv_infinitime/src/libs/lvgl/src/lv_core/lv_obj.c:1537:6:lv_obj_set_top	0	static
/home/shiva/shiv_infinitime/src/libs/lvgl/src/lv_core/lv_obj.c:1549:6:lv_obj_set_drag	0	static
/home/shiva/shiv_infinitime/src/libs/lvgl/src/lv_core/lv_obj.c:1562:6:lv_obj_set_drag_dir	0	static
/home/shiva/shiv_infinitime/src/libs/lvgl/src/lv_core/lv_obj.c:1576:6:lv_obj_set_drag_throw	0	static
/home/shiva/shiv_infinitime/src/libs/lvgl/src/lv_core/lv_obj.c:1589:6:lv_obj_set_drag_parent	0	static
/home/shiva/shiv_infinitime/src/libs/lvgl/src/lv_core/lv_obj.c:1602:6:lv_obj_set_gesture_parent	0	static
/home/shiva/shiv_infinitime/src/libs/lvgl/src/lv_core/lv_obj.c:1613:6:lv_obj_set_focus_parent	0	static
/home/shiva/shiv_infinitime/src/libs/lvgl/src/lv_core/lv_obj.c:1637:6:lv_obj_set_parent_event	0	static
/home/shiva/shiv_infinitime/src/libs/lvgl/src/lv_core/lv_obj.c:1672:6:lv_obj_add_protect	0	static
/home/shiva/shiv_infinitime/src/libs/lvgl/src/lv_core/lv_obj.c:1684:6:lv_obj_clear_protect	0	static
/home/shiva/shiv_infinitime/src/libs/lvgl/src/lv_core/lv_obj.c:1860:6:lv_obj_set_event_cb	0	static
/home/shiva/shiv_infinitime/src/libs/lvgl/src/lv_core/lv_obj.c:1940:10:lv_event_send_func	56	static
/home/shiva/shiv_infinitime/src/libs/lvgl/src/lv_core/lv_obj.c:1874:10:lv_event_send	0	static
/home/shiva/shiv_infinitime/src/libs/lvgl/src/lv_core/lv_obj.c:1890:10:lv_event_send_refresh	0	static
/home/shiva/shiv_infinitime/src/libs/lvgl/src/lv_core/lv_obj.c:1997:14:lv_event_get_data	0	static
/home/shiva/shiv_infinitime/src/libs/lvgl/src/lv_core/lv_obj.c:2008:6:lv_obj_set_signal_cb	0	static
/home/shiva/shiv_infinitime/src/libs/lvgl/src/lv_core/lv_obj.c:2021:10:lv_signal_send	0	static
/home/shiva/shiv_infinitime/src/libs/lvgl/src/lv_core/lv_obj.c:2036:6:lv_obj_set_design_cb	0	static
/home/shiva/shiv_infinitime/src/libs/lvgl/src/lv_core/lv_obj.c:2054:8:lv_obj_allocate_ext_attr	8	static
/home/shiva/shiv_infinitime/src/libs/lvgl/src/lv_core/lv_obj.c:2070:6:lv_obj_refresh_ext_draw_pad	0	static
/home/shiva/shiv_infinitime/src/libs/lvgl/src/lv_core/lv_obj.c:2088:12:lv_obj_get_screen	0	static
/home/shiva/shiv_infinitime/src/libs/lvgl/src/lv_core/lv_obj.c:2108:13:lv_obj_get_disp	24	static
/home/shiva/shiv_infinitime/src/libs/lvgl/src/lv_core/lv_obj.c:581:6:lv_obj_area_is_visible	32	static
/home/shiva/shiv_infinitime/src/libs/lvgl/src/lv_core/lv_obj.c:627:6:lv_obj_is_visible	24	static
/home/shiva/shiv_infinitime/src/libs/lvgl/src/lv_core/lv_obj.c:543:6:lv_obj_invalidate_area	16	static
/home/shiva/shiv_infinitime/src/libs/lvgl/src/lv_core/lv_obj.c:558:6:lv_obj_invalidate	24	static
/home/shiva/shiv_infinitime/src/libs/lvgl/src/lv_core/lv_obj.c:711:6:lv_obj_move_foreground	16	static
/home/shiva/shiv_infinitime/src/libs/lvgl/src/lv_core/lv_obj.c:734:6:lv_obj_move_background	16	static
/home/shiva/shiv_infinitime/src/libs/lvgl/src/lv_core/lv_obj.c:763:6:lv_obj_set_pos	40	static
/home/shiva/shiv_infinitime/src/libs/lvgl/src/lv_core/lv_obj.c:974:6:lv_obj_align	32	static
/home/shiva/shiv_infinitime/src/libs/lvgl/src/lv_core/lv_obj.c:1493:6:lv_obj_set_hidden	16	static
/home/shiva/shiv_infinitime/src/libs/lvgl/src/lv_core/lv_obj.c:2140:12:lv_obj_get_parent	0	static
/home/shiva/shiv_infinitime/src/libs/lvgl/src/lv_core/lv_obj.c:2154:12:lv_obj_get_child	0	static
/home/shiva/shiv_infinitime/src/libs/lvgl/src/lv_core/lv_obj.c:4107:13:base_dir_refr_children	16	static
/home/shiva/shiv_infinitime/src/libs/lvgl/src/lv_core/lv_obj.c:1650:6:lv_obj_set_base_dir	8	static
/home/shiva/shiv_infinitime/src/libs/lvgl/src/lv_core/lv_obj.c:1899:6:lv_event_send_refresh_recursive	16	static
/home/shiva/shiv_infinitime/src/libs/lvgl/src/lv_core/lv_obj.c:4094:13:refresh_children_style	16	static
/home/shiva/shiv_infinitime/src/libs/lvgl/src/lv_core/lv_obj.c:2177:12:lv_obj_get_child_back	0	static
/home/shiva/shiv_infinitime/src/libs/lvgl/src/lv_core/lv_obj.c:2198:10:lv_obj_count_children	16	static
/home/shiva/shiv_infinitime/src/libs/lvgl/src/lv_core/lv_obj.c:2214:10:lv_obj_count_children_recursive	16	static
/home/shiva/shiv_infinitime/src/libs/lvgl/src/lv_core/lv_obj.c:2238:6:lv_obj_get_coords	0	static
/home/shiva/shiv_infinitime/src/libs/lvgl/src/lv_core/lv_obj.c:2271:12:lv_obj_get_x	0	static
/home/shiva/shiv_infinitime/src/libs/lvgl/src/lv_core/lv_obj.c:826:6:lv_obj_set_y	8	static
/home/shiva/shiv_infinitime/src/libs/lvgl/src/lv_core/lv_obj.c:1019:6:lv_obj_align_y	24	static
/home/shiva/shiv_infinitime/src/libs/lvgl/src/lv_core/lv_obj.c:2291:12:lv_obj_get_y	0	static
/home/shiva/shiv_infinitime/src/libs/lvgl/src/lv_core/lv_obj.c:814:6:lv_obj_set_x	8	static
/home/shiva/shiv_infinitime/src/libs/lvgl/src/lv_core/lv_obj.c:1001:6:lv_obj_align_x	24	static
/home/shiva/shiv_infinitime/src/libs/lvgl/src/lv_core/lv_obj.c:4142:13:obj_align_mid_core	40	static
/home/shiva/shiv_infinitime/src/libs/lvgl/src/lv_core/lv_obj.c:1038:6:lv_obj_align_mid	40	static
/home/shiva/shiv_infinitime/src/libs/lvgl/src/lv_core/lv_obj.c:1104:6:lv_obj_realign	24	static
/home/shiva/shiv_infinitime/src/libs/lvgl/src/lv_core/lv_obj.c:839:6:lv_obj_set_size	24	static
/home/shiva/shiv_infinitime/src/libs/lvgl/src/lv_core/lv_obj.c:893:6:lv_obj_set_width	0	static
/home/shiva/shiv_infinitime/src/libs/lvgl/src/lv_core/lv_obj.c:905:6:lv_obj_set_height	4	static
/home/shiva/shiv_infinitime/src/libs/lvgl/src/lv_core/lv_obj.c:1067:6:lv_obj_align_mid_x	24	static
/home/shiva/shiv_infinitime/src/libs/lvgl/src/lv_core/lv_obj.c:1087:6:lv_obj_align_mid_y	24	static
/home/shiva/shiv_infinitime/src/libs/lvgl/src/lv_core/lv_obj.c:267:12:lv_obj_create	40	static
/home/shiva/shiv_infinitime/src/libs/lvgl/src/lv_core/lv_obj.c:656:6:lv_obj_set_parent	24	static
/home/shiva/shiv_infinitime/src/libs/lvgl/src/lv_core/lv_obj.c:2311:12:lv_obj_get_width	0	static
/home/shiva/shiv_infinitime/src/libs/lvgl/src/lv_core/lv_obj.c:2323:12:lv_obj_get_height	0	static
/home/shiva/shiv_infinitime/src/libs/lvgl/src/lv_core/lv_obj.c:2435:6:lv_obj_get_auto_realign	0	static
/home/shiva/shiv_infinitime/src/libs/lvgl/src/lv_core/lv_obj.c:2452:12:lv_obj_get_ext_click_pad_left	0	static
/home/shiva/shiv_infinitime/src/libs/lvgl/src/lv_core/lv_obj.c:2471:12:lv_obj_get_ext_click_pad_right	0	static
/home/shiva/shiv_infinitime/src/libs/lvgl/src/lv_core/lv_obj.c:2490:12:lv_obj_get_ext_click_pad_top	0	static
/home/shiva/shiv_infinitime/src/libs/lvgl/src/lv_core/lv_obj.c:2509:12:lv_obj_get_ext_click_pad_bottom	0	static
/home/shiva/shiv_infinitime/src/libs/lvgl/src/lv_core/lv_obj.c:2528:12:lv_obj_get_ext_draw_pad	0	static
/home/shiva/shiv_infinitime/src/libs/lvgl/src/lv_core/lv_obj.c:2539:19:lv_obj_get_style_list	16	static
/home/shiva/shiv_infinitime/src/libs/lvgl/src/lv_core/lv_obj.c:4405:13:trans_del	32	static
/home/shiva/shiv_infinitime/src/libs/lvgl/src/lv_core/lv_obj.c:3758:13:obj_del_core	24	static
/home/shiva/shiv_infinitime/src/libs/lvgl/src/lv_core/lv_obj.c:471:10:lv_obj_del	24	static
/home/shiva/shiv_infinitime/src/libs/lvgl/src/lv_core/lv_obj.c:505:6:lv_obj_del_anim_ready_cb	0	static
/home/shiva/shiv_infinitime/src/libs/lvgl/src/lv_core/lv_obj.c:3751:13:lv_obj_del_async_cb	0	static
/home/shiva/shiv_infinitime/src/libs/lvgl/src/lv_core/lv_obj.c:527:6:lv_obj_clean	8	static
/home/shiva/shiv_infinitime/src/libs/lvgl/src/lv_core/lv_obj.c:1229:6:lv_obj_clean_style_list	16	static
/home/shiva/shiv_infinitime/src/libs/lvgl/src/lv_core/lv_obj.c:1469:6:_lv_obj_disable_style_caching	16	static
/home/shiva/shiv_infinitime/src/libs/lvgl/src/lv_core/lv_obj.c:4496:13:trans_anim_ready_cb	16	static
/home/shiva/shiv_infinitime/src/libs/lvgl/src/lv_core/lv_obj.c:2907:14:lv_obj_get_local_style	8	static
/home/shiva/shiv_infinitime/src/libs/lvgl/src/lv_core/lv_obj.c:1357:6:lv_obj_remove_style_local_prop	8	static
/home/shiva/shiv_infinitime/src/libs/lvgl/src/lv_core/lv_obj.c:4527:13:fade_in_anim_ready	8	static
/home/shiva/shiv_infinitime/src/libs/lvgl/src/lv_core/lv_obj.c:2923:6:lv_obj_get_hidden	0	static
/home/shiva/shiv_infinitime/src/libs/lvgl/src/lv_core/lv_obj.c:2935:6:lv_obj_get_adv_hittest	0	static
/home/shiva/shiv_infinitime/src/libs/lvgl/src/lv_core/lv_obj.c:2947:6:lv_obj_get_click	0	static
/home/shiva/shiv_infinitime/src/libs/lvgl/src/lv_core/lv_obj.c:2959:6:lv_obj_get_top	0	static
/home/shiva/shiv_infinitime/src/libs/lvgl/src/lv_core/lv_obj.c:2971:6:lv_obj_get_drag	0	static
/home/shiva/shiv_infinitime/src/libs/lvgl/src/lv_core/lv_obj.c:2983:15:lv_obj_get_drag_dir	0	static
/home/shiva/shiv_infinitime/src/libs/lvgl/src/lv_core/lv_obj.c:2995:6:lv_obj_get_drag_throw	0	static
/home/shiva/shiv_infinitime/src/libs/lvgl/src/lv_core/lv_obj.c:3007:6:lv_obj_get_drag_parent	0	static
/home/shiva/shiv_infinitime/src/libs/lvgl/src/lv_core/lv_obj.c:3017:6:lv_obj_get_gesture_parent	0	static
/home/shiva/shiv_infinitime/src/libs/lvgl/src/lv_core/lv_obj.c:3027:6:lv_obj_get_focus_parent	0	static
/home/shiva/shiv_infinitime/src/libs/lvgl/src/lv_core/lv_obj.c:3037:6:lv_obj_get_parent_event	0	static
/home/shiva/shiv_infinitime/src/libs/lvgl/src/lv_core/lv_obj.c:3044:15:lv_obj_get_base_dir	0	static
/home/shiva/shiv_infinitime/src/libs/lvgl/src/lv_core/lv_obj.c:3069:9:lv_obj_get_protect	0	static
/home/shiva/shiv_infinitime/src/libs/lvgl/src/lv_core/lv_obj.c:3082:6:lv_obj_is_protected	0	static
/home/shiva/shiv_infinitime/src/libs/lvgl/src/lv_core/lv_obj.c:3089:12:lv_obj_get_state	16	static
/home/shiva/shiv_infinitime/src/libs/lvgl/src/lv_core/lv_obj.c:2700:12:_lv_obj_get_style_color	40	static
/home/shiva/shiv_infinitime/src/libs/lvgl/src/lv_core/lv_obj.c:2569:16:_lv_obj_get_style_int	56	static
/home/shiva/shiv_infinitime/src/libs/lvgl/src/lv_core/lv_obj_style_dec.h:80:1:lv_obj_get_style_clip_corner	8	static
/home/shiva/shiv_infinitime/src/libs/lvgl/src/lv_core/lv_obj.c:4613:13:update_style_cache	24	static
/home/shiva/shiv_infinitime/src/libs/lvgl/src/lv_core/lv_obj.c:2756:10:_lv_obj_get_style_opa	56	static
/home/shiva/shiv_infinitime/src/libs/lvgl/src/lv_core/lv_obj.c:2834:14:_lv_obj_get_style_ptr	48	static
/home/shiva/shiv_infinitime/src/libs/lvgl/src/lv_core/lv_obj.c:4467:13:trans_anim_start_cb	16	static
/home/shiva/shiv_infinitime/src/libs/lvgl/src/lv_core/lv_obj.c:4698:13:update_style_cache_children	32	static
/home/shiva/shiv_infinitime/src/libs/lvgl/src/lv_core/lv_obj.c:4735:13:invalidate_style_cache.part.0	16	static
/home/shiva/shiv_infinitime/src/libs/lvgl/src/lv_core/lv_obj.c:1371:6:lv_obj_refresh_style	16	static
/home/shiva/shiv_infinitime/src/libs/lvgl/src/lv_core/lv_obj.c:1180:6:lv_obj_add_style	16	static
/home/shiva/shiv_infinitime/src/libs/lvgl/src/lv_core/lv_obj.c:1204:6:lv_obj_remove_style	16	static
/home/shiva/shiv_infinitime/src/libs/lvgl/src/lv_core/lv_obj.c:1251:6:lv_obj_reset_style_list	16	static
/home/shiva/shiv_infinitime/src/libs/lvgl/src/lv_core/lv_obj.c:1270:6:_lv_obj_set_style_local_int	24	static
/home/shiva/shiv_infinitime/src/libs/lvgl/src/lv_core/lv_obj.c:1292:6:_lv_obj_set_style_local_color	24	static
/home/shiva/shiv_infinitime/src/libs/lvgl/src/lv_core/lv_obj.c:1314:6:_lv_obj_set_style_local_opa	24	static
/home/shiva/shiv_infinitime/src/libs/lvgl/src/lv_core/lv_obj.c:4522:13:opa_scale_anim	0	static
/home/shiva/shiv_infinitime/src/libs/lvgl/src/lv_core/lv_obj.c:1336:6:_lv_obj_set_style_local_ptr	24	static
/home/shiva/shiv_infinitime/src/libs/lvgl/src/lv_core/lv_obj.c:4063:13:report_style_mod_core	32	static
/home/shiva/shiv_infinitime/src/libs/lvgl/src/lv_core/lv_obj.c:1451:6:lv_obj_report_style_mod	24	static
/home/shiva/shiv_infinitime/src/libs/lvgl/src/lv_core/lv_obj.c:4431:13:trans_anim_cb	32	static
/home/shiva/shiv_infinitime/src/libs/lvgl/src/lv_core/lv_obj.c:1839:6:lv_obj_finish_transitions	24	static
/home/shiva/shiv_infinitime/src/libs/lvgl/src/lv_core/lv_obj.c:2250:6:lv_obj_get_inner_coords	16	static
/home/shiva/shiv_infinitime/src/libs/lvgl/src/lv_core/lv_obj.c:2380:12:lv_obj_get_width_margin	16	static
/home/shiva/shiv_infinitime/src/libs/lvgl/src/lv_core/lv_obj.c:944:6:lv_obj_set_width_margin	16	static
/home/shiva/shiv_infinitime/src/libs/lvgl/src/lv_core/lv_obj.c:2366:12:lv_obj_get_height_margin	16	static
/home/shiva/shiv_infinitime/src/libs/lvgl/src/lv_core/lv_obj.c:958:6:lv_obj_set_height_margin	16	static
/home/shiva/shiv_infinitime/src/libs/lvgl/src/lv_core/lv_obj.c:2335:12:lv_obj_get_width_fit	16	static
/home/shiva/shiv_infinitime/src/libs/lvgl/src/lv_core/lv_obj.c:2398:12:lv_obj_get_width_grid	24	static
/home/shiva/shiv_infinitime/src/libs/lvgl/src/lv_core/lv_obj.c:917:6:lv_obj_set_width_fit	16	static
/home/shiva/shiv_infinitime/src/libs/lvgl/src/lv_core/lv_obj.c:2350:12:lv_obj_get_height_fit	16	static
/home/shiva/shiv_infinitime/src/libs/lvgl/src/lv_core/lv_obj.c:2419:12:lv_obj_get_height_grid	24	static
/home/shiva/shiv_infinitime/src/libs/lvgl/src/lv_core/lv_obj.c:930:6:lv_obj_set_height_fit	16	static
/home/shiva/shiv_infinitime/src/libs/lvgl/src/lv_core/lv_obj.c:3112:16:lv_obj_get_signal_cb	0	static
/home/shiva/shiv_infinitime/src/libs/lvgl/src/lv_core/lv_obj.c:3124:16:lv_obj_get_design_cb	0	static
/home/shiva/shiv_infinitime/src/libs/lvgl/src/lv_core/lv_obj.c:3136:15:lv_obj_get_event_cb	0	static
/home/shiva/shiv_infinitime/src/libs/lvgl/src/lv_core/lv_obj.c:3153:8:lv_obj_get_ext_attr	0	static
/home/shiva/shiv_infinitime/src/libs/lvgl/src/lv_core/lv_obj.c:3166:6:lv_obj_get_type	48	static
/home/shiva/shiv_infinitime/src/libs/lvgl/src/lv_core/lv_obj.c:3197:20:lv_obj_get_user_data	0	static
/home/shiva/shiv_infinitime/src/libs/lvgl/src/lv_core/lv_obj.c:3209:22:lv_obj_get_user_data_ptr	0	static
/home/shiva/shiv_infinitime/src/libs/lvgl/src/lv_core/lv_obj.c:3221:6:lv_obj_set_user_data	16	static
/home/shiva/shiv_infinitime/src/libs/lvgl/src/lv_core/lv_obj.c:3234:8:lv_obj_get_group	0	static
/home/shiva/shiv_infinitime/src/libs/lvgl/src/lv_core/lv_obj.c:3251:6:lv_obj_is_focused	0	static
/home/shiva/shiv_infinitime/src/libs/lvgl/src/lv_core/lv_obj.c:3278:6:lv_obj_is_point_on_coords	16	static
/home/shiva/shiv_infinitime/src/libs/lvgl/src/lv_core/lv_obj.c:3310:6:lv_obj_hittest	16	static
/home/shiva/shiv_infinitime/src/libs/lvgl/src/lv_core/lv_obj.c:3330:10:lv_obj_handle_get_type_signal	8	static
/home/shiva/shiv_infinitime/src/libs/lvgl/src/lv_core/lv_obj.c:3349:6:lv_obj_init_draw_rect_dsc	16	static
/home/shiva/shiv_infinitime/src/libs/lvgl/src/lv_core/lv_obj.c:3841:24:lv_obj_design	136	static
/home/shiva/shiv_infinitime/src/libs/lvgl/src/lv_core/lv_obj.c:3486:6:lv_obj_init_draw_label_dsc	16	static
/home/shiva/shiv_infinitime/src/libs/lvgl/src/lv_core/lv_obj.c:3519:6:lv_obj_init_draw_img_dsc	16	static
/home/shiva/shiv_infinitime/src/libs/lvgl/src/lv_core/lv_obj.c:3546:6:lv_obj_init_draw_line_dsc	16	static
/home/shiva/shiv_infinitime/src/libs/lvgl/src/lv_core/lv_obj.c:4758:13:style_snapshot	40	static
/home/shiva/shiv_infinitime/src/libs/lvgl/src/lv_core/lv_obj.c:1699:6:lv_obj_set_state	464	static
/home/shiva/shiv_infinitime/src/libs/lvgl/src/lv_core/lv_obj.c:1806:6:lv_obj_add_state	0	static
/home/shiva/shiv_infinitime/src/libs/lvgl/src/lv_core/lv_obj.c:1823:6:lv_obj_clear_state	0	static
/home/shiva/shiv_infinitime/src/libs/lvgl/src/lv_core/lv_obj.c:3582:12:lv_obj_get_draw_rect_ext_pad_size	72	static
/home/shiva/shiv_infinitime/src/libs/lvgl/src/lv_core/lv_obj.c:3658:6:lv_obj_fade_in	88	static
/home/shiva/shiv_infinitime/src/libs/lvgl/src/lv_core/lv_obj.c:3683:6:lv_obj_fade_out	88	static
/home/shiva/shiv_infinitime/src/libs/lvgl/src/lv_core/lv_obj.c:3707:6:lv_debug_check_obj_type	48	static
/home/shiva/shiv_infinitime/src/libs/lvgl/src/lv_core/lv_obj.c:3729:6:lv_debug_check_obj_valid	24	static
/home/shiva/shiv_infinitime/src/libs/lvgl/src/lv_core/lv_obj.c:3948:12:lv_obj_get_focused_obj	0	static
/home/shiva/shiv_infinitime/src/libs/lvgl/src/lv_core/lv_obj.c:3966:17:lv_obj_signal	8	static
