/home/shiva/shiv_infinitime/src/libs/mynewt-nimble/nimble/drivers/nrf52/src/ble_phy.c:523:1:nrf_wait_disabled	0	static
/home/shiva/shiv_infinitime/src/libs/mynewt-nimble/nimble/drivers/nrf52/src/ble_phy.c:545:1:ble_phy_set_start_time	16	static
/home/shiva/shiv_infinitime/src/libs/mynewt-nimble/nimble/drivers/nrf52/src/ble_phy.c:797:1:ble_phy_rx_xcvr_setup	0	static
/home/shiva/shiv_infinitime/src/libs/mynewt-nimble/nimble/drivers/nrf52/src/ble_phy.c:1973:1:ble_phy_disable_irq_and_ppi	0	static
/home/shiva/shiv_infinitime/src/libs/mynewt-nimble/nimble/drivers/nrf52/src/ble_phy.c:625:1:ble_phy_set_start_now.isra	16	static
/home/shiva/shiv_infinitime/src/libs/mynewt-nimble/nimble/controller/include/controller/ble_phy.h:213:5:ble_phy_get_cur_phy	0	static
/home/shiva/shiv_infinitime/src/libs/mynewt-nimble/nimble/controller/include/controller/ble_phy.h:111:6:ble_phy_rxpdu_copy	24	static
/home/shiva/shiv_infinitime/src/libs/mynewt-nimble/nimble/controller/include/controller/ble_phy.h:131:6:ble_phy_wfr_enable	12	static
/home/shiva/shiv_infinitime/src/libs/mynewt-nimble/nimble/controller/include/controller/ble_phy.h:84:5:ble_phy_init	32	static
/home/shiva/shiv_infinitime/src/libs/mynewt-nimble/nimble/controller/include/controller/ble_phy.h:166:6:ble_phy_encrypt_enable	24	static
/home/shiva/shiv_infinitime/src/libs/mynewt-nimble/nimble/controller/include/controller/ble_phy.h:173:6:ble_phy_encrypt_set_pkt_cntr	0	static
/home/shiva/shiv_infinitime/src/libs/mynewt-nimble/nimble/controller/include/controller/ble_phy.h:170:6:ble_phy_encrypt_disable	0	static
/home/shiva/shiv_infinitime/src/libs/mynewt-nimble/nimble/controller/include/controller/ble_phy.h:99:6:ble_phy_set_txend_cb	0	static
/home/shiva/shiv_infinitime/src/libs/mynewt-nimble/nimble/controller/include/controller/ble_phy.h:117:5:ble_phy_txpower_round	0	static
/home/shiva/shiv_infinitime/src/libs/mynewt-nimble/nimble/controller/include/controller/ble_phy.h:114:5:ble_phy_txpwr_set	8	static
/home/shiva/shiv_infinitime/src/libs/mynewt-nimble/nimble/controller/include/controller/ble_phy.h:120:5:ble_phy_txpwr_get	0	static
/home/shiva/shiv_infinitime/src/libs/mynewt-nimble/nimble/controller/include/controller/ble_phy.h:123:6:ble_phy_set_rx_pwr_compensation	0	static
/home/shiva/shiv_infinitime/src/libs/mynewt-nimble/nimble/controller/include/controller/ble_phy.h:90:5:ble_phy_setchan	8	static
/home/shiva/shiv_infinitime/src/libs/mynewt-nimble/nimble/controller/include/controller/ble_phy.h:126:6:ble_phy_disable	0	static
/home/shiva/shiv_infinitime/src/libs/mynewt-nimble/nimble/drivers/nrf52/src/ble_phy.c:1239:1:ble_phy_isr	24	static
/home/shiva/shiv_infinitime/src/libs/mynewt-nimble/nimble/controller/include/controller/ble_phy.h:108:5:ble_phy_rx	8	static
/home/shiva/shiv_infinitime/src/libs/mynewt-nimble/nimble/controller/include/controller/ble_phy.h:96:5:ble_phy_rx_set_start_time	16	static
/home/shiva/shiv_infinitime/src/libs/mynewt-nimble/nimble/controller/include/controller/ble_phy.h:143:6:ble_phy_restart_rx	8	static
/home/shiva/shiv_infinitime/src/libs/mynewt-nimble/nimble/controller/include/controller/ble_phy.h:93:5:ble_phy_tx_set_start_time	8	static
/home/shiva/shiv_infinitime/src/libs/mynewt-nimble/nimble/controller/include/controller/ble_phy.h:105:5:ble_phy_tx	40	static
/home/shiva/shiv_infinitime/src/libs/mynewt-nimble/nimble/controller/include/controller/ble_phy.h:163:10:ble_phy_access_addr_get	0	static
/home/shiva/shiv_infinitime/src/libs/mynewt-nimble/nimble/controller/include/controller/ble_phy.h:146:5:ble_phy_state_get	0	static
/home/shiva/shiv_infinitime/src/libs/mynewt-nimble/nimble/controller/include/controller/ble_phy.h:152:5:ble_phy_rx_started	0	static
/home/shiva/shiv_infinitime/src/libs/mynewt-nimble/nimble/controller/include/controller/ble_phy.h:149:9:ble_phy_xcvr_state_get	0	static
/home/shiva/shiv_infinitime/src/libs/mynewt-nimble/nimble/controller/include/controller/ble_phy.h:160:9:ble_phy_max_data_pdu_pyld	0	static
/home/shiva/shiv_infinitime/src/libs/mynewt-nimble/nimble/controller/include/controller/ble_phy.h:176:6:ble_phy_resolv_list_enable	0	static
/home/shiva/shiv_infinitime/src/libs/mynewt-nimble/nimble/controller/include/controller/ble_phy.h:179:6:ble_phy_resolv_list_disable	0	static
/home/shiva/shiv_infinitime/src/libs/mynewt-nimble/nimble/controller/include/controller/ble_phy.h:134:6:ble_phy_rfclk_enable	0	static
/home/shiva/shiv_infinitime/src/libs/mynewt-nimble/nimble/controller/include/controller/ble_phy.h:137:6:ble_phy_rfclk_disable	0	static
