/home/shiva/shiv_infinitime/src/libs/mynewt-nimble/nimble/drivers/nrf52/src/ble_hw.c:277:1:ble_rng_isr	0	static
/home/shiva/shiv_infinitime/src/libs/mynewt-nimble/nimble/controller/include/controller/ble_hw.h:107:5:ble_hw_get_public_addr	24	static
/home/shiva/shiv_infinitime/src/libs/mynewt-nimble/nimble/controller/include/controller/ble_hw.h:110:5:ble_hw_get_static_addr	8	static
/home/shiva/shiv_infinitime/src/libs/mynewt-nimble/nimble/controller/include/controller/ble_hw.h:39:6:ble_hw_whitelist_clear	0	static
/home/shiva/shiv_infinitime/src/libs/mynewt-nimble/nimble/controller/include/controller/ble_hw.h:45:5:ble_hw_whitelist_add	24	static
/home/shiva/shiv_infinitime/src/libs/mynewt-nimble/nimble/controller/include/controller/ble_hw.h:42:6:ble_hw_whitelist_rmv	24	static
/home/shiva/shiv_infinitime/src/libs/mynewt-nimble/nimble/controller/include/controller/ble_hw.h:36:9:ble_hw_whitelist_size	0	static
/home/shiva/shiv_infinitime/src/libs/mynewt-nimble/nimble/controller/include/controller/ble_hw.h:48:6:ble_hw_whitelist_enable	0	static
/home/shiva/shiv_infinitime/src/libs/mynewt-nimble/nimble/controller/include/controller/ble_hw.h:51:6:ble_hw_whitelist_disable	0	static
/home/shiva/shiv_infinitime/src/libs/mynewt-nimble/nimble/controller/include/controller/ble_hw.h:54:5:ble_hw_whitelist_match	0	static
/home/shiva/shiv_infinitime/src/libs/mynewt-nimble/nimble/controller/include/controller/ble_hw.h:58:5:ble_hw_encrypt_block	0	static
/home/shiva/shiv_infinitime/src/libs/mynewt-nimble/nimble/controller/include/controller/ble_hw.h:62:5:ble_hw_rng_init	16	static
/home/shiva/shiv_infinitime/src/libs/mynewt-nimble/nimble/controller/include/controller/ble_hw.h:69:5:ble_hw_rng_start	8	static
/home/shiva/shiv_infinitime/src/libs/mynewt-nimble/nimble/controller/include/controller/ble_hw.h:76:5:ble_hw_rng_stop	16	static
/home/shiva/shiv_infinitime/src/libs/mynewt-nimble/nimble/controller/include/controller/ble_hw.h:83:9:ble_hw_rng_read	0	static
/home/shiva/shiv_infinitime/src/libs/mynewt-nimble/nimble/controller/include/controller/ble_hw.h:86:6:ble_hw_resolv_list_clear	0	static
/home/shiva/shiv_infinitime/src/libs/mynewt-nimble/nimble/controller/include/controller/ble_hw.h:89:5:ble_hw_resolv_list_add	8	static
/home/shiva/shiv_infinitime/src/libs/mynewt-nimble/nimble/controller/include/controller/ble_hw.h:92:6:ble_hw_resolv_list_rmv	0	static
/home/shiva/shiv_infinitime/src/libs/mynewt-nimble/nimble/controller/include/controller/ble_hw.h:95:9:ble_hw_resolv_list_size	0	static
/home/shiva/shiv_infinitime/src/libs/mynewt-nimble/nimble/controller/include/controller/ble_hw.h:104:5:ble_hw_resolv_list_match	0	static
