/home/shiva/shiv_infinitime/src/displayapp/screens/Screen.h:14:22:virtual void Pinetime::Applications::Screens::Screen::Refresh()	0	static
/home/shiva/shiv_infinitime/src/displayapp/screens/Screen.h:29:22:virtual bool Pinetime::Applications::Screens::Screen::OnButtonPushed()	0	static
/home/shiva/shiv_infinitime/src/displayapp/screens/Screen.h:39:22:virtual bool Pinetime::Applications::Screens::Screen::OnTouchEvent(uint16_t, uint16_t)	0	static
/opt/gcc-arm-none-eabi-10.3-2021.10/arm-none-eabi/include/c++/10.3.1/bits/std_function.h:268:7:), _Functor>::_M_manager(std::_Any_data&, const std::_Any_data&, std::_Manager_operation) [with _Res = std::unique_ptr<Pinetime::Applications::Screens::Screen>; _Functor = Pinetime::Applications::Screens::ApplicationList::CreateScreenList() const::<lambda()>; _ArgTypes = {}]	0	static
/opt/gcc-arm-none-eabi-10.3-2021.10/arm-none-eabi/include/c++/10.3.1/bits/std_function.h:242:5:std::_Function_base::~_Function_base()	8	static
/home/shiva/shiv_infinitime/src/displayapp/screens/ApplicationList.cpp:10:6:auto Pinetime::Applications::Screens::ApplicationList::CreateScreenList() const	56	static
/home/shiva/shiv_infinitime/src/displayapp/screens/ApplicationList.cpp:45:25:std::unique_ptr<Pinetime::Applications::Screens::Screen> Pinetime::Applications::Screens::ApplicationList::CreateScreen(unsigned int) const	120	static
/opt/gcc-arm-none-eabi-10.3-2021.10/arm-none-eabi/include/c++/10.3.1/bits/std_function.h:289:7:) [with _Res = std::unique_ptr<Pinetime::Applications::Screens::Screen>; _Functor = Pinetime::Applications::Screens::ApplicationList::CreateScreenList() const::<lambda()>; _ArgTypes = {}]	8	static
/opt/gcc-arm-none-eabi-10.3-2021.10/arm-none-eabi/include/c++/10.3.1/bits/unique_ptr.h:355:7:std::unique_ptr<_Tp, _Dp>::~unique_ptr() [with _Tp = Pinetime::Applications::Screens::Screen; _Dp = std::default_delete<Pinetime::Applications::Screens::Screen>]	8	static
/home/shiva/shiv_infinitime/src/displayapp/screens/ScreenList.h:35:9:Pinetime::Applications::Screens::ScreenList<N>::~ScreenList() [with unsigned int N = 3]	16	static
/home/shiva/shiv_infinitime/src/displayapp/screens/ScreenList.h:35:9:Pinetime::Applications::Screens::ScreenList<N>::~ScreenList() [with unsigned int N = 3]	8	static
/home/shiva/shiv_infinitime/src/displayapp/screens/ApplicationList.cpp:37:1:Pinetime::Applications::Screens::ApplicationList::~ApplicationList()	16	static
/home/shiva/shiv_infinitime/src/displayapp/screens/ApplicationList.cpp:37:1:virtual Pinetime::Applications::Screens::ApplicationList::~ApplicationList()	8	static
/opt/gcc-arm-none-eabi-10.3-2021.10/arm-none-eabi/include/c++/10.3.1/bits/std_function.h:617:5:) const [with _Res = std::unique_ptr<Pinetime::Applications::Screens::Screen>; _ArgTypes = {}]	8	static
/home/shiva/shiv_infinitime/src/displayapp/screens/ApplicationList.cpp:20:1:Pinetime::Applications::Screens::ApplicationList::ApplicationList(Pinetime::Applications::DisplayApp*, Pinetime::Controllers::Settings&, const Pinetime::Controllers::Battery&, const Pinetime::Controllers::Ble&, Pinetime::Controllers::DateTime&, Pinetime::Controllers::FS&, std::array<Pinetime::Applications::Screens::Tile::Applications, 13>&&)	88	static
/opt/gcc-arm-none-eabi-10.3-2021.10/arm-none-eabi/include/c++/10.3.1/bits/unique_ptr.h:177:12:void std::__uniq_ptr_impl<_Tp, _Dp>::reset(std::__uniq_ptr_impl<_Tp, _Dp>::pointer) [with _Tp = Pinetime::Applications::Screens::Screen; _Dp = std::default_delete<Pinetime::Applications::Screens::Screen>]	0	static
/home/shiva/shiv_infinitime/src/displayapp/screens/ScreenList.h:39:14:bool Pinetime::Applications::Screens::ScreenList<N>::OnTouchEvent(Pinetime::Applications::TouchEvents) [with unsigned int N = 3]	24	static
/home/shiva/shiv_infinitime/src/displayapp/screens/ApplicationList.cpp:41:6:virtual bool Pinetime::Applications::Screens::ApplicationList::OnTouchEvent(Pinetime::Applications::TouchEvents)	8	static
