/home/shiva/shiv_infinitime/src/displayapp/screens/Screen.h:14:22:virtual void Pinetime::Applications::Screens::Screen::Refresh()	0	static
/home/shiva/shiv_infinitime/src/displayapp/screens/Screen.h:29:22:virtual bool Pinetime::Applications::Screens::Screen::OnButtonPushed()	0	static
/home/shiva/shiv_infinitime/src/displayapp/screens/Screen.h:35:22:virtual bool Pinetime::Applications::Screens::Screen::OnTouchEvent(Pinetime::Applications::TouchEvents)	0	static
/home/shiva/shiv_infinitime/src/displayapp/screens/Screen.h:39:22:virtual bool Pinetime::Applications::Screens::Screen::OnTouchEvent(uint16_t, uint16_t)	0	static
/home/shiva/shiv_infinitime/src/libs/lvgl/src/lv_core/lv_disp.h:158:26:lv_obj_t* lv_scr_act()	8	static
/home/shiva/shiv_infinitime/src/displayapp/screens/CheckboxList.cpp:74:1:Pinetime::Applications::Screens::CheckboxList::~CheckboxList()	24	static
/home/shiva/shiv_infinitime/src/displayapp/screens/CheckboxList.cpp:74:1:virtual Pinetime::Applications::Screens::CheckboxList::~CheckboxList()	8	static
/home/shiva/shiv_infinitime/src/displayapp/screens/CheckboxList.cpp:14:1:Pinetime::Applications::Screens::CheckboxList::CheckboxList(uint8_t, uint8_t, const char*, const char*, uint32_t, std::function<void(long unsigned int)>, std::array<Pinetime::Applications::Screens::CheckboxList::Item, 4>)	64	static
/home/shiva/shiv_infinitime/src/displayapp/screens/CheckboxList.cpp:79:6:void Pinetime::Applications::Screens::CheckboxList::UpdateSelected(lv_obj_t*, lv_event_t)	32	static
/home/shiva/shiv_infinitime/src/displayapp/screens/CheckboxList.cpp:8:15:void {anonymous}::event_handler(lv_obj_t*, lv_event_t)	0	static
