/home/shiva/shiv_infinitime/src/displayapp/screens/Screen.h:29:22:virtual bool Pinetime::Applications::Screens::Screen::OnButtonPushed()	0	static
/home/shiva/shiv_infinitime/src/displayapp/screens/Screen.h:39:22:virtual bool Pinetime::Applications::Screens::Screen::OnTouchEvent(uint16_t, uint16_t)	0	static
/home/shiva/shiv_infinitime/src/libs/lvgl/src/lv_core/lv_disp.h:158:26:lv_obj_t* lv_scr_act()	8	static
/home/shiva/shiv_infinitime/src/libs/lvgl/src/lv_core/lv_obj_style_dec.h:183:20:void lv_obj_set_style_local_pad_all(lv_obj_t*, uint8_t, lv_state_t, lv_style_int_t)	16	static
/home/shiva/shiv_infinitime/src/displayapp/screens/Notifications.cpp:123:6:void Pinetime::Applications::Screens::Notifications::OnPreviewInteraction()	8	static
/home/shiva/shiv_infinitime/src/displayapp/screens/Notifications.cpp:258:1:Pinetime::Applications::Screens::Notifications::NotificationItem::NotificationItem(const char*, const char*, uint8_t, Pinetime::Controllers::NotificationManager::Categories, uint8_t, Pinetime::Controllers::AlertNotificationService&, Pinetime::Controllers::MotorController&)	48	static
/home/shiva/shiv_infinitime/src/displayapp/screens/Notifications.cpp:247:1:Pinetime::Applications::Screens::Notifications::NotificationItem::NotificationItem(Pinetime::Controllers::AlertNotificationService&, Pinetime::Controllers::MotorController&)	24	static
/home/shiva/shiv_infinitime/src/displayapp/screens/Notifications.cpp:354:6:void Pinetime::Applications::Screens::Notifications::NotificationItem::OnCallButtonEvent(lv_obj_t*, lv_event_t)	16	static
/home/shiva/shiv_infinitime/src/displayapp/screens/Notifications.cpp:241:8:void {anonymous}::CallEventHandler(lv_obj_t*, lv_event_t)	0	static
/home/shiva/shiv_infinitime/src/displayapp/screens/Notifications.cpp:372:1:Pinetime::Applications::Screens::Notifications::NotificationItem::~NotificationItem()	8	static
/opt/gcc-arm-none-eabi-10.3-2021.10/arm-none-eabi/include/c++/10.3.1/bits/unique_ptr.h:355:7:std::unique_ptr<_Tp, _Dp>::~unique_ptr() [with _Tp = Pinetime::Applications::Screens::Notifications::NotificationItem; _Dp = std::default_delete<Pinetime::Applications::Screens::Notifications::NotificationItem>]	16	static
/home/shiva/shiv_infinitime/src/displayapp/screens/Notifications.cpp:64:1:Pinetime::Applications::Screens::Notifications::~Notifications()	8	static
/home/shiva/shiv_infinitime/src/displayapp/screens/Notifications.cpp:64:1:virtual Pinetime::Applications::Screens::Notifications::~Notifications()	8	static
/opt/gcc-arm-none-eabi-10.3-2021.10/arm-none-eabi/include/c++/10.3.1/bits/unique_ptr.h:961:5:) [with _Tp = Pinetime::Applications::Screens::Notifications::NotificationItem; _Args = {const char*, const char*, int, Pinetime::Controllers::NotificationManager::Categories&, unsigned int, Pinetime::Controllers::AlertNotificationService&, Pinetime::Controllers::MotorController&}]	56	static
/opt/gcc-arm-none-eabi-10.3-2021.10/arm-none-eabi/include/c++/10.3.1/bits/unique_ptr.h:961:5:) [with _Tp = Pinetime::Applications::Screens::Notifications::NotificationItem; _Args = {Pinetime::Controllers::AlertNotificationService&, Pinetime::Controllers::MotorController&}]	24	static
/opt/gcc-arm-none-eabi-10.3-2021.10/arm-none-eabi/include/c++/10.3.1/bits/unique_ptr.h:177:12:void std::__uniq_ptr_impl<_Tp, _Dp>::reset(std::__uniq_ptr_impl<_Tp, _Dp>::pointer) [with _Tp = Pinetime::Applications::Screens::Notifications::NotificationItem; _Dp = std::default_delete<Pinetime::Applications::Screens::Notifications::NotificationItem>]	8	static
/home/shiva/shiv_infinitime/src/displayapp/screens/Notifications.cpp:132:6:void Pinetime::Applications::Screens::Notifications::DismissToBlack()	24	static
/home/shiva/shiv_infinitime/src/displayapp/screens/Notifications.cpp:142:6:void Pinetime::Applications::Screens::Notifications::OnPreviewDismiss()	8	static
/opt/gcc-arm-none-eabi-10.3-2021.10/arm-none-eabi/include/c++/10.3.1/bits/unique_ptr.h:165:24:std::__uniq_ptr_impl<_Tp, _Dp>& std::__uniq_ptr_impl<_Tp, _Dp>::operator=(std::__uniq_ptr_impl<_Tp, _Dp>&&) [with _Tp = Pinetime::Applications::Screens::Notifications::NotificationItem; _Dp = std::default_delete<Pinetime::Applications::Screens::Notifications::NotificationItem>]	8	static
/home/shiva/shiv_infinitime/src/displayapp/screens/Notifications.cpp:13:1:Pinetime::Applications::Screens::Notifications::Notifications(Pinetime::Applications::DisplayApp*, Pinetime::Controllers::NotificationManager&, Pinetime::Controllers::AlertNotificationService&, Pinetime::Controllers::MotorController&, Pinetime::System::SystemTask&, Pinetime::Applications::Screens::Notifications::Modes)	192	static
/home/shiva/shiv_infinitime/src/displayapp/screens/Notifications.cpp:151:6:0(Pinetime::Applications::TouchEvents)	392	static
/home/shiva/shiv_infinitime/src/displayapp/screens/Notifications.cpp:151:6:virtual bool Pinetime::Applications::Screens::Notifications::OnTouchEvent(Pinetime::Applications::TouchEvents)	8	static
/home/shiva/shiv_infinitime/src/displayapp/screens/Notifications.cpp:72:6:virtual void Pinetime::Applications::Screens::Notifications::Refresh()	280	static
