/home/shiva/shiv_infinitime/src/displayapp/screens/Screen.h:14:22:virtual void Pinetime::Applications::Screens::Screen::Refresh()	0	static
/home/shiva/shiv_infinitime/src/displayapp/screens/Screen.h:29:22:virtual bool Pinetime::Applications::Screens::Screen::OnButtonPushed()	0	static
/home/shiva/shiv_infinitime/src/displayapp/screens/Screen.h:39:22:virtual bool Pinetime::Applications::Screens::Screen::OnTouchEvent(uint16_t, uint16_t)	0	static
/home/shiva/shiv_infinitime/src/displayapp/screens/SystemInfo.cpp:213:6:static bool Pinetime::Applications::Screens::SystemInfo::sortById(const TaskStatus_t&, const TaskStatus_t&)	0	static
/home/shiva/shiv_infinitime/src/libs/lvgl/src/lv_core/lv_disp.h:158:26:lv_obj_t* lv_scr_act()	8	static
/opt/gcc-arm-none-eabi-10.3-2021.10/arm-none-eabi/include/c++/10.3.1/bits/predefined_ops.h:155:9:constexpr bool __gnu_cxx::__ops::_Iter_comp_iter<_Compare>::operator()(_Iterator1, _Iterator2) [with _Iterator1 = xTASK_STATUS*; _Iterator2 = xTASK_STATUS*; _Compare = bool (*)(const xTASK_STATUS&, const xTASK_STATUS&)]	0	static
/opt/gcc-arm-none-eabi-10.3-2021.10/arm-none-eabi/include/c++/10.3.1/bits/std_function.h:268:7:), _Functor>::_M_manager(std::_Any_data&, const std::_Any_data&, std::_Manager_operation) [with _Res = std::unique_ptr<Pinetime::Applications::Screens::Screen>; _Functor = Pinetime::Applications::Screens::SystemInfo::SystemInfo(Pinetime::Applications::DisplayApp*, Pinetime::Controllers::DateTime&, const Pinetime::Controllers::Battery&, Pinetime::Controllers::BrightnessController&, const Pinetime::Controllers::Ble&, const Pinetime::Drivers::Watchdog&, Pinetime::Controllers::MotionController&, const Pinetime::Drivers::Cst816S&)::<lambda()>; _ArgTypes = {}]	0	static
/opt/gcc-arm-none-eabi-10.3-2021.10/arm-none-eabi/include/c++/10.3.1/bits/std_function.h:268:7:), _Functor>::_M_manager(std::_Any_data&, const std::_Any_data&, std::_Manager_operation) [with _Res = std::unique_ptr<Pinetime::Applications::Screens::Screen>; _Functor = Pinetime::Applications::Screens::SystemInfo::SystemInfo(Pinetime::Applications::DisplayApp*, Pinetime::Controllers::DateTime&, const Pinetime::Controllers::Battery&, Pinetime::Controllers::BrightnessController&, const Pinetime::Controllers::Ble&, const Pinetime::Drivers::Watchdog&, Pinetime::Controllers::MotionController&, const Pinetime::Drivers::Cst816S&)::<lambda()>; _ArgTypes = {}]	0	static
/opt/gcc-arm-none-eabi-10.3-2021.10/arm-none-eabi/include/c++/10.3.1/bits/std_function.h:268:7:), _Functor>::_M_manager(std::_Any_data&, const std::_Any_data&, std::_Manager_operation) [with _Res = std::unique_ptr<Pinetime::Applications::Screens::Screen>; _Functor = Pinetime::Applications::Screens::SystemInfo::SystemInfo(Pinetime::Applications::DisplayApp*, Pinetime::Controllers::DateTime&, const Pinetime::Controllers::Battery&, Pinetime::Controllers::BrightnessController&, const Pinetime::Controllers::Ble&, const Pinetime::Drivers::Watchdog&, Pinetime::Controllers::MotionController&, const Pinetime::Drivers::Cst816S&)::<lambda()>; _ArgTypes = {}]	0	static
/opt/gcc-arm-none-eabi-10.3-2021.10/arm-none-eabi/include/c++/10.3.1/bits/std_function.h:268:7:), _Functor>::_M_manager(std::_Any_data&, const std::_Any_data&, std::_Manager_operation) [with _Res = std::unique_ptr<Pinetime::Applications::Screens::Screen>; _Functor = Pinetime::Applications::Screens::SystemInfo::SystemInfo(Pinetime::Applications::DisplayApp*, Pinetime::Controllers::DateTime&, const Pinetime::Controllers::Battery&, Pinetime::Controllers::BrightnessController&, const Pinetime::Controllers::Ble&, const Pinetime::Drivers::Watchdog&, Pinetime::Controllers::MotionController&, const Pinetime::Drivers::Cst816S&)::<lambda()>; _ArgTypes = {}]	0	static
/opt/gcc-arm-none-eabi-10.3-2021.10/arm-none-eabi/include/c++/10.3.1/bits/std_function.h:268:7:), _Functor>::_M_manager(std::_Any_data&, const std::_Any_data&, std::_Manager_operation) [with _Res = std::unique_ptr<Pinetime::Applications::Screens::Screen>; _Functor = Pinetime::Applications::Screens::SystemInfo::SystemInfo(Pinetime::Applications::DisplayApp*, Pinetime::Controllers::DateTime&, const Pinetime::Controllers::Battery&, Pinetime::Controllers::BrightnessController&, const Pinetime::Controllers::Ble&, const Pinetime::Drivers::Watchdog&, Pinetime::Controllers::MotionController&, const Pinetime::Drivers::Cst816S&)::<lambda()>; _ArgTypes = {}]	0	static
/opt/gcc-arm-none-eabi-10.3-2021.10/arm-none-eabi/include/c++/10.3.1/bits/unique_ptr.h:961:5:) [with _Tp = Pinetime::Applications::Screens::Label; _Args = {int, int, _lv_obj_t*&}]	32	static
/opt/gcc-arm-none-eabi-10.3-2021.10/arm-none-eabi/include/c++/10.3.1/array:94:12:std::array<std::function<std::unique_ptr<Pinetime::Applications::Screens::Screen>()>, 5>::~array()	16	static
/home/shiva/shiv_infinitime/src/displayapp/screens/SystemInfo.cpp:78:25:std::unique_ptr<Pinetime::Applications::Screens::Screen> Pinetime::Applications::Screens::SystemInfo::CreateScreen1()	48	static
/opt/gcc-arm-none-eabi-10.3-2021.10/arm-none-eabi/include/c++/10.3.1/bits/std_function.h:289:7:) [with _Res = std::unique_ptr<Pinetime::Applications::Screens::Screen>; _Functor = Pinetime::Applications::Screens::SystemInfo::SystemInfo(Pinetime::Applications::DisplayApp*, Pinetime::Controllers::DateTime&, const Pinetime::Controllers::Battery&, Pinetime::Controllers::BrightnessController&, const Pinetime::Controllers::Ble&, const Pinetime::Drivers::Watchdog&, Pinetime::Controllers::MotionController&, const Pinetime::Drivers::Cst816S&)::<lambda()>; _ArgTypes = {}]	8	static
/home/shiva/shiv_infinitime/src/displayapp/screens/SystemInfo.cpp:101:25:std::unique_ptr<Pinetime::Applications::Screens::Screen> Pinetime::Applications::Screens::SystemInfo::CreateScreen2()	152	static
/opt/gcc-arm-none-eabi-10.3-2021.10/arm-none-eabi/include/c++/10.3.1/bits/std_function.h:289:7:) [with _Res = std::unique_ptr<Pinetime::Applications::Screens::Screen>; _Functor = Pinetime::Applications::Screens::SystemInfo::SystemInfo(Pinetime::Applications::DisplayApp*, Pinetime::Controllers::DateTime&, const Pinetime::Controllers::Battery&, Pinetime::Controllers::BrightnessController&, const Pinetime::Controllers::Ble&, const Pinetime::Drivers::Watchdog&, Pinetime::Controllers::MotionController&, const Pinetime::Drivers::Cst816S&)::<lambda()>; _ArgTypes = {}]	8	static
/home/shiva/shiv_infinitime/src/displayapp/screens/SystemInfo.cpp:182:25:std::unique_ptr<Pinetime::Applications::Screens::Screen> Pinetime::Applications::Screens::SystemInfo::CreateScreen3()	104	static
/opt/gcc-arm-none-eabi-10.3-2021.10/arm-none-eabi/include/c++/10.3.1/bits/std_function.h:289:7:) [with _Res = std::unique_ptr<Pinetime::Applications::Screens::Screen>; _Functor = Pinetime::Applications::Screens::SystemInfo::SystemInfo(Pinetime::Applications::DisplayApp*, Pinetime::Controllers::DateTime&, const Pinetime::Controllers::Battery&, Pinetime::Controllers::BrightnessController&, const Pinetime::Controllers::Ble&, const Pinetime::Drivers::Watchdog&, Pinetime::Controllers::MotionController&, const Pinetime::Drivers::Cst816S&)::<lambda()>; _ArgTypes = {}]	8	static
/home/shiva/shiv_infinitime/src/displayapp/screens/SystemInfo.cpp:274:25:std::unique_ptr<Pinetime::Applications::Screens::Screen> Pinetime::Applications::Screens::SystemInfo::CreateScreen5()	32	static
/opt/gcc-arm-none-eabi-10.3-2021.10/arm-none-eabi/include/c++/10.3.1/bits/std_function.h:289:7:) [with _Res = std::unique_ptr<Pinetime::Applications::Screens::Screen>; _Functor = Pinetime::Applications::Screens::SystemInfo::SystemInfo(Pinetime::Applications::DisplayApp*, Pinetime::Controllers::DateTime&, const Pinetime::Controllers::Battery&, Pinetime::Controllers::BrightnessController&, const Pinetime::Controllers::Ble&, const Pinetime::Drivers::Watchdog&, Pinetime::Controllers::MotionController&, const Pinetime::Drivers::Cst816S&)::<lambda()>; _ArgTypes = {}]	8	static
/opt/gcc-arm-none-eabi-10.3-2021.10/arm-none-eabi/include/c++/10.3.1/bits/unique_ptr.h:355:7:std::unique_ptr<_Tp, _Dp>::~unique_ptr() [with _Tp = Pinetime::Applications::Screens::Screen; _Dp = std::default_delete<Pinetime::Applications::Screens::Screen>]	8	static
/home/shiva/shiv_infinitime/src/displayapp/screens/ScreenList.h:35:9:Pinetime::Applications::Screens::ScreenList<N>::~ScreenList() [with unsigned int N = 5]	16	static
/home/shiva/shiv_infinitime/src/displayapp/screens/ScreenList.h:35:9:Pinetime::Applications::Screens::ScreenList<N>::~ScreenList() [with unsigned int N = 5]	8	static
/home/shiva/shiv_infinitime/src/displayapp/screens/SystemInfo.cpp:70:1:Pinetime::Applications::Screens::SystemInfo::~SystemInfo()	16	static
/home/shiva/shiv_infinitime/src/displayapp/screens/SystemInfo.cpp:70:1:virtual Pinetime::Applications::Screens::SystemInfo::~SystemInfo()	8	static
/opt/gcc-arm-none-eabi-10.3-2021.10/arm-none-eabi/include/c++/10.3.1/bits/std_function.h:617:5:) const [with _Res = std::unique_ptr<Pinetime::Applications::Screens::Screen>; _ArgTypes = {}]	8	static
/home/shiva/shiv_infinitime/src/displayapp/screens/SystemInfo.cpp:34:1:Pinetime::Applications::Screens::SystemInfo::SystemInfo(Pinetime::Applications::DisplayApp*, Pinetime::Controllers::DateTime&, const Pinetime::Controllers::Battery&, Pinetime::Controllers::BrightnessController&, const Pinetime::Controllers::Ble&, const Pinetime::Drivers::Watchdog&, Pinetime::Controllers::MotionController&, const Pinetime::Drivers::Cst816S&)	120	static
/opt/gcc-arm-none-eabi-10.3-2021.10/arm-none-eabi/include/c++/10.3.1/bits/unique_ptr.h:177:12:void std::__uniq_ptr_impl<_Tp, _Dp>::reset(std::__uniq_ptr_impl<_Tp, _Dp>::pointer) [with _Tp = Pinetime::Applications::Screens::Screen; _Dp = std::default_delete<Pinetime::Applications::Screens::Screen>]	0	static
/home/shiva/shiv_infinitime/src/displayapp/screens/ScreenList.h:39:14:bool Pinetime::Applications::Screens::ScreenList<N>::OnTouchEvent(Pinetime::Applications::TouchEvents) [with unsigned int N = 5]	24	static
/home/shiva/shiv_infinitime/src/displayapp/screens/SystemInfo.cpp:74:6:virtual bool Pinetime::Applications::Screens::SystemInfo::OnTouchEvent(Pinetime::Applications::TouchEvents)	8	static
/opt/gcc-arm-none-eabi-10.3-2021.10/arm-none-eabi/include/c++/10.3.1/bits/move.h:189:5:constexpr std::_Require<std::__not_<std::__is_tuple_like<_Tp> >, std::is_move_constructible<_Tp>, std::is_move_assignable<_Tp> > std::swap(_Tp&, _Tp&) [with _Tp = xTASK_STATUS]	64	static
/opt/gcc-arm-none-eabi-10.3-2021.10/arm-none-eabi/include/c++/10.3.1/bits/stl_algo.h:79:5:constexpr void std::__move_median_to_first(_Iterator, _Iterator, _Iterator, _Iterator, _Compare) [with _Iterator = xTASK_STATUS*; _Compare = __gnu_cxx::__ops::_Iter_comp_iter<bool (*)(const xTASK_STATUS&, const xTASK_STATUS&)>]	24	static
/opt/gcc-arm-none-eabi-10.3-2021.10/arm-none-eabi/include/c++/10.3.1/bits/stl_algo.h:1824:5:constexpr void std::__unguarded_linear_insert(_RandomAccessIterator, _Compare) [with _RandomAccessIterator = xTASK_STATUS*; _Compare = __gnu_cxx::__ops::_Val_comp_iter<bool (*)(const xTASK_STATUS&, const xTASK_STATUS&)>]	64	static
/opt/gcc-arm-none-eabi-10.3-2021.10/arm-none-eabi/include/c++/10.3.1/bits/stl_algo.h:1844:5:constexpr void std::__insertion_sort(_RandomAccessIterator, _RandomAccessIterator, _Compare) [with _RandomAccessIterator = xTASK_STATUS*; _Compare = __gnu_cxx::__ops::_Iter_comp_iter<bool (*)(const xTASK_STATUS&, const xTASK_STATUS&)>]	72	static
/opt/gcc-arm-none-eabi-10.3-2021.10/arm-none-eabi/include/c++/10.3.1/bits/stl_heap.h:223:5:constexpr void std::__adjust_heap(_RandomAccessIterator, _Distance, _Distance, _Tp, _Compare) [with _RandomAccessIterator = xTASK_STATUS*; _Distance = int; _Tp = xTASK_STATUS; _Compare = __gnu_cxx::__ops::_Iter_comp_iter<bool (*)(const xTASK_STATUS&, const xTASK_STATUS&)>]	80	static
/opt/gcc-arm-none-eabi-10.3-2021.10/arm-none-eabi/include/c++/10.3.1/bits/stl_heap.h:253:5:constexpr void std::__pop_heap(_RandomAccessIterator, _RandomAccessIterator, _RandomAccessIterator, _Compare&) [with _RandomAccessIterator = xTASK_STATUS*; _Compare = __gnu_cxx::__ops::_Iter_comp_iter<bool (*)(const xTASK_STATUS&, const xTASK_STATUS&)>]	104	static
/opt/gcc-arm-none-eabi-10.3-2021.10/arm-none-eabi/include/c++/10.3.1/bits/stl_algo.h:1937:5:constexpr void std::__partial_sort(_RandomAccessIterator, _RandomAccessIterator, _RandomAccessIterator, _Compare) [with _RandomAccessIterator = xTASK_STATUS*; _Compare = __gnu_cxx::__ops::_Iter_comp_iter<bool (*)(const xTASK_STATUS&, const xTASK_STATUS&)>]	128	static
/opt/gcc-arm-none-eabi-10.3-2021.10/arm-none-eabi/include/c++/10.3.1/bits/stl_algo.h:1950:5:constexpr void std::__introsort_loop(_RandomAccessIterator, _RandomAccessIterator, _Size, _Compare) [with _RandomAccessIterator = xTASK_STATUS*; _Size = int; _Compare = __gnu_cxx::__ops::_Iter_comp_iter<bool (*)(const xTASK_STATUS&, const xTASK_STATUS&)>]	48	static
/home/shiva/shiv_infinitime/src/displayapp/screens/SystemInfo.cpp:217:25:std::unique_ptr<Pinetime::Applications::Screens::Screen> Pinetime::Applications::Screens::SystemInfo::CreateScreen4()	384	static
/opt/gcc-arm-none-eabi-10.3-2021.10/arm-none-eabi/include/c++/10.3.1/bits/std_function.h:289:7:) [with _Res = std::unique_ptr<Pinetime::Applications::Screens::Screen>; _Functor = Pinetime::Applications::Screens::SystemInfo::SystemInfo(Pinetime::Applications::DisplayApp*, Pinetime::Controllers::DateTime&, const Pinetime::Controllers::Battery&, Pinetime::Controllers::BrightnessController&, const Pinetime::Controllers::Ble&, const Pinetime::Drivers::Watchdog&, Pinetime::Controllers::MotionController&, const Pinetime::Drivers::Cst816S&)::<lambda()>; _ArgTypes = {}]	8	static
