/home/shiva/shiv_infinitime/src/displayapp/screens/Screen.h:14:22:virtual void Pinetime::Applications::Screens::Screen::Refresh()	0	static
/home/shiva/shiv_infinitime/src/displayapp/screens/Screen.h:29:22:virtual bool Pinetime::Applications::Screens::Screen::OnButtonPushed()	0	static
/home/shiva/shiv_infinitime/src/displayapp/screens/Screen.h:35:22:virtual bool Pinetime::Applications::Screens::Screen::OnTouchEvent(Pinetime::Applications::TouchEvents)	0	static
/home/shiva/shiv_infinitime/src/displayapp/screens/Screen.h:39:22:virtual bool Pinetime::Applications::Screens::Screen::OnTouchEvent(uint16_t, uint16_t)	0	static
/home/shiva/shiv_infinitime/src/displayapp/screens/Error.cpp:6:8:void {anonymous}::ButtonEventCallback(lv_obj_t*, lv_event_t)	0	static
/home/shiva/shiv_infinitime/src/libs/lvgl/src/lv_core/lv_disp.h:158:26:lv_obj_t* lv_scr_act()	8	static
/home/shiva/shiv_infinitime/src/displayapp/screens/Error.cpp:48:1:Pinetime::Applications::Screens::Error::~Error()	8	static
/home/shiva/shiv_infinitime/src/displayapp/screens/Error.cpp:48:1:virtual Pinetime::Applications::Screens::Error::~Error()	8	static
/home/shiva/shiv_infinitime/src/displayapp/screens/Error.cpp:12:1:Pinetime::Applications::Screens::Error::Error(Pinetime::System::BootErrors)	40	static
/home/shiva/shiv_infinitime/src/displayapp/screens/Error.cpp:44:6:void Pinetime::Applications::Screens::Error::ButtonEventHandler()	0	static
