/home/shiva/shiv_infinitime/src/displayapp/screens/Screen.h:35:22:virtual bool Pinetime::Applications::Screens::Screen::OnTouchEvent(Pinetime::Applications::TouchEvents)	0	static
/home/shiva/shiv_infinitime/src/displayapp/screens/Screen.h:39:22:virtual bool Pinetime::Applications::Screens::Screen::OnTouchEvent(uint16_t, uint16_t)	0	static
/home/shiva/shiv_infinitime/src/displayapp/screens/FirmwareUpdate.cpp:92:6:virtual bool Pinetime::Applications::Screens::FirmwareUpdate::OnButtonPushed()	0	static
/home/shiva/shiv_infinitime/src/libs/lvgl/src/lv_core/lv_disp.h:158:26:lv_obj_t* lv_scr_act()	8	static
/home/shiva/shiv_infinitime/src/displayapp/screens/FirmwareUpdate.cpp:29:1:Pinetime::Applications::Screens::FirmwareUpdate::~FirmwareUpdate()	8	static
/home/shiva/shiv_infinitime/src/displayapp/screens/FirmwareUpdate.cpp:29:1:virtual Pinetime::Applications::Screens::FirmwareUpdate::~FirmwareUpdate()	8	static
/home/shiva/shiv_infinitime/src/displayapp/screens/FirmwareUpdate.cpp:8:1:Pinetime::Applications::Screens::FirmwareUpdate::FirmwareUpdate(const Pinetime::Controllers::Ble&)	24	static
/home/shiva/shiv_infinitime/src/displayapp/screens/FirmwareUpdate.cpp:73:6:void Pinetime::Applications::Screens::FirmwareUpdate::DisplayProgression() const	16	static
/home/shiva/shiv_infinitime/src/displayapp/screens/FirmwareUpdate.cpp:83:6:void Pinetime::Applications::Screens::FirmwareUpdate::UpdateValidated()	0	static
/home/shiva/shiv_infinitime/src/displayapp/screens/FirmwareUpdate.cpp:87:6:void Pinetime::Applications::Screens::FirmwareUpdate::UpdateError()	8	static
/home/shiva/shiv_infinitime/src/displayapp/screens/FirmwareUpdate.cpp:34:6:virtual void Pinetime::Applications::Screens::FirmwareUpdate::Refresh()	16	static
