/home/shiva/shiv_infinitime/src/displayapp/screens/Screen.h:14:22:virtual void Pinetime::Applications::Screens::Screen::Refresh()	0	static
/home/shiva/shiv_infinitime/src/displayapp/screens/Screen.h:29:22:virtual bool Pinetime::Applications::Screens::Screen::OnButtonPushed()	0	static
/home/shiva/shiv_infinitime/src/displayapp/screens/Screen.h:35:22:virtual bool Pinetime::Applications::Screens::Screen::OnTouchEvent(Pinetime::Applications::TouchEvents)	0	static
/home/shiva/shiv_infinitime/src/displayapp/screens/Screen.h:39:22:virtual bool Pinetime::Applications::Screens::Screen::OnTouchEvent(uint16_t, uint16_t)	0	static
/home/shiva/shiv_infinitime/src/libs/lvgl/src/lv_core/lv_disp.h:158:26:lv_obj_t* lv_scr_act()	8	static
/home/shiva/shiv_infinitime/src/displayapp/screens/List.cpp:71:1:Pinetime::Applications::Screens::List::~List()	8	static
/home/shiva/shiv_infinitime/src/displayapp/screens/List.cpp:71:1:virtual Pinetime::Applications::Screens::List::~List()	8	static
/home/shiva/shiv_infinitime/src/displayapp/screens/List.cpp:15:1:Pinetime::Applications::Screens::List::List(uint8_t, uint8_t, Pinetime::Applications::DisplayApp*, Pinetime::Controllers::Settings&, std::array<Pinetime::Applications::Screens::List::Applications, 4>&)	48	static
/home/shiva/shiv_infinitime/src/displayapp/screens/List.cpp:75:6:void Pinetime::Applications::Screens::List::OnButtonEvent(lv_obj_t*, lv_event_t)	16	static
/home/shiva/shiv_infinitime/src/displayapp/screens/List.cpp:9:8:void {anonymous}::ButtonEventHandler(lv_obj_t*, lv_event_t)	0	static
