/home/shiva/shiv_infinitime/src/displayapp/screens/Screen.h:29:22:virtual bool Pinetime::Applications::Screens::Screen::OnButtonPushed()	0	static
/home/shiva/shiv_infinitime/src/displayapp/screens/Screen.h:35:22:virtual bool Pinetime::Applications::Screens::Screen::OnTouchEvent(Pinetime::Applications::TouchEvents)	0	static
/home/shiva/shiv_infinitime/src/displayapp/screens/Screen.h:39:22:virtual bool Pinetime::Applications::Screens::Screen::OnTouchEvent(uint16_t, uint16_t)	0	static
/home/shiva/shiv_infinitime/src/libs/lvgl/src/lv_core/lv_disp.h:158:26:lv_obj_t* lv_scr_act()	8	static
/home/shiva/shiv_infinitime/src/displayapp/screens/Motion.cpp:43:1:Pinetime::Applications::Screens::Motion::~Motion()	8	static
/home/shiva/shiv_infinitime/src/displayapp/screens/Motion.cpp:43:1:virtual Pinetime::Applications::Screens::Motion::~Motion()	8	static
/home/shiva/shiv_infinitime/src/displayapp/screens/Motion.cpp:48:6:virtual void Pinetime::Applications::Screens::Motion::Refresh()	16	static
/home/shiva/shiv_infinitime/src/displayapp/screens/Motion.cpp:8:1:Pinetime::Applications::Screens::Motion::Motion(Pinetime::Controllers::MotionController&)	24	static
