/home/shiva/shiv_infinitime/src/displayapp/screens/Screen.h:29:22:virtual bool Pinetime::Applications::Screens::Screen::OnButtonPushed()	0	static
/home/shiva/shiv_infinitime/src/displayapp/screens/Screen.h:35:22:virtual bool Pinetime::Applications::Screens::Screen::OnTouchEvent(Pinetime::Applications::TouchEvents)	0	static
/home/shiva/shiv_infinitime/src/displayapp/screens/Screen.h:39:22:virtual bool Pinetime::Applications::Screens::Screen::OnTouchEvent(uint16_t, uint16_t)	0	static
/home/shiva/shiv_infinitime/src/libs/lvgl/src/lv_core/lv_disp.h:158:26:lv_obj_t* lv_scr_act()	8	static
/home/shiva/shiv_infinitime/src/displayapp/screens/Navigation.cpp:179:8:{anonymous}::Icon {anonymous}::GetIcon(const string&)	40	static
/home/shiva/shiv_infinitime/src/displayapp/screens/Navigation.cpp:271:6:static bool Pinetime::Applications::Screens::Navigation::IsAvailable(Pinetime::Controllers::FS&)	96	static
/opt/gcc-arm-none-eabi-10.3-2021.10/arm-none-eabi/include/c++/10.3.1/bits/basic_string.h:6183:5:typename __gnu_cxx::__enable_if<std::__is_char<_Tp>::__value, bool>::__type std::operator==(const std::__cxx11::basic_string<_CharT>&, const std::__cxx11::basic_string<_CharT>&) [with _CharT = char]	8	static
/opt/gcc-arm-none-eabi-10.3-2021.10/arm-none-eabi/include/c++/10.3.1/bits/basic_string.h:237:7:void std::__cxx11::basic_string<_CharT, _Traits, _Alloc>::_M_dispose() [with _CharT = char; _Traits = std::char_traits<char>; _Alloc = std::allocator<char>]	0	static
/home/shiva/shiv_infinitime/src/displayapp/screens/Navigation.cpp:235:1:Pinetime::Applications::Screens::Navigation::~Navigation()	8	static
/home/shiva/shiv_infinitime/src/displayapp/screens/Navigation.cpp:235:1:virtual Pinetime::Applications::Screens::Navigation::~Navigation()	8	static
/opt/gcc-arm-none-eabi-10.3-2021.10/arm-none-eabi/include/c++/10.3.1/bits/basic_string.h:354:7:static void std::__cxx11::basic_string<_CharT, _Traits, _Alloc>::_S_copy(_CharT*, const _CharT*, std::__cxx11::basic_string<_CharT, _Traits, _Alloc>::size_type) [with _CharT = char; _Traits = std::char_traits<char>; _Alloc = std::allocator<char>]	8	static
/home/shiva/shiv_infinitime/src/displayapp/screens/Navigation.cpp:193:1:Pinetime::Applications::Screens::Navigation::Navigation(Pinetime::Controllers::NavigationService&)	72	static
/opt/gcc-arm-none-eabi-10.3-2021.10/arm-none-eabi/include/c++/10.3.1/bits/basic_string.h:716:7:std::__cxx11::basic_string<_CharT, _Traits, _Alloc>& std::__cxx11::basic_string<_CharT, _Traits, _Alloc>::operator=(std::__cxx11::basic_string<_CharT, _Traits, _Alloc>&&) [with _CharT = char; _Traits = std::char_traits<char>; _Alloc = std::allocator<char>]	16	static
/home/shiva/shiv_infinitime/src/displayapp/screens/Navigation.cpp:240:6:virtual void Pinetime::Applications::Screens::Navigation::Refresh()	40	static
