/home/shiva/shiv_infinitime/src/displayapp/screens/Screen.h:39:22:virtual bool Pinetime::Applications::Screens::Screen::OnTouchEvent(uint16_t, uint16_t)	0	static
/home/shiva/shiv_infinitime/src/libs/lvgl/src/lv_core/lv_disp.h:158:26:lv_obj_t* lv_scr_act()	8	static
/home/shiva/shiv_infinitime/src/displayapp/screens/WatchFaceInfineat.cpp:303:1:Pinetime::Applications::Screens::WatchFaceInfineat::~WatchFaceInfineat()	8	static
/home/shiva/shiv_infinitime/src/displayapp/screens/WatchFaceInfineat.cpp:303:1:virtual Pinetime::Applications::Screens::WatchFaceInfineat::~WatchFaceInfineat()	8	static
/home/shiva/shiv_infinitime/src/displayapp/screens/WatchFaceInfineat.cpp:99:51:constexpr const std::array<lv_color16_t, 9>* {anonymous}::returnColor({anonymous}::colors)	0	static
/home/shiva/shiv_infinitime/src/displayapp/screens/WatchFaceInfineat.cpp:316:6:virtual bool Pinetime::Applications::Screens::WatchFaceInfineat::OnTouchEvent(Pinetime::Applications::TouchEvents)	16	static
/home/shiva/shiv_infinitime/src/displayapp/screens/WatchFaceInfineat.cpp:329:6:void Pinetime::Applications::Screens::WatchFaceInfineat::CloseMenu()	8	static
/home/shiva/shiv_infinitime/src/displayapp/screens/WatchFaceInfineat.cpp:337:6:virtual bool Pinetime::Applications::Screens::WatchFaceInfineat::OnButtonPushed()	8	static
/home/shiva/shiv_infinitime/src/displayapp/screens/WatchFaceInfineat.cpp:470:6:void Pinetime::Applications::Screens::WatchFaceInfineat::SetBatteryLevel(uint8_t)	0	static
/home/shiva/shiv_infinitime/src/displayapp/screens/WatchFaceInfineat.cpp:393:6:virtual void Pinetime::Applications::Screens::WatchFaceInfineat::Refresh()	32	static
/home/shiva/shiv_infinitime/src/displayapp/screens/WatchFaceInfineat.cpp:476:6:void Pinetime::Applications::Screens::WatchFaceInfineat::ToggleBatteryIndicatorColor(bool)	16	static
/home/shiva/shiv_infinitime/src/displayapp/screens/WatchFaceInfineat.cpp:345:6:void Pinetime::Applications::Screens::WatchFaceInfineat::UpdateSelected(lv_obj_t*, lv_event_t)	40	static
/home/shiva/shiv_infinitime/src/displayapp/screens/WatchFaceInfineat.cpp:16:8:void {anonymous}::event_handler(lv_obj_t*, lv_event_t)	0	static
/home/shiva/shiv_infinitime/src/displayapp/screens/WatchFaceInfineat.cpp:122:1:Pinetime::Applications::Screens::WatchFaceInfineat::WatchFaceInfineat(Pinetime::Controllers::DateTime&, const Pinetime::Controllers::Battery&, const Pinetime::Controllers::Ble&, Pinetime::Controllers::NotificationManager&, Pinetime::Controllers::Settings&, Pinetime::Controllers::MotionController&, Pinetime::Controllers::FS&)	136	static
/home/shiva/shiv_infinitime/src/displayapp/screens/WatchFaceInfineat.cpp:490:6:static bool Pinetime::Applications::Screens::WatchFaceInfineat::IsAvailable(Pinetime::Controllers::FS&)	96	static
