/home/shiva/shiv_infinitime/src/displayapp/screens/Screen.h:39:22:virtual bool Pinetime::Applications::Screens::Screen::OnTouchEvent(uint16_t, uint16_t)	0	static
/home/shiva/shiv_infinitime/src/libs/lvgl/src/lv_widgets/lv_gauge.h:113:20:void lv_gauge_set_critical_value(lv_obj_t*, int32_t)	16	static
/home/shiva/shiv_infinitime/src/libs/lvgl/src/lv_core/lv_disp.h:158:26:lv_obj_t* lv_scr_act()	8	static
/home/shiva/shiv_infinitime/src/displayapp/screens/WatchFacePineTimeStyle.cpp:401:1:Pinetime::Applications::Screens::WatchFacePineTimeStyle::~WatchFacePineTimeStyle()	8	static
/home/shiva/shiv_infinitime/src/displayapp/screens/WatchFacePineTimeStyle.cpp:401:1:virtual Pinetime::Applications::Screens::WatchFacePineTimeStyle::~WatchFacePineTimeStyle()	8	static
/home/shiva/shiv_infinitime/src/displayapp/screens/WatchFacePineTimeStyle.cpp:406:6:virtual bool Pinetime::Applications::Screens::WatchFacePineTimeStyle::OnTouchEvent(Pinetime::Applications::TouchEvents)	16	static
/home/shiva/shiv_infinitime/src/displayapp/screens/WatchFacePineTimeStyle.cpp:419:6:void Pinetime::Applications::Screens::WatchFacePineTimeStyle::CloseMenu()	8	static
/home/shiva/shiv_infinitime/src/displayapp/screens/WatchFacePineTimeStyle.cpp:434:6:virtual bool Pinetime::Applications::Screens::WatchFacePineTimeStyle::OnButtonPushed()	8	static
/home/shiva/shiv_infinitime/src/displayapp/screens/WatchFacePineTimeStyle.cpp:442:6:void Pinetime::Applications::Screens::WatchFacePineTimeStyle::SetBatteryIcon()	0	static
/home/shiva/shiv_infinitime/src/displayapp/screens/WatchFacePineTimeStyle.cpp:447:6:virtual void Pinetime::Applications::Screens::WatchFacePineTimeStyle::Refresh()	96	static
/home/shiva/shiv_infinitime/src/displayapp/screens/WatchFacePineTimeStyle.cpp:48:1:Pinetime::Applications::Screens::WatchFacePineTimeStyle::WatchFacePineTimeStyle(Pinetime::Controllers::DateTime&, const Pinetime::Controllers::Battery&, const Pinetime::Controllers::Ble&, Pinetime::Controllers::NotificationManager&, Pinetime::Controllers::Settings&, Pinetime::Controllers::MotionController&, Pinetime::Controllers::SimpleWeatherService&)	48	static
/home/shiva/shiv_infinitime/src/displayapp/screens/WatchFacePineTimeStyle.cpp:570:6:void Pinetime::Applications::Screens::WatchFacePineTimeStyle::UpdateSelected(lv_obj_t*, lv_event_t)	40	static
/home/shiva/shiv_infinitime/src/displayapp/screens/WatchFacePineTimeStyle.cpp:42:8:void {anonymous}::event_handler(lv_obj_t*, lv_event_t)	0	static
/home/shiva/shiv_infinitime/src/displayapp/screens/WatchFacePineTimeStyle.cpp:760:41:static Pinetime::Controllers::Settings::Colors Pinetime::Applications::Screens::WatchFacePineTimeStyle::GetNext(Pinetime::Controllers::Settings::Colors)	0	static
/home/shiva/shiv_infinitime/src/displayapp/screens/WatchFacePineTimeStyle.cpp:771:41:static Pinetime::Controllers::Settings::Colors Pinetime::Applications::Screens::WatchFacePineTimeStyle::GetPrevious(Pinetime::Controllers::Settings::Colors)	0	static
