/home/shiva/shiv_infinitime/src/displayapp/DisplayAppRecovery.cpp:13:1:Pinetime::Applications::DisplayApp::DisplayApp(Pinetime::Drivers::St7789&, const Pinetime::Drivers::Cst816S&, const Pinetime::Controllers::Battery&, const Pinetime::Controllers::Ble&, Pinetime::Controllers::DateTime&, const Pinetime::Drivers::Watchdog&, Pinetime::Controllers::NotificationManager&, Pinetime::Controllers::HeartRateController&, Pinetime::Controllers::Settings&, Pinetime::Controllers::MotorController&, Pinetime::Controllers::MotionController&, Pinetime::Controllers::AlarmController&, Pinetime::Controllers::BrightnessController&, Pinetime::Controllers::TouchHandler&, Pinetime::Controllers::FS&)	0	static
/home/shiva/shiv_infinitime/src/displayapp/DisplayAppRecovery.cpp:31:6:void Pinetime::Applications::DisplayApp::Start()	16	static
/home/shiva/shiv_infinitime/src/displayapp/DisplayAppRecovery.cpp:90:6:void Pinetime::Applications::DisplayApp::DisplayLogo(uint16_t)	72	static
/home/shiva/shiv_infinitime/src/displayapp/DisplayAppRecovery.cpp:47:6:void Pinetime::Applications::DisplayApp::InitHw()	0	static
/home/shiva/shiv_infinitime/src/displayapp/DisplayAppRecovery.cpp:98:6:void Pinetime::Applications::DisplayApp::DisplayOtaProgress(uint8_t, uint16_t)	48	static
/home/shiva/shiv_infinitime/src/displayapp/DisplayAppRecovery.cpp:51:6:void Pinetime::Applications::DisplayApp::Refresh()	24	static
/home/shiva/shiv_infinitime/src/displayapp/DisplayAppRecovery.cpp:37:6:static void Pinetime::Applications::DisplayApp::Process(void*)	8	static
/home/shiva/shiv_infinitime/src/displayapp/DisplayAppRecovery.cpp:107:6:void Pinetime::Applications::DisplayApp::PushMessage(Pinetime::Applications::Display::Messages)	24	static
/home/shiva/shiv_infinitime/src/displayapp/DisplayAppRecovery.cpp:113:6:void Pinetime::Applications::DisplayApp::Register(Pinetime::System::SystemTask*)	0	static
/home/shiva/shiv_infinitime/src/displayapp/DisplayAppRecovery.cpp:116:6:void Pinetime::Applications::DisplayApp::Register(Pinetime::Controllers::SimpleWeatherService*)	0	static
/home/shiva/shiv_infinitime/src/displayapp/DisplayAppRecovery.cpp:119:6:void Pinetime::Applications::DisplayApp::Register(Pinetime::Controllers::MusicService*)	0	static
/home/shiva/shiv_infinitime/src/displayapp/DisplayAppRecovery.cpp:122:6:void Pinetime::Applications::DisplayApp::Register(Pinetime::Controllers::NavigationService*)	0	static
