/home/shiva/shiv_infinitime/src/components/battery/BatteryController.cpp:13:1:Pinetime::Controllers::Battery::Battery()	0	static
/home/shiva/shiv_infinitime/src/components/battery/BatteryController.cpp:18:6:void Pinetime::Controllers::Battery::ReadPowerState()	0	static
/home/shiva/shiv_infinitime/src/components/battery/BatteryController.cpp:46:6:void Pinetime::Controllers::Battery::SaadcInit()	32	static
/home/shiva/shiv_infinitime/src/components/battery/BatteryController.cpp:29:6:void Pinetime::Controllers::Battery::MeasureVoltage()	8	static
/home/shiva/shiv_infinitime/src/components/battery/BatteryController.cpp:63:6:void Pinetime::Controllers::Battery::SaadcEventHandler(const nrfx_saadc_evt_t*)	56	static
/home/shiva/shiv_infinitime/src/components/battery/BatteryController.cpp:42:6:static void Pinetime::Controllers::Battery::AdcCallbackStatic(const nrfx_saadc_evt_t*)	0	static
/home/shiva/shiv_infinitime/src/components/battery/BatteryController.cpp:95:6:void Pinetime::Controllers::Battery::Register(Pinetime::System::SystemTask*)	0	static
