/home/shiva/shiv_infinitime/src/components/ble/AlertNotificationClient.cpp:185:6:virtual void Pinetime::Controllers::AlertNotificationClient::Discover(uint16_t, std::function<void(short unsigned int)>)	48	static
/home/shiva/shiv_infinitime/src/components/ble/AlertNotificationClient.cpp:44:1:Pinetime::Controllers::AlertNotificationClient::AlertNotificationClient(Pinetime::System::SystemTask&, Pinetime::Controllers::NotificationManager&)	8	static
/home/shiva/shiv_infinitime/src/components/ble/AlertNotificationClient.cpp:144:6:void Pinetime::Controllers::AlertNotificationClient::OnNotification(ble_gap_event*)	136	static
/home/shiva/shiv_infinitime/src/components/ble/AlertNotificationClient.cpp:170:6:void Pinetime::Controllers::AlertNotificationClient::Reset()	0	static
/opt/gcc-arm-none-eabi-10.3-2021.10/arm-none-eabi/include/c++/10.3.1/bits/std_function.h:617:5:) const [with _Res = void; _ArgTypes = {short unsigned int}]	16	static
/home/shiva/shiv_infinitime/src/components/ble/AlertNotificationClient.cpp:49:6:bool Pinetime::Controllers::AlertNotificationClient::OnDiscoveryEvent(uint16_t, const ble_gatt_error*, const ble_gatt_svc*)	24	static
/home/shiva/shiv_infinitime/src/components/ble/AlertNotificationClient.cpp:16:7:int {anonymous}::OnDiscoveryEventCallback(uint16_t, const ble_gatt_error*, const ble_gatt_svc*, void*)	8	static
/home/shiva/shiv_infinitime/src/components/ble/AlertNotificationClient.cpp:71:5:int Pinetime::Controllers::AlertNotificationClient::OnCharacteristicsDiscoveryEvent(uint16_t, const ble_gatt_error*, const ble_gatt_chr*)	32	static
/home/shiva/shiv_infinitime/src/components/ble/AlertNotificationClient.cpp:21:7:int {anonymous}::OnAlertNotificationCharacteristicDiscoveredCallback(uint16_t, const ble_gatt_error*, const ble_gatt_chr*, void*)	4	static
/home/shiva/shiv_infinitime/src/components/ble/AlertNotificationClient.cpp:110:5:int Pinetime::Controllers::AlertNotificationClient::OnNewAlertSubcribe(uint16_t, const ble_gatt_error*)	8	static
/home/shiva/shiv_infinitime/src/components/ble/AlertNotificationClient.cpp:38:7:int {anonymous}::NewAlertSubcribeCallback(uint16_t, const ble_gatt_error*, ble_gatt_attr*, void*)	8	static
/home/shiva/shiv_infinitime/src/components/ble/AlertNotificationClient.cpp:121:5:int Pinetime::Controllers::AlertNotificationClient::OnDescriptorDiscoveryEventCallback(uint16_t, const ble_gatt_error*, uint16_t, const ble_gatt_dsc*)	32	static
/home/shiva/shiv_infinitime/src/components/ble/AlertNotificationClient.cpp:29:7:int {anonymous}::OnAlertNotificationDescriptorDiscoveryEventCallback(uint16_t, const ble_gatt_error*, uint16_t, const ble_gatt_dsc*, void*)	4	static
