/home/shiva/shiv_infinitime/src/components/ble/FSService.cpp:17:1:Pinetime::Controllers::FSService::FSService(Pinetime::System::SystemTask&, Pinetime::Controllers::FS&)	16	static
/home/shiva/shiv_infinitime/src/components/ble/FSService.cpp:42:6:void Pinetime::Controllers::FSService::Init()	8	static
/home/shiva/shiv_infinitime/src/components/ble/FSService.cpp:63:5:int Pinetime::Controllers::FSService::FSCommandHandler(uint16_t, os_mbuf*)	464	dynamic
/home/shiva/shiv_infinitime/src/components/ble/FSService.cpp:51:5:int Pinetime::Controllers::FSService::OnFSServiceRequested(uint16_t, uint16_t, ble_gatt_access_ctxt*)	16	static
/home/shiva/shiv_infinitime/src/components/ble/FSService.cpp:12:5:int FSServiceCallback(uint16_t, uint16_t, ble_gatt_access_ctxt*, void*)	4	static
/home/shiva/shiv_infinitime/src/components/ble/FSService.cpp:310:6:void Pinetime::Controllers::FSService::prepareReadDataResp(Pinetime::Controllers::FSService::ReadHeader*, Pinetime::Controllers::FSService::ReadResponse*)	376	static
