/home/shiva/shiv_infinitime/src/libs/lvgl/src/lv_misc/lv_fs.c:645:21:lv_fs_get_real_path	0	static
/home/shiva/shiv_infinitime/src/libs/lvgl/src/lv_misc/lv_fs.c:53:6:_lv_fs_init	0	static
/home/shiva/shiv_infinitime/src/libs/lvgl/src/lv_misc/lv_fs.c:139:13:lv_fs_close	16	static
/home/shiva/shiv_infinitime/src/libs/lvgl/src/lv_misc/lv_fs.c:191:13:lv_fs_read	32	static
/home/shiva/shiv_infinitime/src/libs/lvgl/src/lv_misc/lv_fs.c:212:13:lv_fs_write	32	static
/home/shiva/shiv_infinitime/src/libs/lvgl/src/lv_misc/lv_fs.c:237:13:lv_fs_seek	4	static
/home/shiva/shiv_infinitime/src/libs/lvgl/src/lv_misc/lv_fs.c:258:13:lv_fs_tell	4	static
/home/shiva/shiv_infinitime/src/libs/lvgl/src/lv_misc/lv_fs.c:281:13:lv_fs_trunc	0	static
/home/shiva/shiv_infinitime/src/libs/lvgl/src/lv_misc/lv_fs.c:301:13:lv_fs_size	4	static
/home/shiva/shiv_infinitime/src/libs/lvgl/src/lv_misc/lv_fs.c:415:13:lv_fs_dir_read	4	static
/home/shiva/shiv_infinitime/src/libs/lvgl/src/lv_misc/lv_fs.c:437:13:lv_fs_dir_close	16	static
/home/shiva/shiv_infinitime/src/libs/lvgl/src/lv_misc/lv_fs.c:497:6:lv_fs_drv_init	0	static
/home/shiva/shiv_infinitime/src/libs/lvgl/src/lv_misc/lv_fs.c:507:6:lv_fs_drv_register	16	static
/home/shiva/shiv_infinitime/src/libs/lvgl/src/lv_misc/lv_fs.c:523:15:lv_fs_get_drv	16	static
/home/shiva/shiv_infinitime/src/libs/lvgl/src/lv_misc/lv_fs.c:64:6:lv_fs_is_ready	8	static
/home/shiva/shiv_infinitime/src/libs/lvgl/src/lv_misc/lv_fs.c:82:13:lv_fs_open	32	static
/home/shiva/shiv_infinitime/src/libs/lvgl/src/lv_misc/lv_fs.c:163:13:lv_fs_remove	16	static
/home/shiva/shiv_infinitime/src/libs/lvgl/src/lv_misc/lv_fs.c:322:13:lv_fs_rename	24	static
/home/shiva/shiv_infinitime/src/libs/lvgl/src/lv_misc/lv_fs.c:356:13:lv_fs_dir_open	32	static
/home/shiva/shiv_infinitime/src/libs/lvgl/src/lv_misc/lv_fs.c:463:13:lv_fs_free_space	24	static
/home/shiva/shiv_infinitime/src/libs/lvgl/src/lv_misc/lv_fs.c:540:8:lv_fs_get_letters	16	static
/home/shiva/shiv_infinitime/src/libs/lvgl/src/lv_misc/lv_fs.c:560:14:lv_fs_get_ext	8	static
/home/shiva/shiv_infinitime/src/libs/lvgl/src/lv_misc/lv_fs.c:580:8:lv_fs_up	8	static
/home/shiva/shiv_infinitime/src/libs/lvgl/src/lv_misc/lv_fs.c:611:14:lv_fs_get_last	8	static
