/home/shiva/shiv_infinitime/src/libs/lvgl/src/lv_misc/lv_txt.c:537:16:lv_txt_utf8_size	0	static
/home/shiva/shiv_infinitime/src/libs/lvgl/src/lv_misc/lv_txt.c:616:17:lv_txt_utf8_next	24	static
/home/shiva/shiv_infinitime/src/libs/lvgl/src/lv_misc/lv_txt.c:690:17:lv_txt_utf8_prev	32	static
/home/shiva/shiv_infinitime/src/libs/lvgl/src/lv_misc/lv_txt.c:723:17:lv_txt_utf8_get_byte_id	24	static
/home/shiva/shiv_infinitime/src/libs/lvgl/src/lv_misc/lv_txt.c:742:17:lv_txt_utf8_get_char_id	32	static
/home/shiva/shiv_infinitime/src/libs/lvgl/src/lv_misc/lv_txt.c:761:17:lv_txt_utf8_get_length	24	static
/home/shiva/shiv_infinitime/src/libs/lvgl/src/lv_misc/lv_txt.c:555:17:lv_txt_unicode_to_utf8	8	static
/home/shiva/shiv_infinitime/src/libs/lvgl/src/lv_misc/lv_txt.c:588:17:lv_txt_utf8_conv_wc	24	static
/home/shiva/shiv_infinitime/src/libs/lvgl/src/lv_misc/lv_txt.c:400:6:_lv_txt_is_cmd	0	static
/home/shiva/shiv_infinitime/src/libs/lvgl/src/lv_misc/lv_txt.c:355:12:_lv_txt_get_width	56	static
/home/shiva/shiv_infinitime/src/libs/lvgl/src/lv_misc/lv_txt.c:295:10:_lv_txt_get_next_line	104	static
/home/shiva/shiv_infinitime/src/libs/lvgl/src/lv_misc/lv_txt.c:96:6:_lv_txt_get_size	64	static
/home/shiva/shiv_infinitime/src/libs/lvgl/src/lv_misc/lv_txt.c:438:6:_lv_txt_ins	32	static
/home/shiva/shiv_infinitime/src/libs/lvgl/src/lv_misc/lv_txt.c:464:6:_lv_txt_cut	32	static
/home/shiva/shiv_infinitime/src/libs/lvgl/src/lv_misc/lv_txt.c:484:8:_lv_txt_set_text_vfmt	40	static
